--------- beginning of perf
05-12 09:04:52.453  1614  1614 I 100     : Open /system/framework/services.jar took:51ms
05-12 09:05:02.219  2433  2562 I 309     : package:null took:1752 calssname:android.os.Handler callback:com.android.systemui.statusbar.policy.-$$Lambda$k1PbTpG_zEeb84NzDtu0B5A435o@3a6b72b what:0
05-12 09:05:02.627  3056  3056 I 309     : package:null took:1322 calssname:android.app.ActivityThread$H callback:null what:110
05-12 09:05:02.630  2433  2433 I 309     : package:null took:2333 calssname:android.app.ActivityThread$H callback:null what:114
05-12 09:05:08.094  3419  3627 I 309     : package:null took:1370 calssname:android.app.IntentService$ServiceHandler callback:null what:0
05-12 09:05:10.670  3996  3996 I 100     : Open /data/app/~~fIhWsImfYo8jrRL-9xT9tg==/com.google.android.marvin.talkback-PS4d1FfLrmxy0kbnDOdcJA==/base.apk took:71ms
05-12 09:05:10.875  4046  4046 I 100     : Open /system_ext/app/OPDeskClock/OPDeskClock.apk took:52ms
05-12 09:05:11.853  4154  4154 I 100     : Open /data/app/it.copergmps.rt.pf.android.sp.bmps-_WJ2y9_Vbkrmddfkdn8vHQ==/base.apk took:75ms
05-12 09:05:19.587  1614  2002 I 322     : com.android.settings#677#942
05-12 09:05:20.953  4557  4557 I 100     : Open /data/app/~~QlxJttcEE4vqb5w0vf4fsw==/com.google.android.googlequicksearchbox-2MtzA9vfg7G_WcppQPuBcA==/base.apk took:51ms
05-12 09:05:21.297  4730  4730 I 100     : Open /system_ext/app/workloadclassifier/workloadclassifier.apk took:65ms
05-12 09:05:21.504  4776  4776 I 100     : Open /system_ext/priv-app/GoogleServicesFramework/GoogleServicesFramework.apk took:55ms
05-12 09:05:21.627  4842  4842 I 100     : Open /data/app/~~2JPxxSN9EHEeuZFidEoogw==/org.videolan.vlc-8WWD8FVvMqeOzIzAQkiAqg==/base.apk took:143ms
05-12 09:05:21.934  3521  3521 I 309     : package:null took:1118 calssname:android.app.ActivityThread$H callback:null what:114
05-12 09:05:21.961  4582  4582 I 309     : package:null took:1014 calssname:android.app.ActivityThread$H callback:null what:110
05-12 09:05:22.159  3727  3727 I 309     : package:null took:1053 calssname:android.app.ActivityThread$H callback:android.app.-$$Lambda$LoadedApk$ReceiverDispatcher$Args$_BumDX2UKsnxLVrE6UJsJZkotuA@3c7742 what:0
05-12 09:05:22.249  4557  4557 I 309     : package:null took:1370 calssname:android.app.ActivityThread$H callback:null what:110
05-12 09:05:22.293  4476  4476 I 309     : package:null took:1547 calssname:android.app.ActivityThread$H callback:null what:110
05-12 09:05:22.303  4516  4516 I 309     : package:null took:1459 calssname:android.app.ActivityThread$H callback:null what:110
05-12 09:05:22.763  3996  3996 I 309     : package:null took:1873 calssname:android.app.ActivityThread$H callback:null what:145
05-12 09:05:22.796  4872  4872 I 309     : package:null took:1299 calssname:android.app.ActivityThread$H callback:null what:110
05-12 09:05:22.860  4909  4909 I 309     : package:null took:1289 calssname:android.app.ActivityThread$H callback:null what:110
05-12 09:05:22.946  4842  4842 I 309     : package:null took:1480 calssname:android.app.ActivityThread$H callback:null what:110
05-12 09:05:23.249  4591  4591 I 309     : package:null took:2293 calssname:android.app.ActivityThread$H callback:null what:110
05-12 09:05:23.297  5355  5355 I 100     : Open /data/app/~~Qlgx57q51O-OOsO0BKuGtg==/com.oneplus.gamespace-K-0k-ce3BdcWRg_YljRpvQ==/base.apk took:73ms
05-12 09:05:23.485  5050  5131 I 309     : package:null took:1072 calssname:android.os.Handler callback:erz@bc5d959 what:0
05-12 09:05:23.513  4810  4810 I 309     : package:null took:2147 calssname:android.app.ActivityThread$H callback:null what:110
05-12 09:05:23.713  4970  4970 I 309     : package:null took:2045 calssname:android.app.ActivityThread$H callback:null what:110
05-12 09:05:23.775  4540  4803 I 309     : package:null took:1046 calssname:android.os.Handler callback:android.service.storage.-$$Lambda$ExternalStorageService$ExternalStorageServiceWrapper$tdFhGuYAp6crc6-QZ-oDKVYQsTo@7f6f0ad what:0
05-12 09:05:23.815  3930  3930 I 309     : package:null took:2909 calssname:android.app.ActivityThread$H callback:null what:145
05-12 09:05:24.055  5548  5548 I 100     : Open /system/reserve/Weather/Weather.apk took:72ms
05-12 09:05:24.127  1614  2002 I 322     : net.oneplus.launcher#-1#3083
05-12 09:05:24.630  1614  1624 I 101     : #989
05-12 09:05:26.512  6111  6111 I 100     : Open /system_ext/priv-app/SettingsIntelligence/SettingsIntelligence.apk took:123ms
05-12 09:05:26.521  5793  5793 I 309     : package:null took:1473 calssname:android.app.ActivityThread$H callback:null what:110
05-12 09:05:26.865  6171  6171 I 100     : Open /product/app/OPCarrierLocation/OPCarrierLocation.apk took:68ms
05-12 09:05:26.878  6139  6139 I 100     : Open /data/app/~~2sHXMS0afhJfBA0dlLSokg==/com.google.android.apps.tachyon-CiMjxBtRy3pMam3RidbRlQ==/base.apk took:250ms
05-12 09:05:27.207  6209  6209 I 100     : Open /system/app/EngineeringMode/EngineeringMode.apk took:56ms
05-12 09:05:28.328  6209  6209 I 309     : package:null took:1014 calssname:android.app.ActivityThread$H callback:null what:113
05-12 09:05:29.428  6696  6696 I 100     : Open /data/app/~~opbm3CZeae0-vOgECL6IGw==/com.google.android.calendar-kH8gu8q5VwNDfqV8tSimcQ==/base.apk took:55ms
05-12 09:05:29.806  1614  2002 I 322     : com.google.android.gm#67#952
05-12 09:05:30.695  2333  2333 I 101     : #264
05-12 09:05:34.070  2333  6550 I 101     : #270
05-12 09:05:34.451  4810  5309 I 309     : package:null took:10630 calssname:android.os.Handler callback:net.oneplus.launcher.model.LoaderTask@58d3a9e what:0
05-12 09:05:38.737  1614  2002 I 322     : com.whatsapp#69#851
05-12 09:05:40.762  1614  2002 I 322     : com.whatsapp#-1#473
05-12 09:05:42.843  8727  8727 I 100     : Open /data/app/~~YylV8g7f9SG5r_TNB9M3ZA==/com.oneplus.account-FX6yzhv_ZY4qcNQjaQ6XlA==/base.apk took:51ms
05-12 09:05:43.209  8812  8812 I 100     : Open /data/app/~~IimInZsnsyxD8RDslKmhSw==/com.facebook.katana-s_HizEjuum1xokWRgjHNyA==/base.apk took:117ms
05-12 09:05:44.232  9071  9071 I 100     : Open /data/app/~~cF7btred12zTZfghUMY0dw==/com.samsung.android.oneconnect-YVNWaS5zWEIzWIl7FMnKeg==/base.apk took:118ms
05-12 09:05:46.345  9198  9198 I 309     : package:null took:1622 calssname:android.app.ActivityThread$H callback:null what:110
05-12 09:05:46.731  9527  9527 I 100     : Open /data/app/~~dNb8G5v34EvEVAu11NbeIQ==/tv.twitch.android.app-pQxDOQ1xPxaBwirF_x5JDQ==/base.apk took:126ms
05-12 09:05:47.970  9527  9527 I 309     : package:null took:1383 calssname:android.app.ActivityThread$H callback:null what:110
05-12 09:05:48.992  1614  2002 I 322     : com.android.vending#-1#532
05-12 09:05:49.187  9983  9983 I 100     : Open /system_ext/framework/com.android.hotwordenrollment.common.util.jar took:51ms
05-12 09:05:49.538  5793  9904 I 110     : One big frame drop total:397 frameGap:437 delta#0#340#3#210#0#57
05-12 09:05:49.542  5793  9904 I 111     : 3-2
05-12 09:05:49.797  5793  9904 I 110     : One big frame drop total:255 frameGap:255 delta#44#182#3#165#1#73
05-12 09:05:49.797  5793  9904 I 111     : 3-1
05-12 09:05:49.819  5793  9904 I 111     : 3-2
05-12 09:05:49.819  5793  9904 I 111     : 2
05-12 09:05:50.383 10142 10142 I 100     : Open /data/app/~~s5tCTKDvmBFv7IEWXdLfgA==/com.google.android.apps.docs-dRcXoVnXZnH3Ows_mTHNKA==/base.apk took:57ms
05-12 09:05:51.237 10267 10267 I 100     : Open /data/app/~~RDQfRgvfl9ZHbEoCb3E4OQ==/com.google.android.apps.maps-vG9Iuaaley8c-FJ0d_MkmA==/base.apk took:126ms
05-12 09:05:53.319 10502 10502 I 100     : Open /data/app/com.google.android.apps.walletnfcrel-q88utHlNKuuw-E1Q8WhxNw==/base.apk took:57ms
05-12 09:05:54.144 10605 10605 I 100     : Open /data/app/~~lV3lhfuBMpfnw-_ZUpUDWw==/com.google.android.apps.youtube.music-LnGHqlvA30uxwPjJWWZoww==/base.apk took:60ms
05-12 09:05:55.006 10791 10791 I 100     : Open /data/app/~~eYYxe2WtHx6jwj0a_LDHqw==/com.google.android.contacts-zgZ0CZ4uoKBS66v42wWexQ==/base.apk took:53ms
05-12 09:05:56.070  5793  9904 I 110     : One big frame drop total:236 frameGap:829 delta#88#140#7#126#0#6
05-12 09:05:57.031 11018 11018 I 100     : Open /data/app/~~RR4JPsLkYLFO_YYq9HRoSw==/com.google.android.youtube-nDRNafSs5NKQnemZQXDbkg==/base.apk took:72ms
05-12 09:05:57.632  5793  9904 I 110     : One big frame drop total:110 frameGap:117 delta#77#25#2#17#0#7
05-12 09:05:57.952  5793  9904 I 110     : One big frame drop total:308 frameGap:312 delta#0#303#3#296#1#3
05-12 09:05:57.985  5793  9904 I 110     : One big frame drop total:33 frameGap:33 delta#288#37#10#6#0#3
05-12 09:05:57.985  5793  9904 I 111     : 3-1
05-12 09:05:58.098  5793  9904 I 110     : One big frame drop total:66 frameGap:112 delta#44#16#6#4#2#2
05-12 09:05:58.157  5793  9904 I 110     : One big frame drop total:59 frameGap:59 delta#55#11#1#4#0#3
05-12 09:05:58.158  5793  9904 I 111     : 2
05-12 09:05:58.250  5793  9904 I 110     : One big frame drop total:92 frameGap:92 delta#77#14#6#1#0#4
05-12 09:05:58.301  5793  9904 I 110     : One big frame drop total:51 frameGap:51 delta#44#12#6#1#0#1
05-12 09:05:58.425  5793  9904 I 110     : One big frame drop total:123 frameGap:123 delta#33#89#4#38#0#3
05-12 09:05:58.425  5793  9904 I 111     : 3-1
05-12 09:05:58.537  5793  9904 I 110     : One big frame drop total:101 frameGap:101 delta#22#79#5#69#0#3
05-12 09:05:58.577  5793  9904 I 110     : One big frame drop total:40 frameGap:40 delta#88#20#6#4#0#2
05-12 09:05:58.597  5793  9904 I 111     : 3-2
05-12 09:05:58.613  5793  9904 I 111     : 2
05-12 09:05:58.648  5793  9904 I 111     : 4
05-12 09:05:58.714  5793  9904 I 111     : 3-3
05-12 09:05:59.623  5793  9904 I 111     : 2
05-12 09:06:00.359 11278 11278 I 309     : package:null took:1554 calssname:android.app.ActivityThread$H callback:null what:110
05-12 09:06:00.511 11278 11333 I 309     : package:null took:1053 calssname:com.oneplus.base.BaseThread$InternalHandler callback:com.oneplus.gallery2.media.MediaStoreMediaSource$QueryAllMediaStoreContentRunnable@bc6835a what:0
05-12 09:06:01.224  2333  6624 I 110     : One big frame drop total:83 frameGap:358 delta#66#9#3#5#2#5
05-12 09:06:01.592  2333  6624 I 110     : One big frame drop total:96 frameGap:101 delta#0#93#1#91#0#3
05-12 09:06:01.610  2333  6624 I 111     : 3-2
05-12 09:06:01.728 10958 10977 I 101     : #191
05-12 09:06:02.431 11781 11781 I 309     : package:null took:1499 calssname:android.app.ActivityThread$H callback:null what:110
05-12 09:06:02.561 11018 11041 I 101     : #425
05-12 09:06:03.113 11278 11333 I 309     : package:null took:2261 calssname:com.oneplus.base.BaseThread$InternalHandler callback:com.oneplus.gallery2.media.MediaStoreMediaSource$QueryAllMediaStoreContentRunnable@48bf258 what:0
05-12 09:06:04.110  1614  2002 I 322     : com.android.chrome#-1#554
05-12 09:06:05.089 11923 11923 I 309     : package:null took:1891 calssname:android.app.ActivityThread$H callback:null what:110
05-12 09:06:05.885 12053 12053 I 100     : Open /data/app/~~hqYnly5D5NxwqMCICPfKJg==/com.apple.bnd-2HACzmvX3TdoKHVMuS3sFA==/base.apk took:58ms
05-12 09:06:06.784 11278 11333 I 309     : package:null took:3656 calssname:com.oneplus.base.BaseThread$InternalHandler callback:com.oneplus.gallery2.media.MediaStoreMediaSource$QueryAllMediaStoreContentRunnable@8b05db1 what:0
05-12 09:06:07.934 12083 12083 I 309     : package:null took:1491 calssname:android.app.ActivityThread$H callback:null what:110
05-12 09:06:08.091  7051 11981 I 110     : One big frame drop total:123 frameGap:678 delta#111#7#7#0#0#5
05-12 09:06:09.290 11278 11333 I 309     : package:null took:2482 calssname:com.oneplus.base.BaseThread$InternalHandler callback:com.oneplus.gallery2.media.MediaStoreMediaSource$QueryAllMediaStoreContentRunnable@6889896 what:0
05-12 09:06:11.001 11278 11333 I 309     : package:null took:1682 calssname:com.oneplus.base.BaseThread$InternalHandler callback:com.oneplus.gallery2.media.MediaStoreMediaSource$QueryAllMediaStoreContentRunnable@134ba17 what:0
05-12 09:06:11.284 12435 12435 I 309     : package:null took:1601 calssname:android.app.ActivityThread$H callback:null what:110
05-12 09:06:13.532 12834 12834 I 309     : package:null took:1710 calssname:android.app.ActivityThread$H callback:null what:110
05-12 09:06:13.806 13070 13070 I 100     : Open /data/app/~~xQUI0gHbIyti_avpYCIY_g==/com.ebay.mobile-b626Ium9NH7ejVlqDroJrA==/base.apk took:159ms
05-12 09:06:15.077 13070 13070 I 309     : package:null took:1457 calssname:android.app.ActivityThread$H callback:null what:110
05-12 09:06:15.721 13196 13196 I 100     : Open /data/app/~~aL078c43pSf7hWd33xY2sw==/com.etsy.android-ctAeb5ZJkvsHSxZi-CCjLA==/base.apk took:80ms
05-12 09:06:15.916 13070 13124 I 101     : #295
05-12 09:06:16.875 13196 13196 I 309     : package:null took:1286 calssname:android.app.ActivityThread$H callback:null what:110
05-12 09:06:17.380  1614  2002 I 322     : com.whatsapp#-1#273
05-12 09:06:20.114 13683 13683 I 100     : Open /data/app/~~NdoIjiDPONB3r5-1rxdXNg==/com.hp.printercontrol-wOXGJ0QZpOAcOW7kShWm5A==/base.apk took:68ms
05-12 09:06:21.185 13683 13683 I 309     : package:null took:1252 calssname:android.app.ActivityThread$H callback:null what:110
05-12 09:06:22.863 13864 13864 I 309     : package:null took:1576 calssname:android.app.ActivityThread$H callback:null what:110
05-12 09:06:25.029 14550 14550 I 100     : Open /data/app/~~juO_7H79jcNU9D0Vb98O2g==/com.microsoft.office.outlook-QRsThnGSzfiFJ1P3nbM22g==/base.apk took:53ms
05-12 09:06:26.107 14550 14550 I 309     : package:null took:1149 calssname:android.app.ActivityThread$H callback:null what:110
05-12 09:06:27.746 14709 14709 I 309     : package:null took:1556 calssname:android.app.ActivityThread$H callback:null what:110
05-12 09:06:28.007 14881 14881 I 100     : Open /data/app/~~FE5a9ioHbNZTYoI_d_TIvw==/com.microsoft.teams-_Ls1qnixtEpMB8b--kZNaw==/base.apk took:128ms
05-12 09:06:30.248 14550 14573 I 101     : #172
05-12 09:06:30.314  5793  9904 I 110     : One big frame drop total:214 frameGap:221 delta#0#188#0#176#0#25
05-12 09:06:30.318  5793  9904 I 111     : 3-2
05-12 09:06:30.353  5793  9904 I 111     : 2
05-12 09:06:30.810 15226 15226 I 309     : package:null took:1089 calssname:android.app.ActivityThread$H callback:null what:110
05-12 09:06:30.995 15405 15405 I 100     : Open /data/app/~~Jh5Splcx1EdokCCP-zpOqw==/com.twitter.android-KhaCU3IXY1mzCRttT1EZ1A==/base.apk took:84ms
05-12 09:06:31.880  1614  2002 I 322     : org.telegram.messenger#60#828
05-12 09:06:34.233  1614  2002 I 322     : com.google.android.permissioncontroller#-1#183
05-12 09:06:35.310 15727 15727 I 309     : package:null took:3004 calssname:android.app.ActivityThread$H callback:null what:110
05-12 09:06:36.526 15850 15850 I 309     : package:null took:1161 calssname:android.app.ActivityThread$H callback:null what:110
05-12 09:06:37.926  1614  2002 I 322     : com.google.android.permissioncontroller#-1#90
05-12 09:06:38.110 15998 15998 I 309     : package:null took:1209 calssname:android.app.ActivityThread$H callback:null what:110
05-12 09:06:42.162 16208 16208 I 100     : Open /data/user_de/0/com.google.android.gms/app_chimera/m/00000038/dl-MapsCoreDynamite.integ_221110601100400.apk took:98ms
05-12 09:06:42.314 16208 16208 I 309     : package:null took:3392 calssname:android.app.ActivityThread$H callback:null what:110
05-12 09:06:42.425 16208 16340 I 309     : package:null took:2694 calssname:android.os.Handler callback:t60@bb7fc03 what:0
05-12 09:06:44.410 16624 16624 I 100     : Open /data/app/~~VT9wpnKPfPV2zLl6wtF3Rg==/com.oneplus.gallery-eo03ApKJdfNsMRfNW_4QJQ==/base.apk took:136ms
05-12 09:06:44.489 16208 16230 I 101     : #437
05-12 09:06:44.825 16665 16665 I 100     : Open /data/app/~~VT9wpnKPfPV2zLl6wtF3Rg==/com.oneplus.gallery-eo03ApKJdfNsMRfNW_4QJQ==/base.apk took:91ms
05-12 09:06:45.395 16574 16574 I 309     : package:null took:1540 calssname:android.app.ActivityThread$H callback:null what:110
05-12 09:06:46.887 16748 16748 I 309     : package:null took:1165 calssname:android.app.ActivityThread$H callback:null what:110
05-12 09:06:53.890  2433  3148 I 110     : One big frame drop total:193 frameGap:202 delta#77#107#22#82#1#7
05-12 09:06:53.893  2433  3148 I 111     : 3-2
05-12 09:06:54.096  2433  3148 I 110     : One big frame drop total:143 frameGap:144 delta#88#52#10#24#0#1
05-12 09:06:54.101  2433  3148 I 111     : 3-2
05-12 09:06:54.536  2433  3148 I 111     : 3-3
05-12 09:06:54.947 17658 17658 I 100     : Open /data/app/~~RDQfRgvfl9ZHbEoCb3E4OQ==/com.google.android.apps.maps-vG9Iuaaley8c-FJ0d_MkmA==/base.apk took:52ms
05-12 09:06:55.133  2433  3148 I 110     : One big frame drop total:92 frameGap:597 delta#77#11#2#9#0#2
05-12 09:06:55.216  2433  3148 I 110     : One big frame drop total:82 frameGap:82 delta#55#26#9#16#0#4
05-12 09:06:55.337  9745 15518 I 309     : package:null took:1739 calssname:org.telegram.messenger.DispatchQueue$1 callback:org.telegram.ui.ActionBar.Theme$PatternsLoader$$ExternalSyntheticLambda2@b281656 what:0
05-12 09:06:55.805 17809 17809 I 100     : Open /data/app/~~2sHXMS0afhJfBA0dlLSokg==/com.google.android.apps.tachyon-CiMjxBtRy3pMam3RidbRlQ==/base.apk took:58ms
05-12 09:06:55.953  9745 15493 I 111     : 2
05-12 09:06:56.599  2433  3148 I 110     : One big frame drop total:104 frameGap:109 delta#88#13#3#9#0#2
05-12 09:06:57.102 17924 17924 I 100     : Open /data/app/com.google.android.apps.walletnfcrel-q88utHlNKuuw-E1Q8WhxNw==/base.apk took:68ms
05-12 09:06:57.176  2433  3148 I 110     : One big frame drop total:93 frameGap:529 delta#66#23#5#17#0#2
05-12 09:06:57.262  2433  3148 I 110     : One big frame drop total:86 frameGap:86 delta#66#31#8#22#0#2
05-12 09:06:57.588  9745 15518 I 309     : package:null took:2250 calssname:org.telegram.messenger.DispatchQueue$1 callback:org.telegram.ui.ActionBar.Theme$PatternsLoader$$ExternalSyntheticLambda2@8a88a14 what:0
05-12 09:06:59.165  9745 15518 I 309     : package:null took:1577 calssname:org.telegram.messenger.DispatchQueue$1 callback:org.telegram.ui.ActionBar.Theme$PatternsLoader$$ExternalSyntheticLambda2@4e07996 what:0
05-12 09:06:59.414 18170 18170 I 100     : Open /data/app/~~RR4JPsLkYLFO_YYq9HRoSw==/com.google.android.youtube-nDRNafSs5NKQnemZQXDbkg==/base.apk took:63ms
05-12 09:07:00.601  9745 15518 I 309     : package:null took:1436 calssname:org.telegram.messenger.DispatchQueue$1 callback:org.telegram.ui.ActionBar.Theme$PatternsLoader$$ExternalSyntheticLambda2@9d78da6 what:0
05-12 09:07:01.568 18468 18468 I 100     : Open /data/app/~~Jh5Splcx1EdokCCP-zpOqw==/com.twitter.android-KhaCU3IXY1mzCRttT1EZ1A==/base.apk took:55ms
05-12 09:07:02.538  9745 15518 I 309     : package:null took:1142 calssname:org.telegram.messenger.DispatchQueue$1 callback:org.telegram.ui.ActionBar.Theme$PatternsLoader$$ExternalSyntheticLambda2@c7c6c54 what:0
05-12 09:07:04.320  9745 15518 I 309     : package:null took:1782 calssname:org.telegram.messenger.DispatchQueue$1 callback:org.telegram.ui.ActionBar.Theme$PatternsLoader$$ExternalSyntheticLambda2@6208d14 what:0
05-12 09:07:05.698  9745 15518 I 309     : package:null took:1060 calssname:org.telegram.messenger.DispatchQueue$1 callback:org.telegram.ui.ActionBar.Theme$PatternsLoader$$ExternalSyntheticLambda2@a948cc2 what:0
05-12 09:07:06.946  9745 15518 I 309     : package:null took:1249 calssname:org.telegram.messenger.DispatchQueue$1 callback:org.telegram.ui.ActionBar.Theme$PatternsLoader$$ExternalSyntheticLambda2@3a0311e what:0
05-12 09:07:08.821  9745 15518 I 309     : package:null took:1002 calssname:org.telegram.messenger.DispatchQueue$1 callback:org.telegram.ui.ActionBar.Theme$PatternsLoader$$ExternalSyntheticLambda2@d5ad8b6 what:0
05-12 09:07:10.972  9745 15518 I 309     : package:null took:1400 calssname:org.telegram.messenger.DispatchQueue$1 callback:org.telegram.ui.ActionBar.Theme$PatternsLoader$$ExternalSyntheticLambda2@6517c50 what:0
05-12 09:08:04.502 18857 18857 I 309     : package:null took:1265 calssname:android.app.ActivityThread$H callback:null what:110
05-12 09:08:11.490  1614  2002 I 322     : com.whatsapp#-1#196
05-12 09:08:12.933  1614  2002 I 322     : com.whatsapp#-1#282
05-12 09:08:13.233  2334  8055 I 110     : One big frame drop total:239 frameGap:239 delta#22#241#0#240#0#1
05-12 09:08:13.233  2334  8055 I 111     : 3-1
05-12 09:08:13.611  2334  8055 I 110     : One big frame drop total:311 frameGap:320 delta#0#308#0#0#0#2
05-12 09:08:57.274  2433  3148 I 111     : 2
05-12 09:08:57.459  2433  3148 I 111     : 2
05-12 09:08:57.692  2433  3148 I 111     : 4
05-12 09:09:20.770  2334 13181 I 101     : #156
05-12 09:09:29.126 19917 19917 I 100     : Open /data/app/~~Umsmjs0CnAByMwMudS2WYg==/com.amazon.mShop.android.shopping-AjMyshmJdziH2Wi2iM4HAw==/base.apk took:109ms
05-12 09:09:30.770 19829 19853 I 309     : package:null took:1171 calssname:com.oneplus.base.BaseThread$InternalHandler callback:com.oneplus.gallery2.media.MediaStoreMediaSource$QueryAllMediaStoreContentRunnable@bd0b3b what:0
05-12 09:09:31.156 20527 20527 I 100     : Open /data/app/~~xQUI0gHbIyti_avpYCIY_g==/com.ebay.mobile-b626Ium9NH7ejVlqDroJrA==/base.apk took:303ms
05-12 09:09:31.958 20527 20527 I 309     : package:null took:1113 calssname:android.app.ActivityThread$H callback:null what:110
05-12 09:09:32.796 19829 19853 I 309     : package:null took:2012 calssname:com.oneplus.base.BaseThread$InternalHandler callback:com.oneplus.gallery2.media.MediaStoreMediaSource$QueryAllMediaStoreContentRunnable@2f71858 what:0
05-12 09:09:34.597 19829 19853 I 309     : package:null took:1788 calssname:com.oneplus.base.BaseThread$InternalHandler callback:com.oneplus.gallery2.media.MediaStoreMediaSource$QueryAllMediaStoreContentRunnable@cd38bb1 what:0
05-12 09:09:34.960 21191 21191 I 100     : Open /data/app/~~FE5a9ioHbNZTYoI_d_TIvw==/com.microsoft.teams-_Ls1qnixtEpMB8b--kZNaw==/base.apk took:58ms
05-12 09:09:35.901 19829 19853 I 309     : package:null took:1292 calssname:com.oneplus.base.BaseThread$InternalHandler callback:com.oneplus.gallery2.media.MediaStoreMediaSource$QueryAllMediaStoreContentRunnable@9b72e96 what:0
05-12 09:09:37.211 21562 21562 I 309     : package:null took:1235 calssname:android.app.ActivityThread$H callback:null what:110
05-12 09:09:38.933 20808 20827 I 101     : #204
05-12 09:09:41.807 21084 21114 I 101     : #292
05-12 09:09:44.983 21562 21582 I 101     : #153
05-12 09:14:59.641  1614  2009 I 300     : 312
05-12 09:14:59.737 21876 21876 I 100     : Open /system/reserve/OnePlusPods/OnePlusPods.apk took:91ms
05-12 09:15:04.105 22058 22058 I 309     : package:null took:1376 calssname:android.app.ActivityThread$H callback:null what:110
05-12 09:15:15.370  9746  9746 I 309     : package:null took:1118 calssname:android.app.ActivityThread$H callback:null what:159
05-12 09:15:15.433 22396 22681 I 101     : #258
05-12 09:15:15.463  1614  2002 I 322     : com.supercell.brawlstars#93#1442
05-12 09:15:15.588 22712 22712 I 100     : Open /data/app/~~QTDM08rZCrnGDQffGMHhVA==/com.google.android.apps.wellbeing-4tvc8iYeuRYprf15Gl47Ew==/base.apk took:53ms
05-12 09:15:16.469  2433  3148 I 110     : One big frame drop total:4 frameGap:4 delta#0#167#0#167#0#2
05-12 09:15:18.302  1614  2002 I 322     : com.android.vending#-1#266
05-12 09:15:18.408  2334  8154 I 101     : #346
05-12 09:15:18.432 22396 22435 I 101     : #230
05-12 09:15:18.525 22414 22434 I 101     : #335
05-12 09:15:26.377  4810  5462 I 110     : One big frame drop total:122 frameGap:286 delta#111#6#5#0#0#4
05-12 09:15:26.461  4810  5462 I 110     : One big frame drop total:83 frameGap:83 delta#66#11#9#1#0#6
05-12 09:15:28.787  1614  2002 I 322     : com.whatsapp#-1#223
05-12 09:15:30.055  1614  2002 I 322     : com.whatsapp#-1#538
05-12 09:16:13.727 23325 23325 I 100     : Open /data/app/~~Umsmjs0CnAByMwMudS2WYg==/com.amazon.mShop.android.shopping-AjMyshmJdziH2Wi2iM4HAw==/base.apk took:82ms
05-12 09:16:14.671 23308 23308 I 309     : package:null took:1061 calssname:android.app.ActivityThread$H callback:null what:110
05-12 09:16:16.199  1614  2002 I 322     : com.supercell.brawlstars#69#990
05-12 09:16:18.695  2334  7954 I 101     : #167
05-12 09:31:37.857  4526  4526 I 309     : package:null took:1167 calssname:android.app.ActivityThread$H callback:null what:110
05-12 09:35:54.178  1614  2423 I 300     : 87
05-12 09:42:28.261  1614  2009 I 300     : 367
05-12 09:44:08.055  1614  2009 I 300     : 357
05-12 09:45:18.304  1614  2009 I 300     : 357
05-12 09:45:24.827  5436  5436 I 100     : Open /system/reserve/OPNote/OPNote.apk took:59ms
05-12 09:45:24.902  5490  5490 I 100     : Open /data/app/~~YylV8g7f9SG5r_TNB9M3ZA==/com.oneplus.account-FX6yzhv_ZY4qcNQjaQ6XlA==/base.apk took:69ms
05-12 09:45:24.925  5446  5446 I 100     : Open /data/app/~~FWmmoUEWgFLpKXPzvEFY4Q==/com.google.android.projection.gearhead-M0x2HKpKcQxhp07xMTda5Q==/base.apk took:88ms
05-12 09:45:24.931  5528  5528 I 100     : Open /data/app/~~s5tCTKDvmBFv7IEWXdLfgA==/com.google.android.apps.docs-dRcXoVnXZnH3Ows_mTHNKA==/base.apk took:67ms
05-12 09:45:25.019  5557  5557 I 100     : Open /data/app/~~ytpfcTzesWqmGtmmGJZteQ==/com.google.android.dialer-rC-uTvgDkXTmSwyuMetIrA==/base.apk took:55ms
05-12 09:45:25.555  5708  5708 I 100     : Open /data/app/~~2sHXMS0afhJfBA0dlLSokg==/com.google.android.apps.tachyon-CiMjxBtRy3pMam3RidbRlQ==/base.apk took:55ms
05-12 09:45:26.588  5908  5908 I 100     : Open /data/app/~~RDQfRgvfl9ZHbEoCb3E4OQ==/com.google.android.apps.maps-vG9Iuaaley8c-FJ0d_MkmA==/base.apk took:136ms
05-12 09:45:29.148  6345  6345 I 100     : Open /data/app/~~xQUI0gHbIyti_avpYCIY_g==/com.ebay.mobile-b626Ium9NH7ejVlqDroJrA==/base.apk took:257ms
05-12 09:45:29.536  6502  6502 I 100     : Open /data/app/~~NdoIjiDPONB3r5-1rxdXNg==/com.hp.printercontrol-wOXGJ0QZpOAcOW7kShWm5A==/base.apk took:76ms
05-12 09:45:29.864  6685  6685 I 100     : Open /data/app/~~Vkxi21FlBLX0CGA2HB1gLA==/com.linkedin.android-yc4RiOWzveWJD_zZSzLI_w==/base.apk took:65ms
05-12 09:45:30.478  6345  6345 I 309     : package:null took:1612 calssname:android.app.ActivityThread$H callback:null what:110
05-12 09:45:30.564  6502  6502 I 309     : package:null took:1194 calssname:android.app.ActivityThread$H callback:null what:110
05-12 09:45:30.797  5708  5745 I 101     : #224
05-12 09:45:31.390  6345  7027 I 100     : Open /data/user_de/0/com.google.android.gms/app_chimera/m/0000003f/CronetDynamite.apk took:83ms
05-12 09:45:31.758  6345  6639 I 100     : Open /system/framework/com.android.location.provider.jar took:129ms
05-12 09:45:32.575  7057  7057 I 309     : package:null took:1202 calssname:android.app.ActivityThread$H callback:null what:110
05-12 09:45:32.605  6055  6095 I 101     : #219
05-12 09:45:33.816  7575  7575 I 100     : Open /data/app/~~Jh5Splcx1EdokCCP-zpOqw==/com.twitter.android-KhaCU3IXY1mzCRttT1EZ1A==/base.apk took:65ms
05-12 09:45:35.807  7864  8158 I 100     : Open /data/app/~~6euh25UabuHU56fswJbiCA==/com.google.android.gms-7fEmL8dqLu6OsCNwvgKAhQ==/base.apk took:52ms
05-12 09:45:36.914  8347  8347 I 100     : Open /data/app/~~QTDM08rZCrnGDQffGMHhVA==/com.google.android.apps.wellbeing-4tvc8iYeuRYprf15Gl47Ew==/base.apk took:74ms
05-12 09:45:37.001  8396  8396 I 100     : Open /data/app/~~tkGPPdxDXsUVNuet9PmVEA==/com.atlassian.android.jira.core-nJnpTPVBKRyH3xvwJVPTKg==/base.apk took:51ms
05-12 09:45:37.092  8421  8421 I 100     : Open /data/app/~~CgLGqkqqV4JToR-O5GP0Yw==/com.atlasvpn.free.android.proxy.secure-D59kAivkUiJWIPy05bRLRg==/base.apk took:51ms
05-12 09:46:35.375  1614  2009 I 300     : 377
05-12 09:46:39.172  2433  3148 I 110     : One big frame drop total:130 frameGap:135 delta#111#16#5#10#0#2
05-12 09:46:40.364  9324  9324 I 309     : package:null took:1178 calssname:android.app.ActivityThread$H callback:null what:110
05-12 09:46:40.418  9300  9300 I 309     : package:null took:1244 calssname:android.app.ActivityThread$H callback:null what:110
05-12 09:46:45.094  1614  2002 I 322     : com.whatsapp#-1#229
05-12 09:46:47.052  1614  2002 I 322     : com.whatsapp#-1#283
05-12 09:47:51.088  1614  2002 I 322     : com.whatsapp#-1#183
05-12 09:48:17.527  2333  6550 I 101     : #359
05-12 09:50:38.134 10535 10535 I 100     : Open /data/app/~~IimInZsnsyxD8RDslKmhSw==/com.facebook.katana-s_HizEjuum1xokWRgjHNyA==/base.apk took:56ms
05-12 09:50:38.987 10462 10462 I 309     : package:null took:1876 calssname:android.app.ActivityThread$H callback:null what:110
05-12 09:54:25.192  1614  2009 I 300     : 329
05-12 09:54:31.192 10968 10968 I 100     : Open /data/app/~~Umsmjs0CnAByMwMudS2WYg==/com.amazon.mShop.android.shopping-AjMyshmJdziH2Wi2iM4HAw==/base.apk took:86ms
05-12 09:54:33.549  1614  2002 I 322     : com.whatsapp#-1#225
05-12 09:54:47.628  2433  3148 I 111     : 3-3
05-12 10:00:44.661 11753 11753 I 100     : Open /data/app/~~FE5a9ioHbNZTYoI_d_TIvw==/com.microsoft.teams-_Ls1qnixtEpMB8b--kZNaw==/base.apk took:97ms
05-12 10:00:45.286 11971 11971 I 100     : Open /data/app/~~xQUI0gHbIyti_avpYCIY_g==/com.ebay.mobile-b626Ium9NH7ejVlqDroJrA==/base.apk took:155ms
05-12 10:00:47.204 11775 11807 I 309     : package:null took:1314 calssname:com.oneplus.base.BaseThread$InternalHandler callback:com.oneplus.gallery2.media.MediaStoreMediaSource$QueryAllMediaStoreContentRunnable@9fbac64 what:0
05-12 10:00:49.580 11775 11807 I 309     : package:null took:2366 calssname:com.oneplus.base.BaseThread$InternalHandler callback:com.oneplus.gallery2.media.MediaStoreMediaSource$QueryAllMediaStoreContentRunnable@15e1ccd what:0
05-12 10:00:52.145 11775 11807 I 309     : package:null took:2538 calssname:com.oneplus.base.BaseThread$InternalHandler callback:com.oneplus.gallery2.media.MediaStoreMediaSource$QueryAllMediaStoreContentRunnable@8ebdf82 what:0
05-12 10:00:53.698 11775 11807 I 309     : package:null took:1531 calssname:com.oneplus.base.BaseThread$InternalHandler callback:com.oneplus.gallery2.media.MediaStoreMediaSource$QueryAllMediaStoreContentRunnable@914b493 what:0
05-12 10:05:43.723 12700 12700 I 309     : package:null took:1136 calssname:android.app.ActivityThread$H callback:null what:110
05-12 10:05:43.789 12679 12679 I 309     : package:null took:1222 calssname:android.app.ActivityThread$H callback:null what:110
05-12 10:05:59.525 11775 12310 I 309     : package:null took:3448 calssname:com.oneplus.gallery2.contentdetection.BaseDetectorClient$1 callback:null what:10020
05-12 10:06:05.676 11775 12309 I 309     : package:null took:9603 calssname:com.oneplus.gallery2.contentdetection.BaseDetectorClient$1 callback:null what:10020
05-12 10:15:51.510 13619 13619 I 100     : Open /data/app/~~Jh5Splcx1EdokCCP-zpOqw==/com.twitter.android-KhaCU3IXY1mzCRttT1EZ1A==/base.apk took:83ms
05-12 10:16:33.574 14460 14460 I 309     : package:null took:1399 calssname:android.app.ActivityThread$H callback:null what:110
05-12 10:18:26.744  1614  2009 I 300     : 417
05-12 10:18:28.241  1614  2009 I 300     : 440
05-12 10:18:29.058  2433  2481 I 101     : #163
05-12 10:18:29.481  2433  3148 I 110     : One big frame drop total:103 frameGap:103 delta#88#30#3#26#0#9
05-12 10:18:29.613 15477 15477 I 100     : Open /data/app/~~Umsmjs0CnAByMwMudS2WYg==/com.amazon.mShop.android.shopping-AjMyshmJdziH2Wi2iM4HAw==/base.apk took:203ms
05-12 10:18:32.927  7051 11981 I 111     : 2
05-12 10:18:32.971  7051 11981 I 111     : 2
05-12 10:18:33.019  7051 11981 I 111     : 2
05-12 10:18:33.064  7051 11981 I 111     : 2
05-12 10:18:33.132  7051 11981 I 110     : One big frame drop total:68 frameGap:68 delta#0#64#0#52#0#3
05-12 10:18:33.132  7051 11981 I 111     : 3-1
05-12 10:18:33.187  7051 11981 I 111     : 4
05-12 10:19:12.747  7051 11981 I 110     : One big frame drop total:86 frameGap:90 delta#0#81#2#68#0#3
05-12 10:20:01.603 13703 13741 I 101     : #386
05-12 10:20:04.476 17017 17017 I 309     : package:null took:2500 calssname:android.app.ActivityThread$H callback:null what:110
05-12 10:20:05.025 17017 17129 I 101     : #248
05-12 10:20:21.212  2433  3148 I 110     : One big frame drop total:83 frameGap:156 delta#55#9#8#1#0#18
05-12 10:20:22.222  9752  9752 I 309     : package:null took:1121 calssname:android.app.ActivityThread$H callback:null what:110
05-12 10:20:22.562  1614  2002 I 322     : mega.privacy.android.app#104#1588
05-12 10:20:24.459  1614  2002 I 322     : mega.privacy.android.app#-1#249
05-12 10:20:27.924  1614  2002 I 322     : mega.privacy.android.app#-1#344
05-12 10:20:28.678  9752 17392 I 110     : One big frame drop total:182 frameGap:711 delta#0#179#0#177#0#2
05-12 10:20:30.105  1614  2002 I 322     : mega.privacy.android.app#-1#135
05-12 10:20:36.514  1614  2002 I 322     : mega.privacy.android.app#-1#113
05-12 10:20:44.041  2333  6550 I 101     : #180
05-12 10:20:45.525  9752 17392 I 111     : 3-3
05-12 10:21:07.432  1614  2002 I 322     : mega.privacy.android.app#-1#340
05-12 10:21:09.587  1614  2002 I 322     : mega.privacy.android.app#-1#89
05-12 10:21:19.451 18155 18208 I 100     : Open /data/user_de/0/com.google.android.gms/app_chimera/m/00000040/DynamiteLoader.apk took:51ms
05-12 10:21:29.568 18358 18358 I 100     : Open /data/app/~~QlxJttcEE4vqb5w0vf4fsw==/com.google.android.googlequicksearchbox-2MtzA9vfg7G_WcppQPuBcA==/base.apk took:57ms
05-12 10:21:30.562 18298 18386 I 100     : Open /data/user_de/0/com.google.android.gms/app_chimera/m/00000019/dl-Enpromo.integ_214106000100000.apk took:93ms
05-12 10:21:31.169 18358 18358 I 309     : package:null took:1720 calssname:android.app.ActivityThread$H callback:null what:110
05-12 10:21:49.624 18838 18838 I 100     : Open /data/app/~~cavKBdmZyXmlhUDRZT8U4g==/com.google.android.contacts-U-DgfZgdQ-zlwxdzQKRv8A==/base.apk took:51ms
05-12 10:22:43.224  1614  2002 I 322     : mega.privacy.android.app#74#787
05-12 10:22:49.203  1614  2002 I 322     : mega.privacy.android.app#-1#155
05-12 10:22:53.687  1614  2002 I 322     : mega.privacy.android.app#-1#87
05-12 10:22:56.504  9758 19472 I 111     : 3-3
05-12 10:22:56.913  9758 19472 I 111     : 3-3
05-12 10:22:59.346  9758 19472 I 111     : 3-3
05-12 10:22:59.874  9758 19472 I 111     : 3-3
05-12 10:23:00.413  9758 19472 I 111     : 3-3
05-12 10:23:01.124  9758 19472 I 111     : 3-3
05-12 10:23:02.468  9758 19472 I 111     : 3-3
05-12 10:23:04.558  1614  2002 I 322     : mega.privacy.android.app#-1#96
05-12 10:23:09.769  1614  2002 I 322     : mega.privacy.android.app#-1#88
05-12 10:23:12.466  9758 19472 I 111     : 3-3
05-12 10:23:14.119  1614  2002 I 322     : mega.privacy.android.app#-1#127
05-12 10:23:19.081  9758 19472 I 111     : 4
05-12 10:23:43.949  1614  2002 I 322     : mega.privacy.android.app#-1#90
05-12 10:23:45.093  1614  2002 I 322     : mega.privacy.android.app#-1#102
05-12 10:24:16.298  1614  2002 I 322     : mega.privacy.android.app#-1#311
05-12 10:24:18.129  1614  2002 I 322     : mega.privacy.android.app#-1#91
05-12 10:24:21.765  1614  2002 I 322     : mega.privacy.android.app#-1#91
05-12 10:24:25.936  9758 19472 I 111     : 3-3
05-12 10:24:26.553  9758 19472 I 111     : 3-3
05-12 10:24:27.553  9758 19472 I 111     : 3-3
05-12 10:24:29.740  1614  2002 I 322     : mega.privacy.android.app#-1#89
05-12 10:24:32.178  9758 19472 I 111     : 3-3
05-12 10:24:34.039  1614  2002 I 322     : mega.privacy.android.app#-1#101
05-12 10:24:36.230  9758 19472 I 111     : 3-3
05-12 10:24:37.094  9758 19472 I 111     : 2
05-12 10:24:37.222  9758 19472 I 111     : 3-3
05-12 10:24:42.480  1614  2002 I 322     : mega.privacy.android.app#-1#96
05-12 10:24:57.547  1614  2002 I 322     : mega.privacy.android.app#-1#343
05-12 10:25:00.976  1614  2002 I 322     : mega.privacy.android.app#-1#109
05-12 10:25:14.302  9758 19472 I 111     : 3-3
05-12 10:25:14.508  9758 19472 I 111     : 2
05-12 10:25:14.786  9758 19472 I 111     : 3-3
05-12 10:25:14.819  9758 19472 I 111     : 2
05-12 10:25:14.887  9758 19472 I 111     : 4
05-12 10:26:25.438 20683 20683 I 100     : Open /data/app/~~BcR_m9J1J2lqW9XPhgcXWA==/com.google.android.gm-pEmm2YKEA1bY5JjRHgeDQg==/base.apk took:84ms
05-12 10:26:26.265 18358 20724 I 110     : One big frame drop total:164 frameGap:281 delta#0#163#0#162#0#1
05-12 10:26:26.339 18358 20724 I 110     : One big frame drop total:5 frameGap:74 delta#0#4#0#3#0#0
05-12 10:26:42.855  1614  2002 I 322     : mega.privacy.android.app#-1#313
05-12 10:26:45.571  9758 19472 I 111     : 2
05-12 10:26:50.616  1614  2002 I 322     : mega.privacy.android.app#-1#110
05-12 10:27:08.973 21107 21107 I 309     : package:null took:1133 calssname:android.app.ActivityThread$H callback:null what:110
05-12 10:27:58.630  1614  2002 I 322     : mega.privacy.android.app#-1#296
05-12 10:28:04.585  1614  2002 I 322     : mega.privacy.android.app#-1#91
05-12 10:28:12.819  1614  2002 I 322     : mega.privacy.android.app#-1#94
05-12 10:28:15.298  9758 19472 I 110     : One big frame drop total:106 frameGap:459 delta#0#103#1#96#1#2
05-12 10:28:16.323  1614  2002 I 322     : mega.privacy.android.app#-1#122
05-12 10:28:48.530  1614  2002 I 322     : mega.privacy.android.app#-1#347
05-12 10:28:50.919  1614  2002 I 322     : mega.privacy.android.app#-1#84
05-12 10:28:53.004  9758 19472 I 111     : 3-3
05-12 10:28:53.182  9758 19472 I 111     : 4
05-12 10:28:54.066  9758 19472 I 111     : 4
05-12 10:28:54.127  9758 19472 I 111     : 3-3
05-12 10:28:54.376  9758 19472 I 111     : 4
05-12 10:28:54.564  9758 19472 I 111     : 3-3
05-12 10:28:54.755  9758 19472 I 111     : 2
05-12 10:28:54.928  9758 19472 I 111     : 2
05-12 10:28:55.044  9758 19472 I 111     : 4
05-12 10:28:55.086  9758 19472 I 111     : 2
05-12 10:28:55.158  9758 19472 I 111     : 3-3
05-12 10:28:55.623  9758 19472 I 111     : 2
05-12 10:28:55.647  9758 19472 I 111     : 4
05-12 10:28:55.682  9758 19472 I 111     : 3-3
05-12 10:28:55.705  9758 19472 I 111     : 2
05-12 10:28:55.944  9758 19472 I 111     : 2
05-12 10:28:56.017  9758 19472 I 111     : 4
05-12 10:28:56.096  9758 19472 I 111     : 3-3
05-12 10:29:29.007  1614  2002 I 322     : mega.privacy.android.app#-1#326
05-12 10:29:31.805  1614  2002 I 322     : mega.privacy.android.app#-1#95
05-12 10:29:42.590  1614  2002 I 322     : mega.privacy.android.app#-1#94
05-12 10:30:00.830  9760  9760 I 100     : Open /data/app/~~FE5a9ioHbNZTYoI_d_TIvw==/com.microsoft.teams-_Ls1qnixtEpMB8b--kZNaw==/base.apk took:120ms
05-12 10:30:36.366  1614  2002 I 322     : mega.privacy.android.app#-1#322
05-12 10:30:39.875  1614  2002 I 322     : mega.privacy.android.app#-1#109
05-12 10:32:40.443  9762  9762 I 309     : package:null took:1538 calssname:android.app.ActivityThread$H callback:null what:110
05-12 10:33:29.769  2433  3148 I 110     : One big frame drop total:84 frameGap:88 delta#0#80#0#28#0#3
05-12 10:33:30.754  9762  9762 I 309     : package:null took:1013 calssname:android.app.ActivityThread$H callback:null what:159
05-12 10:33:30.846  1614  2002 I 322     : com.discord#-1#1140
05-12 10:33:32.005  9762 22454 I 110     : One big frame drop total:83 frameGap:83 delta#0#3#3#0#0#83
05-12 10:33:34.900  9762 22454 I 110     : One big frame drop total:83 frameGap:94 delta#0#18#1#10#0#64
05-12 10:33:34.913  9762 22454 I 111     : 3-2
05-12 10:33:36.730  9762 22454 I 110     : One big frame drop total:92 frameGap:99 delta#0#90#1#9#0#1
05-12 10:33:36.970  9762 22454 I 111     : 3-3
05-12 10:34:46.776  1614  2009 I 300     : 65
05-12 10:34:51.727  1614  2002 I 322     : com.microsoft.teams#-1#182
05-12 10:34:52.091  1614  2002 I 322     : com.microsoft.teams#-1#322
05-12 10:34:52.452  9760 22986 I 110     : One big frame drop total:73 frameGap:73 delta#0#64#2#62#0#11
05-12 10:34:54.635  1614  2002 I 322     : com.microsoft.teams#-1#271
05-12 10:34:54.636  9760 22986 I 110     : One big frame drop total:13 frameGap:13 delta#0#155#0#155#0#11
05-12 10:34:54.646  9760 22986 I 111     : 3-2
05-12 10:35:00.333  9760 22986 I 111     : 4
05-12 10:35:00.357  9760 22986 I 111     : 2
05-12 10:36:59.507  9760 22986 I 111     : 2
05-12 10:38:07.711  4396  4430 I 110     : One big frame drop total:112 frameGap:469 delta#88#21#6#14#0#2
05-12 10:38:10.888  1614  2002 I 322     : com.whatsapp#-1#659
05-12 10:38:11.819  1614  2002 I 322     : com.whatsapp#-1#270
05-12 10:38:14.047  1614  2002 I 322     : com.whatsapp#-1#251
05-12 10:38:15.103  1614  2002 I 322     : com.whatsapp#-1#331
05-12 10:38:15.334 21640 25255 I 110     : One big frame drop total:143 frameGap:143 delta#22#155#1#154#0#1
05-12 10:39:02.279 21640 21652 I 101     : #173
05-12 10:39:04.762  1614  2009 I 300     : 528
05-12 10:42:07.881  1614  2009 I 300     : 362
05-12 10:43:38.086  1614  2009 I 300     : 385
05-12 10:43:40.691  1614  2002 I 322     : com.google.android.gm#-1#550
05-12 10:43:47.009  1614  2002 I 322     : com.whatsapp#-1#232
05-12 10:43:53.076  1614  2002 I 322     : com.whatsapp#-1#197
05-12 10:43:58.325  9762 22454 I 110     : One big frame drop total:93 frameGap:93 delta#0#93#0#2#0#3
05-12 10:43:58.325  9762 22454 I 111     : 3-1
05-12 10:43:58.339  9762 22454 I 111     : 3-2
05-12 10:43:58.339  9762 22454 I 111     : 2
05-12 10:43:58.545  9762 22454 I 111     : 3-3
05-12 10:43:59.808 21640 21652 I 101     : #185
05-12 10:44:08.925  9762 22454 I 111     : 3-3
05-12 10:44:11.738  1614  2002 I 322     : com.google.android.apps.docs#82#484
05-12 10:44:13.874  1614  2002 I 322     : com.google.android.apps.docs#-1#54
05-12 10:44:13.936  1614  2002 I 322     : com.google.android.apps.docs#-1#58
05-12 10:44:14.327  1614  2002 I 322     : com.google.android.apps.docs#-1#388
05-12 10:44:27.402  1614  2002 I 322     : com.google.android.apps.docs#-1#185
05-12 10:44:45.901  1614  2002 I 322     : com.whatsapp#-1#192
05-12 10:44:49.233  1614  2002 I 322     : com.whatsapp#-1#196
05-12 10:44:53.479  1614  2002 I 322     : com.whatsapp#-1#259
05-12 10:45:02.940 21640 25268 I 101     : #208
05-12 10:45:09.911  1614  2002 I 322     : com.whatsapp#-1#207
05-12 10:45:16.087  1614  2002 I 322     : com.google.android.apps.docs#-1#163
05-12 10:45:17.892  1614  2002 I 322     : com.google.android.apps.docs#-1#180
05-12 10:45:19.251  1614  2002 I 322     : com.google.android.apps.docs#-1#74
05-12 10:45:19.319  1614  2002 I 322     : com.google.android.apps.docs#-1#63
05-12 10:45:27.659  1614  2002 I 322     : com.whatsapp#-1#133
05-12 10:45:30.714  1614  2002 I 322     : com.whatsapp#-1#304
05-12 10:45:35.152  1614  2002 I 322     : com.whatsapp#-1#117
05-12 10:45:37.135 21640 25255 I 111     : 3-3
05-12 10:45:39.149  1614  2002 I 322     : com.whatsapp#-1#291
05-12 10:46:26.366  1614  2009 I 300     : 366
05-12 10:47:09.784  1614  2009 I 300     : 416
05-12 10:47:15.108  1614  2002 I 322     : com.whatsapp#-1#177
05-12 10:47:16.449  1614  2002 I 322     : com.whatsapp#-1#235
05-12 10:47:22.238  1614  2002 I 322     : com.whatsapp#-1#218
05-12 10:47:24.063 27470 27470 I 100     : Open /system_ext/app/OPBackup/OPBackup.apk took:98ms
05-12 10:47:25.090 27499 27499 I 100     : Open /system_ext/priv-app/OPAccessoryFramework/OPAccessoryFramework.apk took:59ms
05-12 10:47:52.437  1614  2002 I 322     : com.whatsapp#-1#140
05-12 10:47:59.579  1614  2002 I 322     : com.whatsapp#-1#200
05-12 10:48:10.191 21640 21652 I 101     : #204
05-12 10:51:57.206  1614  2009 I 300     : 384
05-12 10:52:11.294 28282 28282 I 100     : Open /data/app/~~dNb8G5v34EvEVAu11NbeIQ==/tv.twitch.android.app-pQxDOQ1xPxaBwirF_x5JDQ==/base.apk took:106ms
05-12 10:52:22.071  1614  2009 I 300     : 388
05-12 10:52:32.196 21640 26769 I 101     : #166
05-12 10:56:02.953  2433  3148 I 110     : One big frame drop total:97 frameGap:2776 delta#66#17#2#14#0#13
05-12 10:57:07.352  1614  2009 I 300     : 393
05-12 10:57:08.252  2433  3148 I 111     : 3-4
05-12 10:57:08.712  2433  3148 I 110     : One big frame drop total:104 frameGap:104 delta#88#15#8#6#0#1
05-12 10:57:12.243  1614  2002 I 322     : com.whatsapp#-1#196
05-12 10:57:21.012 21640 21652 I 101     : #195
05-12 11:01:47.310  1614  2009 I 300     : 344
05-12 11:01:52.430  1614  2002 I 322     : com.google.android.googlequicksearchbox#-1#133
05-12 11:01:52.952 27592 27873 I 110     : One big frame drop total:319 frameGap:319 delta#311#11#7#2#0#3
05-12 11:02:03.301  1614  2002 I 322     : com.android.vending#-1#363
05-12 11:02:33.830 29493 29493 I 100     : Open /data/app/~~IimInZsnsyxD8RDslKmhSw==/com.facebook.katana-s_HizEjuum1xokWRgjHNyA==/base.apk took:113ms
05-12 11:02:34.438  1614  2002 I 322     : collage.photocollage.collagemaker.photoeditor.photogrid#78#1109
05-12 11:02:35.308  9759 29519 I 309     : package:null took:1561 calssname:com.sensorsdata.analytics.android.sdk.AnalyticsMessages$Worker$AnalyticsMessageHandler callback:null what:3
05-12 11:02:36.005  9759 29958 I 101     : #260
05-12 11:02:36.005  9759 29965 I 101     : #218
05-12 11:02:36.005  9759 29961 I 101     : #219
05-12 11:02:36.008  9759 29990 I 101     : #161
05-12 11:02:36.008  9759 29980 I 101     : #202
05-12 11:02:36.008  9759 29982 I 101     : #201
05-12 11:02:36.009  9759 29975 I 101     : #201
05-12 11:02:36.010  9759 29977 I 101     : #200
05-12 11:02:36.013  9759 29986 I 101     : #204
05-12 11:02:36.013  9759 29971 I 101     : #201
05-12 11:02:36.013  9759 29981 I 101     : #200
05-12 11:02:36.014  9759 29988 I 101     : #167
05-12 11:02:36.014  9759 29989 I 101     : #167
05-12 11:02:36.014  9759 29950 I 101     : #204
05-12 11:02:36.014  9759 29992 I 101     : #167
05-12 11:02:36.015  9759 29976 I 101     : #204
05-12 11:02:36.016  9759 29970 I 101     : #223
05-12 11:02:36.016  9759 29969 I 101     : #224
05-12 11:02:36.017  9759 29983 I 101     : #207
05-12 11:02:36.019  9759 29968 I 101     : #225
05-12 11:02:36.019  9759 29974 I 101     : #205
05-12 11:02:36.019  9759 29979 I 101     : #211
05-12 11:02:36.020  9759 29991 I 101     : #173
05-12 11:02:36.020  9759 29973 I 101     : #211
05-12 11:02:36.020  9759 29978 I 101     : #214
05-12 11:02:36.020  9759 29984 I 101     : #209
05-12 11:02:38.210  1614  2002 I 322     : net.oneplus.launcher#-1#453
05-12 11:02:38.211  1614  2002 I 322     : collage.photocollage.collagemaker.photoeditor.photogrid#-1#447
05-12 11:02:41.211  1614  2002 I 322     : collage.photocollage.collagemaker.photoeditor.photogrid#-1#158
05-12 11:02:45.453  1614  2002 I 322     : com.android.vending#-1#309
05-12 11:02:56.915  1614  2002 I 322     : com.android.vending#-1#253
05-12 11:03:26.391  1614  2002 I 322     : collage.photocollage.collagemaker.photoeditor.photogrid#-1#225
05-12 11:03:28.073  1614  2002 I 322     : com.google.android.permissioncontroller#-1#254
05-12 11:03:36.249  1614  2002 I 322     : collage.photocollage.collagemaker.photoeditor.photogrid#-1#135
05-12 11:03:51.887  1614  2002 I 322     : com.oneplus.camera#80#461
05-12 11:03:52.100 30996 30996 I 100     : Open /data/app/~~VT9wpnKPfPV2zLl6wtF3Rg==/com.oneplus.gallery-eo03ApKJdfNsMRfNW_4QJQ==/base.apk took:64ms
05-12 11:03:53.974 30996 31049 I 309     : package:null took:1131 calssname:com.oneplus.base.BaseThread$InternalHandler callback:com.oneplus.gallery2.media.MediaStoreMediaSource$QueryAllMediaStoreContentRunnable@5e8c31b what:0
05-12 11:03:54.803  9761 30932 I 309     : package:null took:1152 calssname:android.os.Handler callback:com.oneplus.threading.Dispatcher$dispatchDefaultOpRunnable$1@39cb8bc what:0
05-12 11:03:55.874 30996 31049 I 309     : package:null took:1888 calssname:com.oneplus.base.BaseThread$InternalHandler callback:com.oneplus.gallery2.media.MediaStoreMediaSource$QueryAllMediaStoreContentRunnable@865a2b8 what:0
05-12 11:03:57.720 30996 31049 I 309     : package:null took:1825 calssname:com.oneplus.base.BaseThread$InternalHandler callback:com.oneplus.gallery2.media.MediaStoreMediaSource$QueryAllMediaStoreContentRunnable@67cb691 what:0
05-12 11:03:59.009 30996 31049 I 309     : package:null took:1280 calssname:com.oneplus.base.BaseThread$InternalHandler callback:com.oneplus.gallery2.media.MediaStoreMediaSource$QueryAllMediaStoreContentRunnable@a11aff6 what:0
05-12 11:04:15.177  4810  5462 I 111     : 2
05-12 11:04:44.453  1614  2002 I 322     : collage.photocollage.collagemaker.photoeditor.photogrid#-1#127
05-12 11:04:49.302  1614  2002 I 322     : collage.photocollage.collagemaker.photoeditor.photogrid#-1#353
05-12 11:05:24.542  1614  2009 I 300     : 321
05-12 11:05:25.886  2433  3148 I 110     : One big frame drop total:80 frameGap:80 delta#77#2#0#2#0#1
05-12 11:05:28.897  9759 29689 I 111     : 2
05-12 11:05:28.963  9759 29689 I 111     : 3-4
05-12 11:05:28.963  9759 29689 I 111     : 2
05-12 11:05:29.026  9759 29689 I 111     : 2
05-12 11:05:29.139  9759 29689 I 111     : 2
05-12 11:05:29.298  9759 29689 I 111     : 4
05-12 11:05:29.315  9759 29689 I 111     : 2
05-12 11:05:29.381  9759 29689 I 111     : 2
05-12 11:05:29.445  9759 29689 I 111     : 2
05-12 11:05:29.529  9759 29689 I 111     : 2
05-12 11:05:29.953  9759 29689 I 111     : 3-4
05-12 11:05:30.012  9759 29689 I 111     : 2
05-12 11:05:30.042  9759 29689 I 111     : 4
05-12 11:05:30.084  9759 29689 I 111     : 3-4
05-12 11:05:30.084  9759 29689 I 111     : 2
05-12 11:05:30.150  9759 29689 I 111     : 2
05-12 11:05:30.277  9759 29689 I 111     : 2
05-12 11:05:30.343  9759 29689 I 111     : 2
05-12 11:05:30.413  9759 29689 I 111     : 2
05-12 11:05:30.445  9759 29689 I 111     : 4
05-12 11:05:30.479  9759 29689 I 111     : 2
05-12 11:05:30.544  9759 29689 I 111     : 2
05-12 11:05:30.637  9759 29689 I 111     : 2
05-12 11:05:30.724  9759 29689 I 111     : 2
05-12 11:05:30.795  9759 29689 I 111     : 2
05-12 11:05:30.830  9759 29689 I 111     : 4
05-12 11:05:30.861  9759 29689 I 111     : 2
05-12 11:05:31.183  9759 29689 I 111     : 3-4
05-12 11:05:31.222  9759 29689 I 111     : 3-4
05-12 11:05:31.288  9759 29689 I 111     : 2
05-12 11:05:31.355  9759 29689 I 111     : 2
05-12 11:05:31.418  9759 29689 I 111     : 2
05-12 11:05:31.449  9759 29689 I 111     : 4
05-12 11:05:31.481  9759 29689 I 111     : 2
05-12 11:05:31.543  9759 29689 I 111     : 2
05-12 11:05:31.648  9759 29689 I 111     : 2
05-12 11:05:32.063  9759 29689 I 111     : 3-4
05-12 11:05:32.220  9759 29689 I 111     : 2
05-12 11:05:32.234  9759 29689 I 111     : 4
05-12 11:05:32.276  9759 29689 I 111     : 2
05-12 11:05:32.349  9759 29689 I 111     : 2
05-12 11:05:32.794  9759 29689 I 111     : 3-4
