03-31 15:20:39.687   935  1257 D SemNscXgbL2Rt: L2 RT 1 sample inference time: 1.054654 msecs
03-31 15:20:39.688   935  1257 D SemNscXgbL2Nrt: L2 NRT 1 sample inference time: 0.760616 msecs
03-31 15:20:39.764   468   468 D io_stats: !@   8,0 r 2315512 84663804 w 4973174 86338084 d 1142526 257137268 f 782107 950637 iot 1264012 1012191 th 102400 0 0 pt 0 inp 0 0 148813.523
03-31 15:20:39.774 23219 23219 I AudioPathManager: loadAudioPath() : loaded audio path is speaker (0)
03-31 15:20:39.774 23219 23219 I AudioManager: getParameters keys = g_effect_active_sound_info=track
03-31 15:20:39.774   631  6296 I SecAudioParamFlinger: getActiveSoundInfo 1, trackFormat 1, outputFormat 5
03-31 15:20:39.774 23219 23219 I AudioManagerWrapper: getActiveSoundFormat() : active sound format is 1
03-31 15:20:39.775 23219 23219 I RestrictModeUtil: isOwnerMode() : user id is 0
03-31 15:20:39.775 23219 23219 I RestrictModeUtil: isDexMode() : DeX mode is off
03-31 15:20:39.776 23219 23219 I RestrictModeUtil: isEmergencyMode() : emergency mode is disabled
03-31 15:20:39.776 23219 23219 I EffectManager: isSupportDolbyAtmosOnThisAudioPath() : path is speaker (0)
03-31 15:20:39.776 23219 23219 I EffectManager: isSupportDolbyAtmosOnThisAudioPath() : speaker type is stereo
03-31 15:20:39.777 23219 23219 I DolbyAtmosWrapper: getProfile() : for dolby atmos, 0
03-31 15:20:39.777 23219 23219 I AudioManager: setParameters keyValuePairs = g_effect_dolby_enable=1;g_effect_dolby_profile=0
03-31 15:20:39.778   631  6296 V APM_AudioPolicyManager: setAudioPolicyConfig: g_effect_dolby_enable=1;g_effect_dolby_profile=0
03-31 15:20:39.779   551   575 D DlbEffectContext: setParam() received parameter EFFECT_PARAM_ENABLE
03-31 15:20:39.780   551   575 D AudioSAEffectOffload: update offload effect: DLB,1,2,0
03-31 15:20:39.780   551   575 D DlbEffectContext: setParam() received parameter EFFECT_PARAM_PROFILE
03-31 15:20:39.781   551   575 D AudioSAEffectOffload: update offload effect: DLB,1,2,0
03-31 15:20:39.781 23219 23219 I DolbyAtmosWrapper: setProfile() : for dolby atmos, 0
03-31 15:20:39.781 23219 23219 I EffectManager: setEffectDolbyAtmos() : enable is true, mode is auto (0)
03-31 15:20:39.781 23219 23219 I EffectManager: setEffectDolbyAtmos() : concert hall will be off
03-31 15:20:39.781   631  6296 I AudioSASecPlus: setGlobalEffectInfo changed mContentType = 1, mGlobalSAPlus = 0, mGlobalTubeAmp = 0, mGlobalConcertHall = 0 , mGlobalAudioHDR = 0
03-31 15:20:39.781   631  6296 I AudioSASecPlus: setGlobalEffectInfo changed mContentType = 1, mGlobalSAPlus = 0, mGlobalTubeAmp = 0, mGlobalConcertHall = 0 , mGlobalAudioHDR = 0
03-31 15:20:39.781   551   575 I AudioSASecPlus: setGlobalEffectInfo changed mContentType = 1, mGlobalSAPlus = 0, mGlobalTubeAmp = 0, mGlobalConcertHall = 0 , mGlobalAudioHDR = 0
03-31 15:20:39.782   631  6296 I AudioSASecPlus: setGlobalEffectInfo changed mContentType = 1, mGlobalSAPlus = 0, mGlobalTubeAmp = 0, mGlobalConcertHall = 0 , mGlobalAudioHDR = 0
03-31 15:20:39.782   631  6296 I AudioSASecPlus: setGlobalEffectInfo changed mContentType = 1, mGlobalSAPlus = 0, mGlobalTubeAmp = 0, mGlobalConcertHall = 0 , mGlobalAudioHDR = 0
03-31 15:20:39.782   631  6296 I AudioSASecPlus: setGlobalEffectInfo changed mContentType = 1, mGlobalSAPlus = 0, mGlobalTubeAmp = 0, mGlobalConcertHall = 0 , mGlobalAudioHDR = 0
03-31 15:20:39.782   631  6296 I AudioSASecPlus: setGlobalEffectInfo changed mContentType = 1, mGlobalSAPlus = 0, mGlobalTubeAmp = 0, mGlobalConcertHall = 0 , mGlobalAudioHDR = 0
03-31 15:20:39.782   631  6296 I AudioSASecPlus: setGlobalEffectInfo changed mContentType = 1, mGlobalSAPlus = 0, mGlobalTubeAmp = 0, mGlobalConcertHall = 0 , mGlobalAudioHDR = 0
03-31 15:20:39.782 23219 23219 I EffectManager: isSupportDolbyAtmosOnThisAudioPath() : path is speaker (0)
03-31 15:20:39.782 23219 23219 I EffectManager: isSupportDolbyAtmosOnThisAudioPath() : speaker type is stereo
03-31 15:20:39.782 23219 23219 I PreferencesManager: getDolbyAtmosForGamingSwitch() : default value is 1
03-31 15:20:39.782 23219 23219 I AudioPathManager: loadAudioPath() : loaded audio path is speaker (0)
03-31 15:20:39.782 23219 23219 I EffectManager: isSupportDolbyAtmosOnThisAudioPath() : path is speaker (0)
03-31 15:20:39.782 23219 23219 I EffectManager: isSupportDolbyAtmosOnThisAudioPath() : speaker type is stereo
03-31 15:20:39.782 23219 23219 I AudioManager: setParameters keyValuePairs = g_effect_game_dolby_enable=1
03-31 15:20:39.783   631  6296 V APM_AudioPolicyManager: setAudioPolicyConfig: g_effect_game_dolby_enable=1
03-31 15:20:39.784 23219 23219 I DolbyAtmosWrapper: setProfile() : for dolby atmos for gaming, 4
03-31 15:20:39.784 23219 23219 I AudioPathManager: loadAudioPath() : loaded audio path is speaker (0)
03-31 15:20:39.784 23219 23219 I RestrictModeUtil: isOwnerMode() : user id is 0
03-31 15:20:39.785 23219 23219 I RestrictModeUtil: isDexMode() : DeX mode is off
03-31 15:20:39.785 23219 23219 I RestrictModeUtil: isEmergencyMode() : emergency mode is disabled
03-31 15:20:39.792 23219 23219 I SoundAliveWrapper: setEqualizer() : preset is normal (0), levels for 9 bands are 0 0 0 0 0 0 0 0 0 
03-31 15:20:39.792 23219 23219 I AudioPathManager: loadAudioPath() : loaded audio path is speaker (0)
03-31 15:20:39.793 23219 23219 I EffectManager: isSupportUHQUpscalerOnCurrentAudioPath() : path is speaker (0), device type is builtin speaker (2)
03-31 15:20:39.793 23219 23219 I EffectManager: updateUHQUpscalerState() : uhq upscaler is not available on current audio path
03-31 15:20:39.793 23219 23219 I EffectManager: updateUHQUpscalerState() : audio path is speaker, so skip writing mode to settings db
03-31 15:20:39.793 23219 23219 I LocalBroadcastManager: sendLocalBroadcast() : action is 1
03-31 15:20:39.794 23219 23219 I AudioManagerWrapper: getCurrentMediaVolume() : current media volume is 3
03-31 15:20:39.795 23219 23219 I AudioPathManager: loadAudioPath() : loaded audio path is speaker (0)
03-31 15:20:39.795 23219 23219 I ModelUtil: isHighEndModel() : this model is SM-N975F
03-31 15:20:39.795 23219 23219 I BoardUtil: isBoardOnSystemLSI() : board is exynos9825
03-31 15:20:40.063 20689 20689 D BoundBrokerSvc: onUnbind: Intent { act=com.google.android.gms.feedback.internal.IFeedbackService dat=chimera-action:com.google.android.gms.feedback.internal.IFeedbackService cmp=com.google.android.gms/.chimera.GmsBoundBrokerService }
03-31 15:20:40.190   935  1257 D SemNscXgbL1: L2 NRT 1 sample inference time: 1.184616 msecs
03-31 15:20:40.192   935  1257 D SemNscXgbL2Rt: L2 RT 1 sample inference time: 1.056231 msecs
03-31 15:20:40.193   935  1257 D SemNscXgbL2Nrt: L2 NRT 1 sample inference time: 0.966077 msecs
03-31 15:20:40.193   935   957 D SamsungAlarmManager: Cancel Alarm calling from uid:10079 pid :20689 / OP:PendingIntent{ce63824: PendingIntentRecord{dc43d43 com.google.android.gms/ startService}}
03-31 15:20:40.194   935   957 V SamsungAlarmManager: setLocked to kernel - W:193891480 / NW:193562260, now=193560503
03-31 15:20:40.216   935  3448 D SamsungAlarmManager: Cancel Alarm calling from uid:10079 pid :27054 / OP:PendingIntent{2f90f8d: PendingIntentRecord{a3a5ca2 com.google.android.gms/ startService}}
03-31 15:20:40.216   935  3448 V SamsungAlarmManager: setLocked to kernel - W:193891480 / NW:193562260, now=193560525
03-31 15:20:40.265 23765 23816 D UE4     : [2022.03.31-14.20.40:265][  0]LogUdpMessaging: Initializing bridge on interface 0.0.0.0:0 to multicast group 230.0.0.1:6666.
03-31 15:20:40.375   935  3371 E TaskPersister: File error accessing recents directory (directory doesn't exist?).
03-31 15:20:40.617   935  1021 I ActivityManager: Changes in 10096 5 to 15, 8 to 0
03-31 15:20:40.624   935  1010 D NetworkPolicy: onUidStateChanged() uid: 10096, isForeground(false, 15)
03-31 15:20:40.698   935  1257 D SemNscXgbL1: L2 NRT 1 sample inference time: 2.97127 msecs
03-31 15:20:40.700   935  1257 D SemNscXgbL2Rt: L2 RT 1 sample inference time: 2.163539 msecs
03-31 15:20:40.702   935  1257 D SemNscXgbL2Nrt: L2 NRT 1 sample inference time: 1.702269 msecs
03-31 15:20:40.773   935  1315 I Pageboost: Launcher App Execution
03-31 15:20:40.798 23219 23219 I AudioPathManager: loadAudioPath() : loaded audio path is speaker (0)
03-31 15:20:40.798 23219 23219 I ModelUtil: isHighEndModel() : this model is SM-N975F
03-31 15:20:40.798 23219 23219 I BoardUtil: isBoardOnSystemLSI() : board is exynos9825
03-31 15:20:40.859   578 23762 I HYPER-HAL: [RequestManager.cpp]releaseLocked(): Released ID : 5819181
03-31 15:20:41.092   631  1068 D DlbDap2Process: process() called [2547500] times with input channel mask 0x3 (ProcessingMode=10)
03-31 15:20:41.209   935  1257 D SemNscXgbL1: L2 NRT 1 sample inference time: 3.999577 msecs
03-31 15:20:41.213   935  1257 D SemNscXgbL2Rt: L2 RT 1 sample inference time: 3.587539 msecs
03-31 15:20:41.216   935  1257 D SemNscXgbL2Nrt: L2 NRT 1 sample inference time: 2.303654 msecs
03-31 15:20:41.260 23765 23816 D UE4     : [2022.03.31-14.20.41:260][  0]LogTcpMessaging: Initializing TcpMessaging bridge, listening on 127.0.0.1:6666
03-31 15:20:41.263 23765 23816 D UE4     : [2022.03.31-14.20.41:262][  0]LogCore: Display: AppLifetime: Application has reactivated
03-31 15:20:41.263 23765 23816 D UE4     : [2022.03.31-14.20.41:263][  0]LogTemp: Android resume audio
03-31 15:20:41.263 23765 23816 D UE4     : [2022.03.31-14.20.41:263][  0]LogInit: First time updating LLM stats...
03-31 15:20:41.268 23765 23866 D UE4     : [2022.03.31-14.20.41:267][  0]LogAndroid: AndroidEGL::ResizeRenderContextSurface, PImplData->Window=0xe2e94788, PImplData->eglWidth=8, PImplData->eglHeight=8!, CachedWidth=1440, CachedHeight=720, tid: 23866
03-31 15:20:41.268 23765 23866 D UE4     : AndroidEGL::UnBindRender()
03-31 15:20:41.268 23765 23866 D UE4     : AndroidEGL::ResetDisplay()
03-31 15:20:41.268 23765 23866 D UE4     : AndroidEGL::DestroyRenderSurface()
03-31 15:20:41.276 23765 23866 E Surface : freeAllBuffers: 1 buffers were freed while being dequeued!
03-31 15:20:41.277 23765 23866 D UE4     : AndroidEGL::InitRenderSurface 0, 1
03-31 15:20:41.277 23765 23866 D UE4     : AndroidEGL::InitRenderSurface, Using CachedWindowRect, width: 1440, height 720 
03-31 15:20:41.277 23765 23866 D UE4     : AndroidEGL::InitRenderSurface, Using width: 1440, height 720 
03-31 15:20:41.277 23765 23866 D UE4     : AndroidEGL::InitRenderSurface, wnd: 0xe2e94788, width: 1440, height 720 
03-31 15:20:41.277 23765 23866 D UE4     : AndroidEGL::CreateEGLRenderSurface() 0xe8f5d430
03-31 15:20:41.280 23765 23816 D UE4     : [2022.03.31-14.20.41:280][  0]LogAndroid: Display: Low Power Mode Changed: 0
03-31 15:20:41.284 23765 23816 D UE4     : [2022.03.31-14.20.41:284][  0]LogSlate: InvalidateAllWidgets triggered.  All widgets were invalidated
03-31 15:20:41.326 23765 23816 D UE4     : [2022.03.31-14.20.41:326][  0]LogSlate: Slate font cache was flushed
03-31 15:20:41.360 12510 12639 I SCS@AiSearch user 0: (BaseCollector::AOSP_MP) doesDataKeepChanging: postpone count: 0 - source count: very first = 6908, previous = 6908, current = 6908
03-31 15:20:41.361 12510 12639 I SCS@AiSearch user 0: (BaseCollector::AOSP_MP) [pool-11-thread-1] entering in collectChanges():  
03-31 15:20:41.632 12510 12639 I SCS@AiSearch user 0: (IndexManager) [pool-11-thread-1] entering in addIndex():  
03-31 15:20:41.634 12510 12639 I SCS@AiSearch user 0: (BaseCollector::AOSP_MP) fetch: fetching took  198 ms
03-31 15:20:41.634 12510 12639 I SCS@AiSearch user 0: (BaseCollector::AOSP_MP) fetchChanges: applied 0 items
03-31 15:20:41.634 12510 12639 I SCS@AiSearch user 0: (BaseCollector::AOSP_MP) Collect finished. Result: true
03-31 15:20:41.635 12510 12639 I SCS@AiSearch user 0: (BaseCollector::AOSP_MP) ObserverWorker enqueued with unique work name: com.sec.android.app.myfiles
03-31 15:20:41.636 12510 12537 I WM-WorkerWrapper: Worker result SUCCESS for Work [ id=dd3f6953-19f7-4730-928d-421b70b5fa2e, tags={ com.sec.android.app.myfiles, com.samsung.android.scs.ai.search.data.collector.ObserverWorker } ]
03-31 15:20:41.663   935   957 D PackageManager: setEnabledSetting : userId = 0 packageName = com.samsung.android.scs cmp = androidx.work.impl.background.systemalarm.RescheduleReceiver newState = 1 callingPackage = 10111/com.samsung.android.scs
03-31 15:20:41.667   935  1144 D SensorHubManager: onGetSensorHubDataLocked: library(4) = 1, 1, 7, -1
03-31 15:20:41.668   935  1145 D CAE     : onGetSensorHubData(SensorHubParserProvider.java:89) - onGetSensorHubData Event [event buffer len :4], AP_WAKEUP
03-31 15:20:41.668   935  1145 I CAE     : parse(SensorHubParserProvider.java:190) - buffer size = 4
03-31 15:20:41.668   935  1145 I CAE     : parse(SensorHubParserProvider.java:201) - 1, 1, 7, -1,
03-31 15:20:41.668   935  1145 D CAE     : display(ContextProvider.java:375) - ================= AUTO_ROTATION =================
03-31 15:20:41.668   935  1145 I CAE     : display(ContextProvider.java:391) - Angle=[-1]
03-31 15:20:41.668   935  1142 D SemContextService: Service.updateContext() : service = Auto Rotation
03-31 15:20:41.669   935  1010 D SemContextManager: onSemContextChanged() : event = Auto Rotation Angle : -1
03-31 15:20:41.669   935  1010 D SemContextManager: AutoRotationEvent : Angle = -1
03-31 15:20:41.669   935  1010 I WindowOrientationListener: OrientationSensorJudge.onSemContextChanged, Rotation: -1
03-31 15:20:41.671   935  1010 V WindowManager: rotationForOrientation(orient=SCREEN_ORIENTATION_SENSOR_LANDSCAPE (6), last=ROTATION_90 (1)); user=ROTATION_0 (0) USER_ROTATION_LOCKED
03-31 15:20:41.671   935  1010 D WindowManager: rotationForOrientation, orientationSource=ActivityRecord{28aa75 u0 com.SpicySpaceChickens.HelpMarkEscape/com.epicgames.ue4.GameActivity t3836}
03-31 15:20:41.672   935  1010 V WindowManager: Computed rotation=ROTATION_90 (1) for display id=0 based on lastOrientation=SCREEN_ORIENTATION_SENSOR_LANDSCAPE (6) and oldRotation=ROTATION_90 (1), caller=com.android.server.wm.DisplayContent.updateRotationUnchecked:2278 com.android.server.wm.WindowManagerService.updateRotationUnchecked:4488 com.android.server.wm.WindowManagerService.updateRotation:4469 com.android.server.wm.DisplayRotation$OrientationListener$UpdateRunnable.run:1805 android.os.Handler.handleCallback:938 android.os.Handler.dispatchMessage:99 
03-31 15:20:41.674   935  1010 I WindowManager: enableScreenIfNeededLocked: mDisplayEnabled=true mForceDisplayEnabled=false mShowingBootMessages=false mSystemBooted=true. java.lang.RuntimeException: here
03-31 15:20:41.680   935   957 V SamsungAlarmManager: setLocked to kernel - W:193891480 / NW:193562260, now=193561989
03-31 15:20:41.680   935   957 D SamsungAlarmManager: setInexact (T:3/F:0/AC:false) 20220331T152304 now=193561989 - CU:1000/CP:935/L:ce94cdb:*job.delay*
03-31 15:20:41.680   935   957 V SamsungAlarmManager: setLocked to kernel - W:193891480 / NW:193562260, now=193561989
03-31 15:20:41.704 16906 16906 I Finsky  : [2] rck.onStartJob(4): SCH: job service start with id 9894.
03-31 15:20:41.718   935  1257 D SemNscXgbL1: L2 NRT 1 sample inference time: 1.178846 msecs
03-31 15:20:41.719   935  1257 D SemNscXgbL2Rt: L2 RT 1 sample inference time: 0.869039 msecs
03-31 15:20:41.720   935  1257 D SemNscXgbL2Nrt: L2 NRT 1 sample inference time: 0.8095 msecs
03-31 15:20:41.729 16906 23452 I Finsky  : [607] rat.a(111): SCH: Satisfied jobs for 9894 are: 12-1
03-31 15:20:41.748 16906 23917 I Finsky  : [618] raz.accept(48): SCH: Job 12-1 starting
03-31 15:20:41.749 16906 16906 I Finsky  : [2] ContentSyncJob.v(3): [ContentSync] job started
03-31 15:20:41.767   468   468 D io_stats: !@   8,0 r 2315512 84663804 w 4973246 86340080 d 1142526 257137268 f 782117 950655 iot 1264044 1012208 th 102400 0 0 pt 0 inp 0 0 148815.526
03-31 15:20:41.801 23219 23219 I AudioPathManager: loadAudioPath() : loaded audio path is speaker (0)
03-31 15:20:41.801 23219 23219 I ModelUtil: isHighEndModel() : this model is SM-N975F
03-31 15:20:41.802 23219 23219 I BoardUtil: isBoardOnSystemLSI() : board is exynos9825
03-31 15:20:41.828 16906 23919 I Finsky  : [620] fhi.i(1): Completed 0 account content syncs with 0 successful.
03-31 15:20:41.829 16906 16906 I Finsky  : [2] ContentSyncJob.a(1): [ContentSync] Installation state replication succeeded.
03-31 15:20:41.829 16906 16906 I Finsky  : [2] ras.r(4): SCH: jobFinished: 12-1. TimeElapsed: 81ms.
03-31 15:20:41.873 16906 16963 I Finsky  : [437] qus.accept(51): SCH: Scheduling phonesky job Id: 1-1337, CT: 1648722363753, Constraints: [{ L: 43168433, D: 86368433, C: 1, I: 1, N: 1 }]
03-31 15:20:41.873 16906 16963 I Finsky  : [437] qus.accept(51): SCH: Scheduling phonesky job Id: 34-190, CT: 1648731892853, Constraints: [{ L: 79199735, D: 1375199735, C: 1, I: 1, N: 1 }]
03-31 15:20:41.899 16906 16963 I Finsky  : [437] qug.apply(9): SCH: Scheduling 1 system job(s)
03-31 15:20:41.899 16906 16963 I Finsky  : [437] qug.apply(15): SCH: Scheduling system job Id: 9897, L: 29090287, D: 72290287, C: false, I: false, N: 1
03-31 15:20:41.925 16906 23917 I Finsky  : [618] rck.a(16): SCH: job service finished with id 9894.
03-31 15:20:41.951   935  1135 D SamsungAlarmManager: Expired : 8
03-31 15:20:41.951   935  1135 V SamsungAlarmManager: Sending to uid : 10112 action=com.samsung.android.sdk.smp.TASK_ALARM alarm=Alarm{b26e7b5 type 1 origWhen 1648736441951 whenElapsed 193562260 com.samsung.android.mobileservice}
03-31 15:20:41.952   935  1135 D ActivityTaskManager: SafeActivityOptions created, mOriginalCallingPid=935, mOriginalCallingUid=1000, options=ActivityOptions(86507082), mPackageName=null, mAnimationType=-1, mStartX=0, mStartY=0, mWidth=0, mHeight=0, caller=com.android.server.am.PendingIntentRecord.sendInner:413 com.android.server.am.PendingIntentRecord.sendWithResult:331 com.android.server.am.ActivityManagerService.sendIntentSender:6231 android.app.PendingIntent.sendAndReturnResult:1014 android.app.PendingIntent.send:985 com.android.server.alarm.AlarmManagerService$DeliveryTracker.deliverLocked:5653 com.android.server.alarm.AlarmManagerService.deliverAlarmsLocked:4705 
03-31 15:20:41.953   935  1135 D ActivityManager: Received BROADCAST intent 0x6249e4d Key{broadcastIntent pkg=com.samsung.android.mobileservice intent=act=com.samsung.android.sdk.smp.TASK_ALARM dat=smp_timer9000002 cmp=com.samsung.android.mobileservice/com.samsung.android.sdk.smp.SmpReceiver flags=0x4000000 u=0} requestCode=0 sent=0 from uid 1000
03-31 15:20:41.974   935  1025 D CompatibilityChangeReporter: Compat change id reported: 168419799; UID 10112; state: DISABLED
03-31 15:20:41.976   935  1135 V SamsungAlarmManager: setLocked to kernel - W:193891480 / NW:193580309, now=193562285
03-31 15:20:41.978   935  1010 D PowerManagerService: [api] setDeviceIdleTempWhitelist: appids: [0]1000 [1]5012 [2]10102 [3]10112  (uid: 1000 pid: 935)
03-31 15:20:42.011   935  3448 D SamsungAlarmManager: Cancel Alarm calling from uid:10112 pid :22389 / OP:PendingIntent{3089884: PendingIntentRecord{6249e4d com.samsung.android.mobileservice broadcastIntent}}
03-31 15:20:42.038 22389 23920 I SmpLog  : [SMP] Test mode: false, v:3.2.6, com.samsung.android.mobileservice
03-31 15:20:42.093   935  1144 D SensorHubManager: onGetSensorHubDataLocked: library(4) = 1, 1, 7, 1
03-31 15:20:42.093   935  1145 D CAE     : onGetSensorHubData(SensorHubParserProvider.java:89) - onGetSensorHubData Event [event buffer len :4], AP_WAKEUP
03-31 15:20:42.093   935  1145 I CAE     : parse(SensorHubParserProvider.java:190) - buffer size = 4
03-31 15:20:42.094   935  1145 I CAE     : parse(SensorHubParserProvider.java:201) - 1, 1, 7, 1,
03-31 15:20:42.094   935  1145 D CAE     : display(ContextProvider.java:375) - ================= AUTO_ROTATION =================
03-31 15:20:42.094   935  1145 I CAE     : display(ContextProvider.java:391) - Angle=[1]
03-31 15:20:42.094   935  1142 D SemContextService: Service.updateContext() : service = Auto Rotation
03-31 15:20:42.095   935  1010 D SemContextManager: onSemContextChanged() : event = Auto Rotation Angle : 1
03-31 15:20:42.095   935  1010 D SemContextManager: AutoRotationEvent : Angle = 1
03-31 15:20:42.095   935  1010 I WindowOrientationListener: OrientationSensorJudge.onSemContextChanged, Rotation: 1
03-31 15:20:42.096   935  1010 V WindowManager: rotationForOrientation(orient=SCREEN_ORIENTATION_SENSOR_LANDSCAPE (6), last=ROTATION_90 (1)); user=ROTATION_0 (0) USER_ROTATION_LOCKED
03-31 15:20:42.096   935  1010 D WindowManager: rotationForOrientation, orientationSource=ActivityRecord{28aa75 u0 com.SpicySpaceChickens.HelpMarkEscape/com.epicgames.ue4.GameActivity t3836}
03-31 15:20:42.097   935  1010 V WindowManager: Computed rotation=ROTATION_90 (1) for display id=0 based on lastOrientation=SCREEN_ORIENTATION_SENSOR_LANDSCAPE (6) and oldRotation=ROTATION_90 (1), caller=com.android.server.wm.DisplayContent.updateRotationUnchecked:2278 com.android.server.wm.WindowManagerService.updateRotationUnchecked:4488 com.android.server.wm.WindowManagerService.updateRotation:4469 com.android.server.wm.DisplayRotation$OrientationListener$UpdateRunnable.run:1805 android.os.Handler.handleCallback:938 android.os.Handler.dispatchMessage:99 
03-31 15:20:42.101   935  1010 I WindowManager: enableScreenIfNeededLocked: mDisplayEnabled=true mForceDisplayEnabled=false mShowingBootMessages=false mSystemBooted=true. java.lang.RuntimeException: here
03-31 15:20:42.223   935  1257 D SemNscXgbL1: L2 NRT 1 sample inference time: 1.590923 msecs
03-31 15:20:42.224   935  1257 D SemNscXgbL2Rt: L2 RT 1 sample inference time: 1.207423 msecs
03-31 15:20:42.226   935  1257 D SemNscXgbL2Nrt: L2 NRT 1 sample inference time: 1.116539 msecs
03-31 15:20:42.226   935  1257 I SemWifiServiceDetector: Serv. type 2 3 Traff. type 1 Thr 1
03-31 15:20:42.227   935  1260 D SemWifiOptimizer: enable=0 state=0x10 prev=0x00 new=0x00 force=0
03-31 15:20:42.427   935  1162 D InputReader: Btn_touch(6): value=1 when=148816.188207
03-31 15:20:42.428   935  1162 I InputReader: Touch event's action is 0x0 (id=6, t=0) [pCnt=1, s=0.41664 ] when=148816.188207
03-31 15:20:42.428   935  1161 I InputDispatcher: Delivering touch to (935): action: 0x0, f=0x0, d=0, 'Letterb', t=1 
03-31 15:20:42.429   935  1161 D PowerManagerService: UserActivityStateListenerState: 1
03-31 15:20:42.431  1894  1894 W RecentsAnimationDeviceState: canStartSystemGesture, return false by !canStartWithNavHidden
03-31 15:20:42.431  1894  1894 W TouchInteractionService: newConsumer, canStartSystemGesture = false
03-31 15:20:42.431  1894  1894 W TouchInteractionService: newConsumer, base = com.android.quickstep.inputconsumers.ResetGestureInputConsumer@b8307c7
03-31 15:20:42.431  1894  1894 W TouchInteractionService: onInputEvent, inputConsumer = com.android.quickstep.inputconsumers.ResetGestureInputConsumer@b8307c7
03-31 15:20:42.432  3396  3396 I SemDvfsHyPerManager: acquire hyper - BaseTABoost/3396@21, type = 1090523139
03-31 15:20:42.432  3396  3396 I SemDvfsHyPerManager: acquire hyper - BaseTAToouchBoost/3396@23, type = 1090523139
03-31 15:20:42.432   578   617 I HYPER-HAL: [RequestManager.cpp]acquire(): Acquired ID : 5839674  [3396 / 21]    HINT :      list : [TABoost / 5] 
03-31 15:20:42.432   578   617 I HYPER-HAL: [RequestManager.cpp]acquire(): Acquired ID : 5846513  [3396 / 23]    HINT :      list : [TABoost / 20] [TIMEOUT / 1500] 
03-31 15:20:42.573   935  1144 D SensorHubManager: onGetSensorHubDataLocked: library(4) = 1, 1, 7, -1
03-31 15:20:42.573   935  1145 D CAE     : onGetSensorHubData(SensorHubParserProvider.java:89) - onGetSensorHubData Event [event buffer len :4], AP_WAKEUP
03-31 15:20:42.573   935  1145 I CAE     : parse(SensorHubParserProvider.java:190) - buffer size = 4
03-31 15:20:42.573   935  1145 I CAE     : parse(SensorHubParserProvider.java:201) - 1, 1, 7, -1,
03-31 15:20:42.573   935  1145 D CAE     : display(ContextProvider.java:375) - ================= AUTO_ROTATION =================
03-31 15:20:42.573   935  1145 I CAE     : display(ContextProvider.java:391) - Angle=[-1]
03-31 15:20:42.574   935  1142 D SemContextService: Service.updateContext() : service = Auto Rotation
03-31 15:20:42.574   935  1010 D SemContextManager: onSemContextChanged() : event = Auto Rotation Angle : -1
03-31 15:20:42.574   935  1010 D SemContextManager: AutoRotationEvent : Angle = -1
03-31 15:20:42.574   935  1010 I WindowOrientationListener: OrientationSensorJudge.onSemContextChanged, Rotation: -1
03-31 15:20:42.574   935  1010 I WindowOrientationListener: scheduleRotationEvaluationLocked: ignoring, user is still touching the screen.
03-31 15:20:42.574   935  1010 V WindowManager: rotationForOrientation(orient=SCREEN_ORIENTATION_SENSOR_LANDSCAPE (6), last=ROTATION_90 (1)); user=ROTATION_0 (0) USER_ROTATION_LOCKED
03-31 15:20:42.575   935  1010 D WindowManager: rotationForOrientation, orientationSource=ActivityRecord{28aa75 u0 com.SpicySpaceChickens.HelpMarkEscape/com.epicgames.ue4.GameActivity t3836}
03-31 15:20:42.575   935  1010 V WindowManager: Computed rotation=ROTATION_90 (1) for display id=0 based on lastOrientation=SCREEN_ORIENTATION_SENSOR_LANDSCAPE (6) and oldRotation=ROTATION_90 (1), caller=com.android.server.wm.DisplayContent.updateRotationUnchecked:2278 com.android.server.wm.WindowManagerService.updateRotationUnchecked:4488 com.android.server.wm.WindowManagerService.updateRotation:4469 com.android.server.wm.DisplayRotation$OrientationListener$UpdateRunnable.run:1805 android.os.Handler.handleCallback:938 android.os.Handler.dispatchMessage:99 
03-31 15:20:42.577   935  1010 I WindowManager: enableScreenIfNeededLocked: mDisplayEnabled=true mForceDisplayEnabled=false mShowingBootMessages=false mSystemBooted=true. java.lang.RuntimeException: here
03-31 15:20:42.603 14015 14015 D TimberLegacyLog: Activity visible? => false
03-31 15:20:42.604 14015 14015 D TimberLegacyLog: KEEPALIVEAWAY: 1648736442603
03-31 15:20:42.604 14015 14015 D TimberLegacyLog: backgroundStatus_!activityVisible: -1
03-31 15:20:42.637  3396  3396 I SemDvfsHyPerManager: acquire hyper - BaseTABoost/3396@21, type = 1090523139
03-31 15:20:42.638  3396  3396 I SemDvfsHyPerManager: acquire hyper - BaseTAToouchBoost/3396@23, type = 1090523139
03-31 15:20:42.638   578   617 I HYPER-HAL: [RequestManager.cpp]acquire(): Acquired ID : 5839674  [3396 / 21]    HINT :      list : [TABoost / 5] 
03-31 15:20:42.638   578   617 I HYPER-HAL: [RequestManager.cpp]acquire(): Acquired ID : 5846513  [3396 / 23]    HINT :      list : [TABoost / 20] [TIMEOUT / 1500] 
03-31 15:20:42.729   935  1257 D SemNscXgbL1: L2 NRT 1 sample inference time: 1.211269 msecs
03-31 15:20:42.730   935  1257 D SemNscXgbL2Rt: L2 RT 1 sample inference time: 0.920731 msecs
03-31 15:20:42.732   935  1257 D SemNscXgbL2Nrt: L2 NRT 1 sample inference time: 1.227039 msecs
03-31 15:20:42.743   935 23830 I SystemUiVisibilityPolicyController: handleMessage: entry what = 101
03-31 15:20:42.762  3396  3396 I SemDvfsHyPerManager: acquire hyper - BaseTABoost/3396@21, type = 1090523139
03-31 15:20:42.762  3396  3396 I SemDvfsHyPerManager: acquire hyper - BaseTAToouchBoost/3396@23, type = 1090523139
03-31 15:20:42.763   578   617 I HYPER-HAL: [RequestManager.cpp]acquire(): Acquired ID : 5839674  [3396 / 21]    HINT :      list : [TABoost / 5] 
03-31 15:20:42.763   578   617 I HYPER-HAL: [RequestManager.cpp]acquire(): Acquired ID : 5846513  [3396 / 23]    HINT :      list : [TABoost / 20] [TIMEOUT / 1500] 
03-31 15:20:42.812   935  1144 D SensorHubManager: onGetSensorHubDataLocked: library(4) = 1, 1, 7, 1
03-31 15:20:42.813   935  1145 D CAE     : onGetSensorHubData(SensorHubParserProvider.java:89) - onGetSensorHubData Event [event buffer len :4], AP_WAKEUP
03-31 15:20:42.814   935  1145 I CAE     : parse(SensorHubParserProvider.java:190) - buffer size = 4
03-31 15:20:42.814   935  1145 I CAE     : parse(SensorHubParserProvider.java:201) - 1, 1, 7, 1,
03-31 15:20:42.814   935  1145 D CAE     : display(ContextProvider.java:375) - ================= AUTO_ROTATION =================
03-31 15:20:42.814   935  1145 I CAE     : display(ContextProvider.java:391) - Angle=[1]
03-31 15:20:42.814   935  1142 D SemContextService: Service.updateContext() : service = Auto Rotation
03-31 15:20:42.814   935  1010 D SemContextManager: onSemContextChanged() : event = Auto Rotation Angle : 1
03-31 15:20:42.814   935  1010 D SemContextManager: AutoRotationEvent : Angle = 1
03-31 15:20:42.814   935  1010 I WindowOrientationListener: OrientationSensorJudge.onSemContextChanged, Rotation: 1
03-31 15:20:42.815   935  1010 V WindowManager: rotationForOrientation(orient=SCREEN_ORIENTATION_SENSOR_LANDSCAPE (6), last=ROTATION_90 (1)); user=ROTATION_0 (0) USER_ROTATION_LOCKED
03-31 15:20:42.815   935  1010 D WindowManager: rotationForOrientation, orientationSource=ActivityRecord{28aa75 u0 com.SpicySpaceChickens.HelpMarkEscape/com.epicgames.ue4.GameActivity t3836}
03-31 15:20:42.815   935  1010 V WindowManager: Computed rotation=ROTATION_90 (1) for display id=0 based on lastOrientation=SCREEN_ORIENTATION_SENSOR_LANDSCAPE (6) and oldRotation=ROTATION_90 (1), caller=com.android.server.wm.DisplayContent.updateRotationUnchecked:2278 com.android.server.wm.WindowManagerService.updateRotationUnchecked:4488 com.android.server.wm.WindowManagerService.updateRotation:4469 com.android.server.wm.DisplayRotation$OrientationListener$UpdateRunnable.run:1805 android.os.Handler.handleCallback:938 android.os.Handler.dispatchMessage:99 
03-31 15:20:42.816   935  1010 I WindowManager: enableScreenIfNeededLocked: mDisplayEnabled=true mForceDisplayEnabled=false mShowingBootMessages=false mSystemBooted=true. java.lang.RuntimeException: here
03-31 15:20:42.888  3396  3396 I SemDvfsHyPerManager: acquire hyper - BaseTABoost/3396@21, type = 1090523139
03-31 15:20:42.888  3396  3396 I SemDvfsHyPerManager: acquire hyper - BaseTAToouchBoost/3396@23, type = 1090523139
03-31 15:20:42.888   578   617 I HYPER-HAL: [RequestManager.cpp]acquire(): Acquired ID : 5839674  [3396 / 21]    HINT :      list : [TABoost / 5] 
03-31 15:20:42.888   578   617 I HYPER-HAL: [RequestManager.cpp]acquire(): Acquired ID : 5846513  [3396 / 23]    HINT :      list : [TABoost / 20] [TIMEOUT / 1500] 
03-31 15:20:42.964   935  7317 D SGM:GameManager: identifyGamePackage. com.SpicySpaceChickens.HelpMarkEscape, mCurrentUserId: 0, callerUserId: 0, callingMethodInfo: com.android.server.ssrm.SortingMachine.isGame(SortingMachine.java:162)
03-31 15:20:42.964   935  7317 D SGM:PkgDataHelper: getGamePkgData(). com.SpicySpaceChickens.HelpMarkEscape
03-31 15:20:42.978   935  1162 D InputReader: Btn_touch(6): value=0 when=148816.738921
03-31 15:20:42.978   935  1162 I InputReader: Touch event's action is 0x1 (id=6, t=0) [pCnt=1, s=] when=148816.738921
03-31 15:20:42.978   935  1161 I InputDispatcher: Delivering touch to (935): action: 0x1, f=0x0, d=0, 'Letterb', t=1 
03-31 15:20:42.979  1894  1894 W TouchInteractionService: reset
03-31 15:20:42.979   935   935 I SemDvfsHyPerManager: acquire hyper - GESTURE_DETECTED/935@22, type = -999
03-31 15:20:42.979   935   935 I SemDvfsHyPerManager: acquire hyper - GESTURE_DETECTED/935@22, type = -999
03-31 15:20:42.980   578   617 I HYPER-HAL: [RequestManager.cpp]acquire(): Acquired ID : 458425  [935 / 22]    HINT : GESTURE_DETECTED    list : [TIMEOUT / 229] 
03-31 15:20:42.981   578   617 I HYPER-HAL: [RequestManager.cpp]acquire(): Acquired ID : 458425  [935 / 22]    HINT : GESTURE_DETECTED    list : [TIMEOUT / 229] 
03-31 15:20:43.037   935  1162 D InputReader: Btn_touch(6): value=1 when=148816.797916
03-31 15:20:43.037   935  1162 I InputReader: Touch event's action is 0x0 (id=6, t=0) [pCnt=1, s=0.41665 ] when=148816.797916
03-31 15:20:43.037   935  1161 I InputDispatcher: Delivering touch to (23765): action: 0x0, f=0x0, d=0, 'da10c88', t=1 +(-96,0)
03-31 15:20:43.040 23765 23817 D UE4     : [2022.03.31-14.20.43:040][107]LogAndroid: Mobile HDR: YES
03-31 15:20:43.040  1894  1894 W TouchInteractionService: onInputEvent, inputConsumer = com.android.quickstep.-$$Lambda$InputConsumer$cayMJybMMyH-XvJ76yEWjWeqQUo@d0fb7c0
03-31 15:20:43.040 23765 23817 D UE4     : [2022.03.31-14.20.43:040][107]LogAndroidWindowUtils: Setting Width=1440 and Height=720 (requested scale = 1.000000)
03-31 15:20:43.041 23765 23765 I ViewRootImpl@779b716[GameActivity]: ViewPostIme pointer 0
03-31 15:20:43.041  3396  3396 I SemDvfsHyPerManager: acquire hyper - BaseTABoost/3396@21, type = 1090523139
03-31 15:20:43.041  3396  3396 I SemDvfsHyPerManager: acquire hyper - BaseTAToouchBoost/3396@23, type = 1090523139
03-31 15:20:43.042   578   617 I HYPER-HAL: [RequestManager.cpp]acquire(): Acquired ID : 5839674  [3396 / 21]    HINT :      list : [TABoost / 5] 
03-31 15:20:43.042   578   617 I HYPER-HAL: [RequestManager.cpp]acquire(): Acquired ID : 5846513  [3396 / 23]    HINT :      list : [TABoost / 20] [TIMEOUT / 1500] 
03-31 15:20:43.048   935  1296 W Looper  : Drained
03-31 15:20:43.103   935  1162 D InputReader: Btn_touch(6): value=0 when=148816.864157
03-31 15:20:43.103   935  1162 I InputReader: Touch event's action is 0x1 (id=6, t=0) [pCnt=1, s=] when=148816.864157
03-31 15:20:43.103   935  1161 I InputDispatcher: Delivering touch to (23765): action: 0x1, f=0x0, d=0, 'da10c88', t=1 +(-96,0)
03-31 15:20:43.104  1894  1894 W TouchInteractionService: reset
03-31 15:20:43.105 23765 23765 I ViewRootImpl@779b716[GameActivity]: ViewPostIme pointer 1
03-31 15:20:43.117 23765 23816 D UE4     : [2022.03.31-14.20.43:117][111]LogGameMode: Display: Match State Changed from InProgress to LeavingMap
03-31 15:20:43.117 23765 23816 D UE4     : [2022.03.31-14.20.43:117][111]LogGameState: Match State Changed from InProgress to LeavingMap
03-31 15:20:43.118 23765 23816 D UE4     : [2022.03.31-14.20.43:117][111]LogNet: Browse: /Game/Levels/OptionsScreen
03-31 15:20:43.118 23765 23816 D UE4     : [2022.03.31-14.20.43:118][111]LogLoad: LoadMap: /Game/Levels/OptionsScreen
03-31 15:20:43.118 23765 23816 D UE4     : [2022.03.31-14.20.43:118][111]LogWorld: BeginTearingDown for /Game/Levels/MainMenu
03-31 15:20:43.119 23765 23816 D UE4     : [2022.03.31-14.20.43:119][111]LogWorld: UWorld::CleanupWorld for MainMenu, bSessionEnded=true, bCleanupResources=true
03-31 15:20:43.120 23765 23816 D UE4     : [2022.03.31-14.20.43:120][111]LogSlate: InvalidateAllWidgets triggered.  All widgets were invalidated
03-31 15:20:43.156 23765 23816 D UE4     : [2022.03.31-14.20.43:156][111]LogAudio: Display: Waited 35.784962 ms for audio thread.
03-31 15:20:43.162 23765 23816 D UE4     : [2022.03.31-14.20.43:162][111]LogAudio: Display: Waited 41.799076 ms for audio thread.
03-31 15:20:43.171 23765 23816 D UE4     : [2022.03.31-14.20.43:171][111]LogAudio: Display: Audio Device unregistered from world 'None'.
03-31 15:20:43.175 23765 23816 D UE4     : [2022.03.31-14.20.43:175][111]LogUObjectHash: Compacting FUObjectHashTables data took   1.02ms
03-31 15:20:43.183 23765 23816 D UE4     : [2022.03.31-14.20.43:183][111]LogStreaming: Display: FlushAsyncLoading: 1 QueuedPackages, 0 AsyncPackages
03-31 15:20:43.211   578 23924 I HYPER-HAL: [RequestManager.cpp]releaseLocked(): Released ID : 458425
03-31 15:20:43.216 23765 23816 D UE4     : [2022.03.31-14.20.43:216][111]LogAudio: Display: Audio Device (ID: 1) registered with world 'OptionsScreen'.
03-31 15:20:43.217 23765 23816 D UE4     : [2022.03.31-14.20.43:217][111]LogAIModule: Creating AISystem for world OptionsScreen
03-31 15:20:43.222 23765 23816 D UE4     : [2022.03.31-14.20.43:222][111]LogLoad: Game class is 'FirstPersonGameMode_C'
03-31 15:20:43.224 23765 23816 D UE4     : [2022.03.31-14.20.43:224][111]LogWorld: Bringing World /Game/Levels/OptionsScreen.OptionsScreen up for play (max tick rate 0) at 2022.03.31-15.20.43
03-31 15:20:43.224 23765 23816 D UE4     : [2022.03.31-14.20.43:224][111]LogWorld: Bringing up level for play took: 0.000745
03-31 15:20:43.226 23765 23816 D UE4     : [2022.03.31-14.20.43:226][111]LogGameMode: FindPlayerStart: PATHS NOT DEFINED or NO PLAYERSTART with positive rating
03-31 15:20:43.226 23765 23816 D UE4     : [2022.03.31-14.20.43:226][111]LogSpawn: Warning: SpawnActor failed because no class was specified
03-31 15:20:43.230 23765 23816 D UE4     : [2022.03.31-14.20.43:230][111]LogLoad: Took 0.111971 seconds to LoadMap(/Game/Levels/OptionsScreen)
03-31 15:20:43.233   935  1257 D SemNscXgbL1: L2 NRT 1 sample inference time: 0.49927 msecs
03-31 15:20:43.233   935  1257 D SemNscXgbL2Rt: L2 RT 1 sample inference time: 0.345346 msecs
03-31 15:20:43.233   935  1257 D SemNscXgbL2Nrt: L2 NRT 1 sample inference time: 0.319308 msecs
03-31 15:20:43.233   935  1257 I SemWifiServiceDetector: Serv. type 2 1 Traff. type 1 Thr 0
03-31 15:20:43.234   935  1260 D SemWifiOptimizer: enable=0 state=0x10 prev=0x00 new=0x00 force=0
03-31 15:20:43.735   935  1257 D SemNscXgbL1: L2 NRT 1 sample inference time: 0.727693 msecs
03-31 15:20:43.735   935  1257 D SemNscXgbL2Rt: L2 RT 1 sample inference time: 0.545231 msecs
03-31 15:20:43.736   935  1257 D SemNscXgbL2Nrt: L2 NRT 1 sample inference time: 0.511116 msecs
03-31 15:20:43.759   631  1068 D DlbDap2Process: process() called [2548000] times with input channel mask 0x3 (ProcessingMode=10)
03-31 15:20:43.772   468   468 D io_stats: !@   8,0 r 2315516 84663824 w 4973269 86340832 d 1142526 257137268 f 782122 950665 iot 1264068 1012217 th 102400 0 0 pt 0 inp 0 0 148817.531
03-31 15:20:43.787   935  2314 I Process : Sending signal. PID: 23765 SIG: 10
03-31 15:20:43.788 23765 23772 I .HelpMarkEscap: Thread[6,tid=23772,WaitingInMainSignalCatcherLoop,Thread*=0xd9590a10,peer=0x13840220,"Signal Catcher"]: reacting to signal 10
03-31 15:20:43.788 23765 23772 I .HelpMarkEscap: 
03-31 15:20:43.788 23765 23772 I .HelpMarkEscap: SIGUSR1 forcing GC (no HPROF) and profile save
03-31 15:20:43.805 23765 23772 I .HelpMarkEscap: Explicit concurrent copying GC freed 6053(696KB) AllocSpace objects, 47(940KB) LOS objects, 71% free, 2486KB/8630KB, paused 111us,45us total 17.466ms
03-31 15:20:43.806 23765 23789 D OpenGLRenderer: setSurface called with nullptr
03-31 15:20:43.913   935  1162 D InputReader: Btn_touch(6): value=1 when=148817.673456
03-31 15:20:43.913   935  1162 I InputReader: Touch event's action is 0x0 (id=6, t=0) [pCnt=1, s=0.41666 ] when=148817.673456
03-31 15:20:43.914   935  1161 I InputDispatcher: Delivering touch to (23765): action: 0x0, f=0x0, d=0, 'da10c88', t=1 +(-96,0)
03-31 15:20:43.915  3396  3396 I SemDvfsHyPerManager: acquire hyper - BaseTABoost/3396@21, type = 1090523139
03-31 15:20:43.916  3396  3396 I SemDvfsHyPerManager: acquire hyper - BaseTAToouchBoost/3396@23, type = 1090523139
03-31 15:20:43.917   578   617 I HYPER-HAL: [RequestManager.cpp]acquire(): Acquired ID : 5839674  [3396 / 21]    HINT :      list : [TABoost / 5] 
03-31 15:20:43.917   578   617 I HYPER-HAL: [RequestManager.cpp]acquire(): Acquired ID : 5846513  [3396 / 23]    HINT :      list : [TABoost / 20] [TIMEOUT / 1500] 
03-31 15:20:43.917  1894  1894 W TouchInteractionService: onInputEvent, inputConsumer = com.android.quickstep.-$$Lambda$InputConsumer$cayMJybMMyH-XvJ76yEWjWeqQUo@d0fb7c0
03-31 15:20:43.921 23765 23765 I ViewRootImpl@779b716[GameActivity]: ViewPostIme pointer 0
03-31 15:20:44.115  3396  3396 I SemDvfsHyPerManager: acquire hyper - BaseTABoost/3396@21, type = 1090523139
03-31 15:20:44.115  3396  3396 I SemDvfsHyPerManager: acquire hyper - BaseTAToouchBoost/3396@23, type = 1090523139
03-31 15:20:44.115   578   617 I HYPER-HAL: [RequestManager.cpp]acquire(): Acquired ID : 5839674  [3396 / 21]    HINT :      list : [TABoost / 5] 
03-31 15:20:44.115   578   617 I HYPER-HAL: [RequestManager.cpp]acquire(): Acquired ID : 5846513  [3396 / 23]    HINT :      list : [TABoost / 20] [TIMEOUT / 1500] 
03-31 15:20:44.134   483 23440 I keystore2: keystore2::watchdog: Watchdog thread idle -> terminating. Have a great day.
03-31 15:20:44.222   935  1161 D PowerManagerService: [api] userActivityFromNative : 3120 (event: 2 flags: 0 displayId: 0) eventTime = 148817982
03-31 15:20:44.223  3396  3396 I SemDvfsHyPerManager: acquire hyper - BaseTABoost/3396@21, type = 1090523139
03-31 15:20:44.223  3396  3396 I SemDvfsHyPerManager: acquire hyper - BaseTAToouchBoost/3396@23, type = 1090523139
03-31 15:20:44.223   578   617 I HYPER-HAL: [RequestManager.cpp]acquire(): Acquired ID : 5839674  [3396 / 21]    HINT :      list : [TABoost / 5] 
03-31 15:20:44.223   578   617 I HYPER-HAL: [RequestManager.cpp]acquire(): Acquired ID : 5846513  [3396 / 23]    HINT :      list : [TABoost / 20] [TIMEOUT / 1500] 
03-31 15:20:44.238   935  1257 D SemNscXgbL1: L2 NRT 1 sample inference time: 0.769346 msecs
03-31 15:20:44.239   935  1257 D SemNscXgbL2Rt: L2 RT 1 sample inference time: 0.570231 msecs
03-31 15:20:44.239   935  1257 D SemNscXgbL2Nrt: L2 NRT 1 sample inference time: 0.438077 msecs
03-31 15:20:44.395   935  1248 D SemCellularStateManager: onSignalStrengthsChanged: mCellularSignalLevel=3
03-31 15:20:44.396  1345  1496 D MobileStatusTracker(0/1): onSignalStrengthsChanged signalStrength=SignalStrength:{mCdma=Invalid,mGsm=Invalid,mWcdma=Invalid,mTdscdma=Invalid,mLte=CellSignalStrengthLte: rssi=-109 rsrp=-108 rsrq=-6 rssnr=5 cqiTableIndex=2147483647 cqi=13 ta=2147483647 level=3 parametersUseForLevel=0,mNr=Invalid,SignalBarInfo{ lteLevel=2 },rat=14,primary=CellSignalStrengthLte} level=2
03-31 15:20:44.396  1345  1496 D CscParser: OMC path : /product/omc/EVR/conf/customer.xml
03-31 15:20:44.397  1345  1496 I CscParser: getCustomerPath : omc customer file can read
03-31 15:20:44.397  1345  1496 E CscParser: update(): xml file exist
03-31 15:20:44.403  1345  1496 D NetworkController: SignalStrength from intent slotId=0
03-31 15:20:44.421   935  1162 D InputReader: Btn_touch(6): value=0 when=148818.182409
03-31 15:20:44.421   935  1162 I InputReader: Touch event's action is 0x1 (id=6, t=0) [pCnt=1, s=] when=148818.182409
03-31 15:20:44.422   935  1161 I InputDispatcher: Delivering touch to (23765): action: 0x1, f=0x0, d=0, 'da10c88', t=1 +(-96,0)
03-31 15:20:44.422  1894  1894 W TouchInteractionService: reset
03-31 15:20:44.423 23765 23765 I ViewRootImpl@779b716[GameActivity]: ViewPostIme pointer 1
03-31 15:20:44.425  3396  3396 I SemDvfsHyPerManager: acquire hyper - BaseTABoost/3396@21, type = 1090523139
03-31 15:20:44.425  3396  3396 I SemDvfsHyPerManager: acquire hyper - BaseTAToouchBoost/3396@23, type = 1090523139
03-31 15:20:44.425   578   617 I HYPER-HAL: [RequestManager.cpp]acquire(): Acquired ID : 5839674  [3396 / 21]    HINT :      list : [TABoost / 5] 
03-31 15:20:44.425   578   617 I HYPER-HAL: [RequestManager.cpp]acquire(): Acquired ID : 5846513  [3396 / 23]    HINT :      list : [TABoost / 20] [TIMEOUT / 1500] 
03-31 15:20:44.503   935  1119 D PowerManagerService: [api] setDeviceIdleTempWhitelist: appids: [0]1000 [1]5012 [2]10112  (uid: 1000 pid: 935)
03-31 15:20:44.510   935  1119 D PowerManagerService: [api] setDeviceIdleTempWhitelist: appids: [0]1000 [1]10112  (uid: 1000 pid: 935)
03-31 15:20:44.572   935  1162 D InputReader: Btn_touch(6): value=1 when=148818.332546
03-31 15:20:44.572   935  1162 I InputReader: Touch event's action is 0x0 (id=6, t=0) [pCnt=1, s=0.41667 ] when=148818.332546
03-31 15:20:44.572   935  1161 I InputDispatcher: Delivering touch to (23765): action: 0x0, f=0x0, d=0, 'da10c88', t=1 +(-96,0)
03-31 15:20:44.574 23765 23765 I ViewRootImpl@779b716[GameActivity]: ViewPostIme pointer 0
03-31 15:20:44.574  1894  1894 W TouchInteractionService: onInputEvent, inputConsumer = com.android.quickstep.-$$Lambda$InputConsumer$cayMJybMMyH-XvJ76yEWjWeqQUo@d0fb7c0
03-31 15:20:44.575  3396  3396 I SemDvfsHyPerManager: acquire hyper - BaseTABoost/3396@21, type = 1090523139
03-31 15:20:44.575  3396  3396 I SemDvfsHyPerManager: acquire hyper - BaseTAToouchBoost/3396@23, type = 1090523139
03-31 15:20:44.575   578   617 I HYPER-HAL: [RequestManager.cpp]acquire(): Acquired ID : 5839674  [3396 / 21]    HINT :      list : [TABoost / 5] 
03-31 15:20:44.575   578   617 I HYPER-HAL: [RequestManager.cpp]acquire(): Acquired ID : 5846513  [3396 / 23]    HINT :      list : [TABoost / 20] [TIMEOUT / 1500] 
03-31 15:20:44.742   935  1257 D SemNscXgbL1: L2 NRT 1 sample inference time: 1.212116 msecs
03-31 15:20:44.743   935  1257 D SemNscXgbL2Rt: L2 RT 1 sample inference time: 0.94573 msecs
03-31 15:20:44.744   935  1257 D SemNscXgbL2Nrt: L2 NRT 1 sample inference time: 1.293423 msecs
03-31 15:20:44.744   935  1257 I SemWifiServiceDetector: Serv. type 2 0 Traff. type 1 Thr 0
03-31 15:20:44.745   935  1260 D SemWifiOptimizer: enable=0 state=0x10 prev=0x00 new=0x00 force=0
03-31 15:20:44.782  3396  3396 I SemDvfsHyPerManager: acquire hyper - BaseTABoost/3396@21, type = 1090523139
03-31 15:20:44.782  3396  3396 I SemDvfsHyPerManager: acquire hyper - BaseTAToouchBoost/3396@23, type = 1090523139
03-31 15:20:44.783   578   617 I HYPER-HAL: [RequestManager.cpp]acquire(): Acquired ID : 5839674  [3396 / 21]    HINT :      list : [TABoost / 5] 
03-31 15:20:44.783   578   617 I HYPER-HAL: [RequestManager.cpp]acquire(): Acquired ID : 5846513  [3396 / 23]    HINT :      list : [TABoost / 20] [TIMEOUT / 1500] 
03-31 15:20:44.982  3396  3396 I SemDvfsHyPerManager: acquire hyper - BaseTABoost/3396@21, type = 1090523139
03-31 15:20:44.982  3396  3396 I SemDvfsHyPerManager: acquire hyper - BaseTAToouchBoost/3396@23, type = 1090523139
03-31 15:20:44.983   578   617 I HYPER-HAL: [RequestManager.cpp]acquire(): Acquired ID : 5839674  [3396 / 21]    HINT :      list : [TABoost / 5] 
03-31 15:20:44.983   578   617 I HYPER-HAL: [RequestManager.cpp]acquire(): Acquired ID : 5846513  [3396 / 23]    HINT :      list : [TABoost / 20] [TIMEOUT / 1500] 
03-31 15:20:44.998 22378 23928 I ProvidersCache: Provider returned no roots. Possibly naughty: com.microsoft.skydrive.content.StorageAccessProvider
03-31 15:20:45.030   935  1162 D InputReader: Btn_touch(6): value=0 when=148818.791390
03-31 15:20:45.031   935  1162 I InputReader: Touch event's action is 0x1 (id=6, t=0) [pCnt=1, s=] when=148818.791390
03-31 15:20:45.031   935  1161 I InputDispatcher: Delivering touch to (23765): action: 0x1, f=0x0, d=0, 'da10c88', t=1 +(-96,0)
03-31 15:20:45.032  1894  1894 W TouchInteractionService: reset
03-31 15:20:45.034 23765 23765 I ViewRootImpl@779b716[GameActivity]: ViewPostIme pointer 1
03-31 15:20:45.236 22378 23942 I ProvidersCache: Provider returned no roots. Possibly naughty: com.microsoft.skydrive.content.StorageAccessProvider
03-31 15:20:45.247   935  1257 D SemNscXgbL1: L2 NRT 1 sample inference time: 0.652615 msecs
03-31 15:20:45.247   935  1257 D SemNscXgbL2Rt: L2 RT 1 sample inference time: 0.545154 msecs
03-31 15:20:45.249   935  1257 D SemNscXgbL2Nrt: L2 NRT 1 sample inference time: 1.382731 msecs
03-31 15:20:45.260 11661 11661 I wpa_supplicant: Heartbeat 5725
03-31 15:20:45.297   935  1162 D InputReader: Btn_touch(6): value=1 when=148819.057896
03-31 15:20:45.297   935  1162 I InputReader: Touch event's action is 0x0 (id=6, t=0) [pCnt=1, s=0.41668 ] when=148819.057896
03-31 15:20:45.297   935  1161 I InputDispatcher: Delivering touch to (23765): action: 0x0, f=0x0, d=0, 'da10c88', t=1 +(-96,0)
03-31 15:20:45.299 23765 23765 I ViewRootImpl@779b716[GameActivity]: ViewPostIme pointer 0
03-31 15:20:45.299  3396  3396 I SemDvfsHyPerManager: acquire hyper - BaseTABoost/3396@21, type = 1090523139
03-31 15:20:45.299  3396  3396 I SemDvfsHyPerManager: acquire hyper - BaseTAToouchBoost/3396@23, type = 1090523139
03-31 15:20:45.300  1894  1894 W TouchInteractionService: onInputEvent, inputConsumer = com.android.quickstep.-$$Lambda$InputConsumer$cayMJybMMyH-XvJ76yEWjWeqQUo@d0fb7c0
03-31 15:20:45.300   578   617 I HYPER-HAL: [RequestManager.cpp]acquire(): Acquired ID : 5839674  [3396 / 21]    HINT :      list : [TABoost / 5] 
03-31 15:20:45.300   578   617 I HYPER-HAL: [RequestManager.cpp]acquire(): Acquired ID : 5846513  [3396 / 23]    HINT :      list : [TABoost / 20] [TIMEOUT / 1500] 
03-31 15:20:45.399  3396  3396 I SemDvfsHyPerManager: acquire hyper - BaseTABoost/3396@21, type = 1090523139
03-31 15:20:45.399  3396  3396 I SemDvfsHyPerManager: acquire hyper - BaseTAToouchBoost/3396@23, type = 1090523139
03-31 15:20:45.400   578   617 I HYPER-HAL: [RequestManager.cpp]acquire(): Acquired ID : 5839674  [3396 / 21]    HINT :      list : [TABoost / 5] 
03-31 15:20:45.400   578   617 I HYPER-HAL: [RequestManager.cpp]acquire(): Acquired ID : 5846513  [3396 / 23]    HINT :      list : [TABoost / 20] [TIMEOUT / 1500] 
03-31 15:20:45.443   636   636 I SurfaceFlinger: SFWD update time=148819204383632
03-31 15:20:45.498   935  1161 D PowerManagerService: [api] userActivityFromNative : 3130 (event: 2 flags: 0 displayId: 0) eventTime = 148819258
03-31 15:20:45.604   935  1257 I SemWifiServiceDetector: Traff. tracking suspended
03-31 15:20:45.608 14015 14015 D TimberLegacyLog: Activity visible? => false
03-31 15:20:45.608  3396  3396 I SemDvfsHyPerManager: acquire hyper - BaseTABoost/3396@21, type = 1090523139
03-31 15:20:45.608 14015 14015 D TimberLegacyLog: KEEPALIVEAWAY: 1648736445608
03-31 15:20:45.608  3396  3396 I SemDvfsHyPerManager: acquire hyper - BaseTAToouchBoost/3396@23, type = 1090523139
03-31 15:20:45.608   578   617 I HYPER-HAL: [RequestManager.cpp]acquire(): Acquired ID : 5839674  [3396 / 21]    HINT :      list : [TABoost / 5] 
03-31 15:20:45.608   578   617 I HYPER-HAL: [RequestManager.cpp]acquire(): Acquired ID : 5846513  [3396 / 23]    HINT :      list : [TABoost / 20] [TIMEOUT / 1500] 
03-31 15:20:45.608 14015 14015 D TimberLegacyLog: backgroundStatus_!activityVisible: -1
03-31 15:20:45.639   935  1162 D InputReader: Btn_touch(6): value=0 when=148819.400423
03-31 15:20:45.639   935  1162 I InputReader: Touch event's action is 0x1 (id=6, t=0) [pCnt=1, s=] when=148819.400423
03-31 15:20:45.640   935  1161 I InputDispatcher: Delivering touch to (23765): action: 0x1, f=0x0, d=0, 'da10c88', t=1 +(-96,0)
03-31 15:20:45.640  1894  1894 W TouchInteractionService: reset
03-31 15:20:45.640   935   935 I SemDvfsHyPerManager: acquire hyper - GESTURE_DETECTED/935@22, type = -999
