05-13 12:32:20.008 22428 22702 I 111     : 2
05-13 12:32:37.615  9702  9702 I 100     : Open /data/app/~~5I64DtMSAGUuAHXZFU9gAg==/com.poqstudio.app.platform.boohoo-1VtjKgsUJdu1i29R-DwWhQ==/base.apk took:86ms
05-13 12:32:39.168  9702  9702 I 309     : package:null took:1661 calssname:android.app.ActivityThread$H callback:null what:110
05-13 12:32:39.814 31074  3938 I 111     : 4
05-13 12:32:40.549  9953  9953 I 100     : Open /data/app/~~Vkxi21FlBLX0CGA2HB1gLA==/com.linkedin.android-yc4RiOWzveWJD_zZSzLI_w==/base.apk took:186ms
05-13 12:32:40.642 22428 22702 I 111     : 2
05-13 12:32:40.690 22428 22702 I 111     : 2
05-13 12:32:40.880 22428 22702 I 110     : One big frame drop total:165 frameGap:165 delta#155#12#2#5#0#8
05-13 12:32:40.955 22428 22702 I 111     : 2
05-13 12:32:40.966 22428 22702 I 111     : 4
05-13 12:32:41.433  9953  9953 I 309     : package:null took:1091 calssname:android.app.ActivityThread$H callback:null what:110
05-13 12:32:41.999 22428 22702 I 111     : 2
05-13 12:32:42.030 22428 22702 I 111     : 4
05-13 12:32:42.083 22428 22702 I 111     : 2
05-13 12:32:42.211 22428 22702 I 111     : 4
05-13 12:32:42.250 22428 22702 I 111     : 2
05-13 12:32:42.299 22428 22702 I 111     : 2
05-13 12:32:42.374 22428 22702 I 111     : 2
05-13 12:32:42.441 22428 22702 I 111     : 4
05-13 12:32:42.490 22428 22702 I 111     : 2
05-13 12:32:42.542 22428 22702 I 111     : 2
05-13 12:32:42.604 22428 22702 I 111     : 2
05-13 12:32:42.651 22428 22702 I 111     : 2
05-13 12:32:42.707 22428 22702 I 111     : 2
05-13 12:32:42.719 22428 22702 I 111     : 4
05-13 12:32:42.761 22428 22702 I 111     : 2
05-13 12:32:42.799 22428 22702 I 111     : 2
05-13 12:32:42.842 22428 22702 I 111     : 2
05-13 12:32:42.924 22428 22702 I 111     : 2
05-13 12:32:42.945 22428 22702 I 111     : 4
05-13 12:32:42.966 22428 22702 I 111     : 2
05-13 12:32:43.017 22428 22702 I 111     : 2
05-13 12:32:43.063 22428 22702 I 111     : 2
05-13 12:32:43.166 22428 22702 I 111     : 4
05-13 12:32:44.042  1614  2210 I 106     : System spent 133.6ms processing the last motion event: MotionEvent#DOWN
05-13 12:32:44.071  1614  2210 I 106     : System spent 121.3ms processing the last motion event: MotionEvent#MOVE
05-13 12:32:44.071  1614  2210 I 106     : System spent 114.4ms processing the last motion event: MotionEvent#MOVE
05-13 12:32:44.071  1614  2210 I 106     : System spent 108.1ms processing the last motion event: MotionEvent#MOVE
05-13 12:32:44.104  1614  2210 I 106     : System spent 101.0ms processing the last motion event: MotionEvent#UP
05-13 12:32:44.484 22428 22702 I 110     : One big frame drop total:206 frameGap:206 delta#177#12#3#7#0#15
05-13 12:32:44.501 22428 22702 I 111     : 3-2
05-13 12:32:44.539 22428 22702 I 111     : 2
05-13 12:32:44.832 10094 10094 I 100     : Open /system_ext/priv-app/OnePlusCamera/OnePlusCamera.apk took:105ms
05-13 12:32:44.929 10117 10117 I 100     : Open /data/app/~~s5tCTKDvmBFv7IEWXdLfgA==/com.google.android.apps.docs-dRcXoVnXZnH3Ows_mTHNKA==/base.apk took:107ms
05-13 12:32:45.040 10136 10136 I 100     : Open /data/app/uk.co.tsb.newmobilebank-Ub0hDI8y59Q3g_JlT48v9A==/base.apk took:151ms
05-13 12:32:45.372 22428 22702 I 111     : 2
05-13 12:32:45.491 10170 10170 I 100     : Open /system_ext/priv-app/OnePlusCamera/OnePlusCamera.apk took:53ms
05-13 12:32:45.586 22428 22702 I 110     : One big frame drop total:130 frameGap:136 delta#44#80#6#73#0#5
05-13 12:32:45.680 22428 22702 I 110     : One big frame drop total:89 frameGap:89 delta#155#9#0#7#0#3
05-13 12:32:45.821 22428 22702 I 110     : One big frame drop total:129 frameGap:129 delta#22#99#10#88#0#20
05-13 12:32:45.856 22428 22702 I 110     : One big frame drop total:35 frameGap:35 delta#77#24#3#0#0#5
05-13 12:32:45.856 22428 22702 I 111     : 3-1
05-13 12:32:45.873 22428 22702 I 111     : 3-2
05-13 12:32:46.005 10117 10117 I 309     : package:null took:1220 calssname:android.app.ActivityThread$H callback:null what:110
05-13 12:32:46.082 10222 10222 I 100     : Open /data/app/~~VT9wpnKPfPV2zLl6wtF3Rg==/com.oneplus.gallery-eo03ApKJdfNsMRfNW_4QJQ==/base.apk took:94ms
05-13 12:32:46.770 10136 10136 I 309     : package:null took:1905 calssname:android.app.ActivityThread$H callback:null what:110
05-13 12:32:46.937 10359 10359 I 100     : Open /data/app/~~VT9wpnKPfPV2zLl6wtF3Rg==/com.oneplus.gallery-eo03ApKJdfNsMRfNW_4QJQ==/base.apk took:70ms
05-13 12:32:47.001 10222 10222 I 309     : package:null took:1091 calssname:android.app.ActivityThread$H callback:null what:110
05-13 12:32:47.276 10136 10136 I 101     : #255
05-13 12:32:47.459  4810  5462 I 110     : One big frame drop total:125 frameGap:1140 delta#111#7#7#0#0#5
05-13 12:32:47.599  4810  5462 I 110     : One big frame drop total:140 frameGap:140 delta#111#7#5#1#0#24
05-13 12:32:47.871 10094 10188 I 309     : package:null took:2562 calssname:android.os.Handler callback:com.oneplus.threading.Dispatcher$dispatchDefaultOpRunnable$1@5c68b63 what:0
05-13 12:32:48.655 10136 10136 I 309     : package:null took:1885 calssname:android.os.Handler callback:com.tealium.internal.dispatcher.WebViewDispatcher$2@42c2fb5 what:0
05-13 12:32:50.065 10222 10312 I 309     : package:null took:1589 calssname:com.oneplus.base.BaseThread$InternalHandler callback:com.oneplus.gallery2.media.MediaStoreMediaSource$QueryAllMediaStoreContentRunnable@2c85a91 what:0
05-13 12:32:52.336 10222 10312 I 309     : package:null took:2257 calssname:com.oneplus.base.BaseThread$InternalHandler callback:com.oneplus.gallery2.media.MediaStoreMediaSource$QueryAllMediaStoreContentRunnable@1de83f6 what:0
05-13 12:32:54.349 10222 10312 I 309     : package:null took:1997 calssname:com.oneplus.base.BaseThread$InternalHandler callback:com.oneplus.gallery2.media.MediaStoreMediaSource$QueryAllMediaStoreContentRunnable@c9831f7 what:0
05-13 12:32:56.060 10222 10312 I 309     : package:null took:1689 calssname:com.oneplus.base.BaseThread$InternalHandler callback:com.oneplus.gallery2.media.MediaStoreMediaSource$QueryAllMediaStoreContentRunnable@ea33e64 what:0
05-13 12:33:39.584  1614  2002 I 322     : com.android.systemui#-1#109
05-13 12:33:47.520 18940 21659 I 110     : One big frame drop total:224 frameGap:367 delta#199#16#2#13#1#6
05-13 12:34:06.683 18940 21659 I 111     : 3-3
05-13 12:35:14.959 18940 21659 I 111     : 3-4
05-13 12:35:15.716 18940 21659 I 111     : 3-4
05-13 12:35:54.104 18940 21659 I 111     : 2
05-13 12:35:58.372  7773  7792 I 101     : #231
05-13 12:35:58.519 18940 21659 I 110     : One big frame drop total:110 frameGap:531 delta#0#79#0#75#0#30
05-13 12:35:58.530 18940 21659 I 111     : 3-2
05-13 12:36:02.717  1614  2002 I 322     : com.android.systemui#-1#130
05-13 12:49:40.240 12135 12135 I 100     : Open /data/app/~~dNb8G5v34EvEVAu11NbeIQ==/tv.twitch.android.app-pQxDOQ1xPxaBwirF_x5JDQ==/base.apk took:81ms
05-13 12:49:41.301 22428 22702 I 111     : 3-3
05-13 12:57:11.442 22428 22702 I 111     : 3-4
05-13 12:57:11.539 22428 22702 I 110     : One big frame drop total:96 frameGap:96 delta#77#23#3#18#0#1
05-13 12:57:12.095  1614  2002 I 322     : com.android.systemui#-1#97
05-13 12:57:18.243  1614  2002 I 322     : com.android.systemui#-1#116
05-13 13:03:05.417 12659 12659 I 100     : Open /data/app/~~jxPmNFeQ5qg7EOy-JcsI7g==/com.google.android.apps.nbu.files-S-mR96qu3kW8nUpvROWhww==/base.apk took:66ms
05-13 13:03:05.459 12690 12690 I 100     : Open /data/app/~~YO2FjpkjxFI5X637TqCjVw==/com.instagram.android-P3OyrunGzIohVP20J7bCFA==/base.apk took:60ms
05-13 13:03:06.517 12690 12690 I 309     : package:null took:1143 calssname:android.app.ActivityThread$H callback:null what:110
05-13 13:06:06.270 22428 22702 I 110     : One big frame drop total:228 frameGap:1249 delta#66#154#1#151#0#7
05-13 13:09:15.877 13269 13269 I 100     : Open /system_ext/priv-app/OnePlusCamera/OnePlusCamera.apk took:60ms
05-13 13:09:15.932 13291 13291 I 100     : Open /data/app/uk.co.tsb.newmobilebank-Ub0hDI8y59Q3g_JlT48v9A==/base.apk took:91ms
05-13 13:09:16.227  1614  2002 I 322     : com.android.systemui#-1#101
05-13 13:09:16.347  4810  5462 I 111     : 3-4
05-13 13:09:16.412  4810  5462 I 111     : 3-4
05-13 13:09:16.489  4810  5462 I 111     : 3-4
05-13 13:09:17.300 13269 13326 I 309     : package:null took:1257 calssname:android.os.Handler callback:com.oneplus.threading.Dispatcher$dispatchDefaultOpRunnable$1@5c68b63 what:0
05-13 13:09:18.589 13359 13413 I 309     : package:null took:1079 calssname:com.oneplus.base.BaseThread$InternalHandler callback:com.oneplus.gallery2.media.MediaStoreMediaSource$QueryAllMediaStoreContentRunnable@2c85a91 what:0
05-13 13:09:20.719 13359 13413 I 309     : package:null took:2112 calssname:com.oneplus.base.BaseThread$InternalHandler callback:com.oneplus.gallery2.media.MediaStoreMediaSource$QueryAllMediaStoreContentRunnable@1de83f6 what:0
05-13 13:09:23.731 13359 13413 I 309     : package:null took:2997 calssname:com.oneplus.base.BaseThread$InternalHandler callback:com.oneplus.gallery2.media.MediaStoreMediaSource$QueryAllMediaStoreContentRunnable@c9831f7 what:0
05-13 13:09:25.151  1614  2002 I 322     : com.android.systemui#-1#121
05-13 13:09:25.488 13359 13413 I 309     : package:null took:1744 calssname:com.oneplus.base.BaseThread$InternalHandler callback:com.oneplus.gallery2.media.MediaStoreMediaSource$QueryAllMediaStoreContentRunnable@ea33e64 what:0
05-13 13:11:26.866  1614  2002 I 322     : com.android.systemui#-1#71
05-13 13:11:56.964 18917 19174 I 110     : One big frame drop total:125 frameGap:130 delta#0#121#0#3#0#3
05-13 13:11:57.165 18917 19174 I 110     : One big frame drop total:126 frameGap:133 delta#0#121#1#120#0#3
05-13 13:11:57.380 18917 19174 I 111     : 3-3
05-13 13:12:08.853 18917 19174 I 110     : One big frame drop total:64 frameGap:64 delta#22#69#6#2#0#4
05-13 13:12:08.853 18917 19174 I 111     : 3-1
05-13 13:12:12.718  1614  2009 I 300     : 279
05-13 13:12:14.937  1614  2002 I 322     : com.android.systemui#-1#114
05-13 13:13:26.881  1614  2002 I 322     : com.android.systemui#-1#74
05-13 13:13:33.633  1614  2002 I 322     : com.android.systemui#-1#109
05-13 13:14:36.827  1614  2002 I 322     : com.android.systemui#-1#79
05-13 13:14:36.895  4810  5462 I 111     : 3-4
05-13 13:14:49.499  1614  2002 I 322     : com.android.systemui#-1#82
05-13 13:17:56.364  1614  2009 I 300     : 369
05-13 13:20:55.433  1614  2810 I 300     : 338
05-13 13:21:00.308  1614  2002 I 322     : com.whatsapp#-1#269
05-13 13:21:02.540  1614  2002 I 322     : com.whatsapp#-1#273
05-13 13:26:07.965 15169 15169 I 100     : Open /data/app/~~FE5a9ioHbNZTYoI_d_TIvw==/com.microsoft.teams-_Ls1qnixtEpMB8b--kZNaw==/base.apk took:159ms
05-13 13:32:31.476 31074  3938 I 110     : One big frame drop total:104 frameGap:297 delta#0#90#0#89#1#13
05-13 13:32:31.880  1614  2009 I 300     : 282
05-13 13:32:38.849  1614  2002 I 322     : com.whatsapp#-1#130
05-13 13:32:40.389  4810  5462 I 111     : 3-4
05-13 13:32:43.831  1614  2002 I 322     : com.instagram.android#-1#880
05-13 13:32:48.198  1614  2002 I 322     : com.instagram.android#-1#397
05-13 13:33:07.199 12690 15700 I 111     : 3-3
05-13 13:33:07.725 12690 15700 I 111     : 3-3
05-13 13:33:08.214 12690 15700 I 111     : 3-3
05-13 13:33:09.784 12690 15700 I 111     : 3-3
05-13 13:33:10.360 12690 15700 I 111     : 3-3
05-13 13:33:26.681 16447 16447 I 100     : Open /data/app/~~WIH76nVm3IsA9CRc8S7TAw==/com.facebook.appmanager-aasG5c41xbdlKcxeIBWOQA==/base.apk took:64ms
05-13 13:33:26.970 16489 16489 I 100     : Open /data/app/~~wlQdt0B_cFN8OCQMbHNDkQ==/com.microsoft.skydrive-2c68xkZ4KjAeXWdiW34klQ==/base.apk took:187ms
05-13 13:33:27.162 16467 16467 I 100     : Open /data/app/~~ogFU-CcMiXdDTnQ7SXxrUA==/com.google.android.apps.maps-pWPBRaTzGCzn-V4uKJD68w==/base.apk took:375ms
05-13 13:33:28.010 16519 16519 I 100     : Open /data/app/~~i4xYsBdHIICWbdDHsp9bAw==/com.ebay.mobile-KKiZu4mRmAf8wWNMxnIgWw==/base.apk took:516ms
05-13 13:33:28.348 16467 16467 I 309     : package:null took:1668 calssname:android.app.ActivityThread$H callback:null what:110
05-13 13:33:29.047 16519 16664 I 100     : Open /data/user_de/0/com.google.android.gms/app_chimera/m/00000040/DynamiteLoader.apk took:89ms
05-13 13:33:29.384 16467 16467 I 309     : package:null took:1036 calssname:android.app.ActivityThread$H callback:null what:114
05-13 13:33:29.415 16716 16716 I 100     : Open /system/framework/org.apache.http.legacy.jar took:67ms
05-13 13:33:29.535 16666 16666 I 100     : Open /data/app/~~BcR_m9J1J2lqW9XPhgcXWA==/com.google.android.gm-pEmm2YKEA1bY5JjRHgeDQg==/base.apk took:207ms
05-13 13:33:29.539 16519 16664 I 101     : #199
05-13 13:33:29.731 16716 16716 I 100     : Open /data/app/uk.co.tsb.newmobilebank-Ub0hDI8y59Q3g_JlT48v9A==/base.apk took:311ms
05-13 13:33:29.749 13868 16739 I 100     : Open /system/framework/com.android.location.provider.jar took:71ms
05-13 13:33:30.067 16776 16776 I 100     : Open /data/app/~~DYaw8fXyWIu7MRxy2FjOlQ==/com.facebook.system-iaDXvoS8u6F_P9GostwDPw==/base.apk took:92ms
05-13 13:33:30.197 16688 16688 I 309     : package:null took:1045 calssname:android.app.ActivityThread$H callback:null what:110
05-13 13:33:30.488 13868 16739 I 100     : Open /data/app/~~6euh25UabuHU56fswJbiCA==/com.google.android.gms-7fEmL8dqLu6OsCNwvgKAhQ==/base.apk took:714ms
05-13 13:33:30.857 13868 16739 I 101     : #262
05-13 13:33:30.957 16467 16633 I 100     : Open /data/user_de/0/com.google.android.gms/app_chimera/m/00000040/DynamiteLoader.apk took:252ms
05-13 13:33:31.278 16666 16666 I 309     : package:null took:2317 calssname:android.app.ActivityThread$H callback:null what:110
05-13 13:33:31.976 16716 16716 I 309     : package:null took:2729 calssname:android.app.ActivityThread$H callback:null what:110
05-13 13:33:32.025 16467 16632 I 100     : Open /system/framework/com.android.media.remotedisplay.jar took:83ms
05-13 13:33:32.084 16447 16509 I 101     : #341
05-13 13:33:32.148 16519 16519 I 309     : package:null took:4837 calssname:android.app.ActivityThread$H callback:null what:110
05-13 13:33:32.315 16716 16716 I 100     : Open /data/app/~~gEZtthJjulEMgDmbx22D4Q==/com.google.android.webview-O4gwaSKhObabb5Sfk3DrVA==/base.apk took:80ms
05-13 13:33:32.516 16489 16489 I 309     : package:null took:5784 calssname:android.app.ActivityThread$H callback:null what:110
05-13 13:33:32.613 16489 16534 I 101     : #504
05-13 13:33:32.640 16467 16632 I 100     : Open /data/app/~~6euh25UabuHU56fswJbiCA==/com.google.android.gms-7fEmL8dqLu6OsCNwvgKAhQ==/base.apk took:192ms
05-13 13:33:32.642 16467 16633 I 100     : Open /data/user_de/0/com.google.android.gms/app_chimera/m/0000003f/CronetDynamite.apk took:226ms
05-13 13:33:32.852 12690 15700 I 110     : One big frame drop total:195 frameGap:200 delta#0#191#0#191#0#4
05-13 13:33:32.930 16467 16555 I 101     : #634
05-13 13:33:32.969 16467 16633 I 101     : #215
05-13 13:33:33.193 12690 15700 I 110     : One big frame drop total:81 frameGap:88 delta#0#70#0#2#8#3
05-13 13:33:33.236 12690 15700 I 110     : One big frame drop total:42 frameGap:42 delta#100#10#9#0#0#3
05-13 13:33:33.615 12690 15700 I 110     : One big frame drop total:92 frameGap:98 delta#0#90#0#0#0#2
05-13 13:33:34.126 16716 16716 I 309     : package:null took:2072 calssname:android.os.Handler callback:com.tealium.internal.dispatcher.WebViewDispatcher$2@2fa9ec5 what:0
05-13 13:33:34.751 16688 16751 I 101     : #299
05-13 13:33:35.034 16519 16741 I 100     : Open /system/framework/com.android.location.provider.jar took:88ms
05-13 13:33:35.094 16716 16767 I 101     : #278
05-13 13:33:35.369 16519 16741 I 100     : Open /data/app/~~6euh25UabuHU56fswJbiCA==/com.google.android.gms-7fEmL8dqLu6OsCNwvgKAhQ==/base.apk took:283ms
05-13 13:33:35.514 16519 16623 I 101     : #263
05-13 13:33:35.523 16489 16952 I 309     : package:null took:2699 calssname:com.google.android.gms.internal.base.zas callback:com.google.android.gms.common.api.internal.zabj@33416b6 what:0
05-13 13:33:35.564 16519 16741 I 101     : #191
05-13 13:33:35.734 17442 17442 I 100     : Open /data/app/~~tkGPPdxDXsUVNuet9PmVEA==/com.atlassian.android.jira.core-nJnpTPVBKRyH3xvwJVPTKg==/base.apk took:142ms
05-13 13:33:35.837 16519 16741 I 101     : #257
05-13 13:33:36.732 17442 17442 I 309     : package:null took:1183 calssname:android.app.ActivityThread$H callback:null what:110
05-13 13:33:37.241 17585 17585 I 100     : Open /data/app/~~lV3lhfuBMpfnw-_ZUpUDWw==/com.google.android.apps.youtube.music-LnGHqlvA30uxwPjJWWZoww==/base.apk took:80ms
05-13 13:33:38.144 17585 17585 I 309     : package:null took:1032 calssname:android.app.ActivityThread$H callback:null what:110
05-13 13:33:38.293 12690 15700 I 110     : One big frame drop total:355 frameGap:582 delta#250#66#1#64#6#32
05-13 13:33:38.407  1614  2210 I 106     : System spent 150.6ms processing the last motion event: MotionEvent#MOVE
05-13 13:33:38.407  1614  2210 I 106     : System spent 144.0ms processing the last motion event: MotionEvent#MOVE
05-13 13:33:38.407  1614  2210 I 106     : System spent 136.6ms processing the last motion event: MotionEvent#MOVE
05-13 13:33:38.407  1614  2210 I 106     : System spent 129.6ms processing the last motion event: MotionEvent#MOVE
05-13 13:33:38.407  1614  2210 I 106     : System spent 122.3ms processing the last motion event: MotionEvent#MOVE
05-13 13:33:38.407  1614  2210 I 106     : System spent 115.1ms processing the last motion event: MotionEvent#MOVE
05-13 13:33:38.407  1614  2210 I 106     : System spent 108.0ms processing the last motion event: MotionEvent#MOVE
05-13 13:33:38.407  1614  2210 I 106     : System spent 100.7ms processing the last motion event: MotionEvent#MOVE
05-13 13:33:39.703 17921 17921 I 100     : Open /data/app/~~aL078c43pSf7hWd33xY2sw==/com.etsy.android-ctAeb5ZJkvsHSxZi-CCjLA==/base.apk took:54ms
05-13 13:33:40.748 17921 17921 I 309     : package:null took:1125 calssname:android.app.ActivityThread$H callback:null what:110
05-13 13:33:41.335 18144 18144 I 100     : Open /data/app/~~nkx8HOZ9DGCKeoCH81W2Xw==/com.twitter.android-tTr6mfUobtJjBgWfrPNoyg==/base.apk took:77ms
05-13 13:33:53.699 13359 18470 I 309     : package:null took:4448 calssname:com.oneplus.gallery2.contentdetection.BaseDetectorClient$1 callback:null what:10020
05-13 13:33:58.988 13359 18469 I 309     : package:null took:9701 calssname:com.oneplus.gallery2.contentdetection.BaseDetectorClient$1 callback:null what:10020
05-13 13:34:00.853 13359 18470 I 309     : package:null took:2123 calssname:com.oneplus.gallery2.contentdetection.BaseDetectorClient$1 callback:null what:10020
05-13 13:34:21.898 13359 18469 I 309     : package:null took:1133 calssname:com.oneplus.gallery2.contentdetection.BaseDetectorClient$1 callback:null what:10020
05-13 13:34:44.172 13359 18469 I 309     : package:null took:17233 calssname:com.oneplus.gallery2.contentdetection.BaseDetectorClient$1 callback:null what:10020
05-13 13:34:51.676 13359 18469 I 309     : package:null took:2463 calssname:com.oneplus.gallery2.contentdetection.BaseDetectorClient$1 callback:null what:10020
05-13 13:34:58.038 13359 18469 I 309     : package:null took:1321 calssname:com.oneplus.gallery2.contentdetection.BaseDetectorClient$1 callback:null what:10020
05-13 13:35:04.359 13359 18469 I 309     : package:null took:1290 calssname:com.oneplus.gallery2.contentdetection.BaseDetectorClient$1 callback:null what:10020
05-13 13:35:10.758 13359 18469 I 309     : package:null took:1356 calssname:com.oneplus.gallery2.contentdetection.BaseDetectorClient$1 callback:null what:10020
05-13 13:48:00.506 19372 19372 I 100     : Open /data/app/~~IimInZsnsyxD8RDslKmhSw==/com.facebook.katana-s_HizEjuum1xokWRgjHNyA==/base.apk took:64ms
05-13 13:48:41.038 19552 19552 I 309     : package:null took:1291 calssname:android.app.ActivityThread$H callback:null what:110
05-13 13:48:42.729 19613 19613 I 100     : Open /data/app/~~ogFU-CcMiXdDTnQ7SXxrUA==/com.google.android.apps.maps-pWPBRaTzGCzn-V4uKJD68w==/base.apk took:79ms
05-13 13:48:48.183 20235 20235 I 100     : Open /data/app/~~lV3lhfuBMpfnw-_ZUpUDWw==/com.google.android.apps.youtube.music-LnGHqlvA30uxwPjJWWZoww==/base.apk took:68ms
05-13 13:48:49.419 20421 20421 I 100     : Open /data/app/~~BcR_m9J1J2lqW9XPhgcXWA==/com.google.android.gm-pEmm2YKEA1bY5JjRHgeDQg==/base.apk took:70ms
05-13 13:48:49.471 20438 20438 I 100     : Open /data/app/~~s5tCTKDvmBFv7IEWXdLfgA==/com.google.android.apps.docs-dRcXoVnXZnH3Ows_mTHNKA==/base.apk took:66ms
05-13 13:48:49.544 20446 20446 I 100     : Open /data/app/uk.co.tsb.newmobilebank-Ub0hDI8y59Q3g_JlT48v9A==/base.apk took:120ms
05-13 13:48:51.465 20446 20446 I 309     : package:null took:1094 calssname:android.os.Handler callback:com.tealium.internal.dispatcher.WebViewDispatcher$2@5c5a257 what:0
05-13 13:48:53.037 20892 20892 I 100     : Open /data/app/~~J-Mt-PnpYPm0mW7yCOZWjQ==/com.google.android.videos-TrehumhTcbs_YGALSGurjQ==/base.apk took:69ms
05-13 13:48:55.665 21015 21015 I 100     : Open /data/app/~~cavKBdmZyXmlhUDRZT8U4g==/com.google.android.contacts-U-DgfZgdQ-zlwxdzQKRv8A==/base.apk took:70ms
05-13 13:48:56.888 21119 21119 I 100     : Open /data/app/~~VT9wpnKPfPV2zLl6wtF3Rg==/com.oneplus.gallery-eo03ApKJdfNsMRfNW_4QJQ==/base.apk took:60ms
05-13 13:48:57.477 21186 21186 I 100     : Open /data/app/com.google.android.apps.walletnfcrel-q88utHlNKuuw-E1Q8WhxNw==/base.apk took:57ms
05-13 13:48:58.391 21252 21252 I 100     : Open /data/app/~~HwAvP99tDfeOQhfzl5BeEg==/com.android.vending-Pc8vYdR0H3NGGVcaZwJPMA==/base.apk took:70ms
05-13 13:48:58.851 21294 21294 I 100     : Open /data/app/~~jxPmNFeQ5qg7EOy-JcsI7g==/com.google.android.apps.nbu.files-S-mR96qu3kW8nUpvROWhww==/base.apk took:56ms
05-13 13:56:06.208 21922 21922 I 100     : Open /data/app/~~VT9wpnKPfPV2zLl6wtF3Rg==/com.oneplus.gallery-eo03ApKJdfNsMRfNW_4QJQ==/base.apk took:78ms
05-13 13:56:09.676 21922 21983 I 309     : package:null took:2139 calssname:com.oneplus.base.BaseThread$InternalHandler callback:com.oneplus.gallery2.media.MediaStoreMediaSource$QueryAllMediaStoreContentRunnable@16fc5ce what:0
05-13 13:56:11.726 12690 12725 I 101     : #220
05-13 13:56:12.654 21922 21983 I 309     : package:null took:2946 calssname:com.oneplus.base.BaseThread$InternalHandler callback:com.oneplus.gallery2.media.MediaStoreMediaSource$QueryAllMediaStoreContentRunnable@99ecaef what:0
05-13 13:56:15.818 21922 21983 I 309     : package:null took:3141 calssname:com.oneplus.base.BaseThread$InternalHandler callback:com.oneplus.gallery2.media.MediaStoreMediaSource$QueryAllMediaStoreContentRunnable@238affc what:0
05-13 13:56:18.740 21922 21983 I 309     : package:null took:2906 calssname:com.oneplus.base.BaseThread$InternalHandler callback:com.oneplus.gallery2.media.MediaStoreMediaSource$QueryAllMediaStoreContentRunnable@7f4b485 what:0
05-13 14:03:08.736  1614  2009 I 300     : 335
05-13 14:03:08.779 22222 22222 I 100     : Open /data/app/~~IimInZsnsyxD8RDslKmhSw==/com.facebook.katana-s_HizEjuum1xokWRgjHNyA==/base.apk took:98ms
05-13 14:03:10.220 22451 22451 I 100     : Open /system_ext/priv-app/OnePlusCamera/OnePlusCamera.apk took:71ms
05-13 14:03:10.319 22479 22479 I 100     : Open /data/app/uk.co.tsb.newmobilebank-Ub0hDI8y59Q3g_JlT48v9A==/base.apk took:85ms
05-13 14:03:10.699  4810  5462 I 111     : 3-4
05-13 14:03:12.138  1614  2002 I 322     : com.whatsapp#-1#524
05-13 14:03:13.785  1614  2002 I 322     : com.whatsapp#-1#249
05-13 14:03:27.187  1614  2002 I 322     : com.whatsapp#-1#128
05-13 14:03:29.810 31074  3938 I 110     : One big frame drop total:5 frameGap:5 delta#0#167#0#167#0#4
05-13 14:03:29.822  1614  2002 I 322     : com.whatsapp#-1#363
05-13 14:03:29.847 31074  3938 I 111     : 3-2
05-13 14:03:35.778 31074 14577 I 101     : #165
05-13 14:03:36.574  3000  4696 I 309     : package:null took:4429 calssname:com.oneplus.orm.OrmManagerService$EventHandler callback:null what:11
05-13 14:14:56.168  1614  2009 I 300     : 427
05-13 14:15:01.827  1614  2738 I 300     : 85
05-13 14:15:04.402 23306 23306 I 309     : package:null took:1383 calssname:android.app.ActivityThread$H callback:null what:110
05-13 14:15:05.384 20421 23362 I 110     : One big frame drop total:336 frameGap:336 delta#155#57#9#47#0#125
05-13 14:15:05.384 20421 23362 I 111     : 3-1
05-13 14:23:43.827  1614  2009 I 300     : 372
05-13 14:25:35.749  1614  2009 I 300     : 409
05-13 14:28:07.820 24015 24015 I 100     : Open /data/app/~~FE5a9ioHbNZTYoI_d_TIvw==/com.microsoft.teams-_Ls1qnixtEpMB8b--kZNaw==/base.apk took:149ms
05-13 14:28:42.180  1614  2009 I 300     : 376
05-13 14:30:19.002  1614  2009 I 300     : 448
05-13 14:32:03.697  1614  2009 I 300     : 364
05-13 14:34:01.278  1614  2009 I 300     : 353
05-13 14:37:43.076  1614  2009 I 300     : 370
05-13 14:39:09.378  1614  2009 I 300     : 345
05-13 14:46:34.977  6253  6253 I 100     : Open /data/app/~~Vkxi21FlBLX0CGA2HB1gLA==/com.linkedin.android-yc4RiOWzveWJD_zZSzLI_w==/base.apk took:85ms
05-13 14:49:07.528  1614  2009 I 300     : 405
05-13 14:52:54.749  1614  3346 I 300     : 401
05-13 14:53:15.420  1614  3404 I 300     : 407
05-13 14:53:18.664  4810  5462 I 110     : One big frame drop total:181 frameGap:245 delta#166#3#2#0#0#11
05-13 14:53:19.691 18917 19174 I 110     : One big frame drop total:142 frameGap:148 delta#0#139#0#3#0#2
05-13 14:53:19.710 18917 19174 I 111     : 3-2
05-13 14:53:23.031 18917 19174 I 111     : 2
05-13 14:53:25.124 18917 19174 I 110     : One big frame drop total:109 frameGap:114 delta#0#3#0#3#0#105
05-13 14:53:25.132 18917 19174 I 111     : 3-2
05-13 14:55:05.617  1614  2009 I 300     : 374
05-13 14:56:32.963  1614  3121 I 300     : 360
05-13 14:57:21.241  1614  2009 I 300     : 443
05-13 14:57:30.031  1614  2009 I 300     : 279
05-13 15:00:15.270  1614  2809 I 300     : 346
05-13 15:04:57.066  1614  2009 I 300     : 366
05-13 15:07:04.853  1614  2009 I 300     : 353
05-13 15:13:22.358  1614  2009 I 300     : 323
05-13 15:15:46.391  1614  2738 I 300     : 375
05-13 15:16:49.601  1614  2009 I 300     : 333
05-13 15:21:37.714  1614  2009 I 300     : 362
05-13 15:21:44.525 26565 26565 I 100     : Open /data/app/~~dNb8G5v34EvEVAu11NbeIQ==/tv.twitch.android.app-pQxDOQ1xPxaBwirF_x5JDQ==/base.apk took:137ms
05-13 15:21:45.467 26565 26565 I 309     : package:null took:1103 calssname:android.app.ActivityThread$H callback:null what:110
05-13 15:21:46.992  1614  2002 I 322     : com.whatsapp#-1#209
05-13 15:21:57.312 31074 26461 I 101     : #188
05-13 15:24:05.382  1614  2009 I 300     : 484
05-13 15:24:30.874  1614  2009 I 300     : 366
05-13 15:29:17.595  1614  2009 I 300     : 357
05-13 15:31:13.384  1614  2009 I 300     : 198
05-13 15:33:30.392  1614  2009 I 300     : 382
05-13 15:41:45.780  1614  2009 I 300     : 391
05-13 15:41:49.348 20421 23362 I 110     : One big frame drop total:84 frameGap:90 delta#0#79#0#50#0#4
05-13 15:41:52.800 20421 23362 I 110     : One big frame drop total:92 frameGap:93 delta#66#12#10#1#0#13
05-13 15:41:57.004  1614  2002 I 322     : com.quora.android#-1#720
05-13 15:42:27.435 15707 20503 I 111     : 2
05-13 15:43:11.952 27950 27972 I 309     : package:null took:1472 calssname:com.oneplus.base.BaseThread$InternalHandler callback:com.oneplus.gallery2.media.MediaStoreMediaSource$QueryAllMediaStoreContentRunnable@8e72017 what:0
05-13 15:43:15.063 27950 27972 I 309     : package:null took:3097 calssname:com.oneplus.base.BaseThread$InternalHandler callback:com.oneplus.gallery2.media.MediaStoreMediaSource$QueryAllMediaStoreContentRunnable@ff16204 what:0
05-13 15:43:28.092 27950 27972 I 309     : package:null took:13018 calssname:com.oneplus.base.BaseThread$InternalHandler callback:com.oneplus.gallery2.media.MediaStoreMediaSource$QueryAllMediaStoreContentRunnable@6e431ed what:0
05-13 15:44:01.594 27950 27972 I 309     : package:null took:21671 calssname:com.oneplus.base.BaseThread$InternalHandler callback:com.oneplus.gallery2.media.MediaStoreMediaSource$QueryAllMediaStoreContentRunnable@72f9e22 what:0
05-13 15:45:48.494  1614  2009 I 300     : 367
05-13 15:47:49.558  1614  2009 I 300     : 361
05-13 16:08:32.295  1614  2009 I 300     : 392
05-13 16:08:32.304 22428 22702 I 110     : One big frame drop total:116 frameGap:116 delta#77#65#10#55#0#3
05-13 16:08:32.304 22428 22702 I 111     : 3-1
05-13 16:08:34.162 28390 28390 I 100     : Open /data/app/uk.co.tsb.newmobilebank-Ub0hDI8y59Q3g_JlT48v9A==/base.apk took:147ms
05-13 16:08:36.248 31074  3938 I 111     : 2
05-13 16:08:37.071  1614  2002 I 322     : com.whatsapp#-1#235
05-13 16:08:39.273  4810  5462 I 111     : 3-4
05-13 16:08:40.975  1614  2002 I 322     : com.whatsapp#-1#329
05-13 16:08:41.188 31074  3938 I 110     : One big frame drop total:134 frameGap:134 delta#11#160#8#151#0#2
05-13 16:08:41.643 31074  3938 I 110     : One big frame drop total:362 frameGap:365 delta#0#360#0#0#0#1
05-13 16:53:25.213 30453 30453 I 100     : Open /data/app/~~dNb8G5v34EvEVAu11NbeIQ==/tv.twitch.android.app-pQxDOQ1xPxaBwirF_x5JDQ==/base.apk took:73ms
05-13 16:53:25.441 30208 30254 I 309     : package:null took:1558 calssname:com.oneplus.base.BaseThread$InternalHandler callback:com.oneplus.gallery2.media.MediaStoreMediaSource$QueryAllMediaStoreContentRunnable@910ed9c what:0
05-13 16:53:27.503 30208 30254 I 309     : package:null took:2050 calssname:com.oneplus.base.BaseThread$InternalHandler callback:com.oneplus.gallery2.media.MediaStoreMediaSource$QueryAllMediaStoreContentRunnable@c50197a what:0
05-13 17:14:53.063 22428 22428 I 309     : package:null took:4539 calssname:android.view.Choreographer$FrameHandler callback:android.view.Choreographer$FrameDisplayEventReceiver@7b01eda what:0
05-13 17:20:24.727  1614  2009 I 300     : 218
05-13 17:20:42.280 31116 31116 I 100     : Open /data/app/~~5I64DtMSAGUuAHXZFU9gAg==/com.poqstudio.app.platform.boohoo-1VtjKgsUJdu1i29R-DwWhQ==/base.apk took:78ms
05-13 17:20:43.990 31116 31116 I 309     : package:null took:1807 calssname:android.app.ActivityThread$H callback:null what:110
05-13 17:20:44.051 31077 31077 I 309     : package:null took:1947 calssname:android.app.ActivityThread$H callback:null what:110
05-13 17:20:56.854  1614  2002 I 322     : com.quora.android#-1#615
05-13 17:20:56.904 31729 31729 I 100     : Open /data/app/~~IimInZsnsyxD8RDslKmhSw==/com.facebook.katana-s_HizEjuum1xokWRgjHNyA==/base.apk took:107ms
05-13 17:21:08.429 15707 20503 I 111     : 2
05-13 17:22:35.675 15707 20503 I 111     : 2
05-13 17:22:48.495 15707 20503 I 111     : 2
05-13 17:22:48.674 15707 20503 I 111     : 2
05-13 17:23:02.488 15707 20503 I 111     : 4
05-13 17:23:56.134 15707 20503 I 111     : 2
05-13 17:23:59.960 15707 20503 I 111     : 2
05-13 17:24:01.268 15707 20503 I 111     : 2
05-13 17:24:01.415 15707 20503 I 111     : 4
05-13 17:24:01.472 15707 20503 I 111     : 2
05-13 17:24:10.994 15707 20503 I 111     : 2
05-13 17:24:21.730 15707 20503 I 111     : 2
05-13 17:26:03.700 15707 20503 I 111     : 2
05-13 17:26:04.530 15707 20503 I 111     : 3-3
05-13 17:26:08.043 15707 20503 I 111     : 2
05-13 17:26:09.140 15707 20503 I 111     : 2
05-13 17:26:15.049 15707 20503 I 111     : 4
05-13 17:26:16.364 15707 20503 I 111     : 2
05-13 17:26:16.491 15707 20503 I 111     : 4
05-13 17:26:22.447 15707 20503 I 111     : 4
05-13 17:26:22.459 15707 20503 I 111     : 2
05-13 17:26:23.247 15707 20503 I 111     : 2
05-13 17:26:23.325 15707 20503 I 111     : 2
05-13 17:26:34.372 15707 20503 I 111     : 2
05-13 17:26:34.544 15707 20503 I 111     : 2
05-13 17:26:36.731 15707 20503 I 111     : 2
05-13 17:26:36.809 15707 20503 I 111     : 2
05-13 17:26:37.322 15707 20503 I 111     : 2
05-13 17:26:37.344 15707 20503 I 111     : 4
05-13 17:26:40.490 15707 20503 I 111     : 2
05-13 17:26:40.618 15707 20503 I 111     : 2
05-13 17:26:44.138 15707 20503 I 111     : 4
05-13 17:26:44.851 15707 20503 I 111     : 2
05-13 17:26:44.967 15707 20503 I 111     : 4
05-13 17:26:45.046 15707 20503 I 111     : 2
05-13 17:26:50.257 15707 20503 I 111     : 2
05-13 17:26:50.391 15707 20503 I 111     : 2
05-13 17:26:52.631 15707 20503 I 111     : 2
05-13 17:26:52.768 15707 20503 I 111     : 2
05-13 17:26:53.416 15707 20503 I 111     : 4
05-13 17:26:59.525 15707 20503 I 111     : 2
05-13 17:26:59.554 15707 20503 I 111     : 4
05-13 17:27:13.643 15707 20503 I 111     : 2
05-13 17:27:13.731 15707 20503 I 111     : 2
05-13 17:27:28.557 15707 20503 I 111     : 2
05-13 17:27:40.068 15707 20503 I 111     : 2
05-13 17:27:46.903 15707 20503 I 111     : 2
05-13 17:27:47.041 15707 20503 I 111     : 2
05-13 17:27:47.106 15707 20503 I 111     : 4
05-13 17:27:50.188 15707 20503 I 111     : 2
05-13 17:27:51.337 15707 20503 I 111     : 4
05-13 17:27:52.139 15707 20503 I 111     : 2
05-13 17:27:52.254 15707 20503 I 111     : 2
05-13 17:27:54.237 15707 20503 I 111     : 4
05-13 17:27:54.964 15707 20503 I 111     : 2
05-13 17:27:55.029 15707 20503 I 111     : 2
05-13 17:27:55.053 15707 20503 I 111     : 4
05-13 17:27:55.073 15707 20503 I 111     : 2
05-13 17:28:01.635 15707 20503 I 111     : 2
05-13 17:28:09.214 15707 20503 I 111     : 2
05-13 17:28:09.416 15707 20503 I 111     : 2
05-13 17:28:10.173 15707 20503 I 111     : 2
05-13 17:28:23.269 15707 20503 I 111     : 2
05-13 17:28:24.265 15707 20503 I 111     : 2
05-13 17:28:24.347 15707 20503 I 111     : 2
05-13 17:28:24.823 15707 20503 I 111     : 2
05-13 17:28:24.915 15707 20503 I 111     : 2
05-13 17:28:25.142 15707 20503 I 111     : 2
05-13 17:28:25.166 15707 20503 I 111     : 4
05-13 17:28:25.233 15707 20503 I 111     : 2
05-13 17:28:25.512 15707 20503 I 111     : 2
05-13 17:28:25.606 15707 20503 I 111     : 2
05-13 17:28:25.699 15707 20503 I 111     : 2
05-13 17:28:26.299 15707 20503 I 111     : 4
05-13 17:28:34.479 15707 20503 I 111     : 2
05-13 17:28:34.606 15707 20503 I 111     : 2
05-13 17:28:34.695 15707 20503 I 111     : 4
05-13 17:28:51.555 15707 20503 I 111     : 2
05-13 17:28:54.533 15707 20503 I 111     : 2
05-13 17:28:57.823 15707 20503 I 111     : 2
05-13 17:28:59.667 15707 20503 I 111     : 2
05-13 17:29:26.825 15707 20503 I 111     : 2
05-13 17:29:34.223 15707 20503 I 111     : 2
05-13 17:29:50.114 15707 20503 I 111     : 2
05-13 17:30:09.179 15707 20503 I 111     : 4
05-13 17:30:16.639 20421 23362 I 110     : One big frame drop total:195 frameGap:479 delta#88#91#3#81#0#14
05-13 17:30:16.717 20421 23362 I 110     : One big frame drop total:73 frameGap:77 delta#55#7#0#5#0#10
05-13 17:30:34.046 20421 23362 I 110     : One big frame drop total:151 frameGap:157 delta#44#98#8#83#0#8
05-13 17:30:34.106 20421 23362 I 110     : One big frame drop total:56 frameGap:60 delta#33#6#0#5#0#16
05-13 17:30:34.106 20421 23362 I 111     : 3-1
05-13 17:30:42.175 20421 23362 I 111     : 3-3
05-13 17:30:42.256 20421 23362 I 110     : One big frame drop total:81 frameGap:81 delta#55#9#8#1#0#19
05-13 17:30:43.137 20421 23362 I 110     : One big frame drop total:88 frameGap:100 delta#66#13#8#2#0#8
05-13 17:30:43.158 20421 23362 I 111     : 2
05-13 17:30:46.095  4810  5462 I 110     : One big frame drop total:79 frameGap:551 delta#66#3#2#0#0#8
05-13 17:31:19.886 18940 21659 I 110     : One big frame drop total:84 frameGap:166 delta#66#14#6#8#0#2
05-13 17:31:29.892 18940 21659 I 110     : One big frame drop total:113 frameGap:295 delta#88#10#3#6#0#14
05-13 17:31:58.504 18940 21659 I 111     : 2
05-13 17:31:58.889 18940 21659 I 111     : 4
05-13 17:31:59.315 18940 21659 I 111     : 2
05-13 17:31:59.467 18940 21659 I 111     : 4
05-13 17:32:00.843 18940 21659 I 111     : 2
05-13 17:32:23.094  1614  2002 I 322     : com.amazon.mShop.android.shopping#-1#116
05-13 17:34:55.042  1614  2002 I 322     : com.google.android.googlequicksearchbox#-1#309
05-13 17:34:55.110  3725  3725 I 100     : Open /data/app/~~FE5a9ioHbNZTYoI_d_TIvw==/com.microsoft.teams-_Ls1qnixtEpMB8b--kZNaw==/base.apk took:204ms
05-13 17:35:25.104 17622 17763 I 111     : 3-3
05-13 17:35:44.123  1614  2002 I 322     : com.whatsapp#-1#341
05-13 17:35:44.614 22428 22702 I 110     : One big frame drop total:87 frameGap:147 delta#55#27#8#19#0#3
05-13 17:35:44.657 22428 22702 I 110     : One big frame drop total:19 frameGap:43 delta#0#15#8#6#0#3
05-13 17:35:45.207  1614  2002 I 322     : com.whatsapp#-1#126
05-13 17:36:10.078 20421 23362 I 110     : One big frame drop total:142 frameGap:291 delta#55#82#4#73#0#4
05-13 17:36:10.130 20421 23362 I 110     : One big frame drop total:38 frameGap:51 delta#22#9#2#5#0#6
05-13 17:36:10.153 20421 23362 I 111     : 3-2
05-13 17:38:15.812 30453  5307 I 110     : One big frame drop total:109 frameGap:114 delta#0#105#2#5#0#4
05-13 17:40:11.207 30453  5307 I 110     : One big frame drop total:170 frameGap:217 delta#155#13#9#3#0#2
05-13 17:40:11.795  1614  2002 I 322     : com.android.systemui#-1#114
05-13 17:40:14.449  1614  1624 I 101     : #327
05-13 17:40:23.381 18940 21659 I 111     : 2
05-13 17:41:12.239  6279  6279 I 100     : Open /data/app/~~Umsmjs0CnAByMwMudS2WYg==/com.amazon.mShop.android.shopping-AjMyshmJdziH2Wi2iM4HAw==/base.apk took:53ms
05-13 17:41:15.704 15707 20503 I 110     : One big frame drop total:66 frameGap:66 delta#0#7#0#0#0#62
05-13 17:41:15.704 15707 20503 I 111     : 3-1
05-13 17:41:15.710 15707 20503 I 111     : 3-2
05-13 17:41:58.561  4810  5462 I 111     : 3-4
05-13 17:42:01.067  1614  2002 I 322     : com.android.systemui#-1#76
05-13 17:42:02.557 30453  5307 I 110     : One big frame drop total:255 frameGap:255 delta#233#70#4#22#1#5
05-13 17:46:44.335  1614  2002 I 322     : com.google.android.googlequicksearchbox#-1#212
05-13 17:47:08.225  1614  2002 I 322     : com.android.chrome#-1#389
05-13 17:47:45.622  7789  7789 I 309     : package:null took:1184 calssname:android.app.ActivityThread$H callback:null what:110
05-13 17:47:48.799  1614  2002 I 322     : com.android.chrome#-1#228
05-13 17:47:48.990 21887 23600 I 110     : One big frame drop total:95 frameGap:95 delta#22#14#10#4#64#13
05-13 17:48:48.476  1614  2002 I 322     : com.android.chrome#-1#209
05-13 17:49:02.239  6605  6860 I 111     : 2
05-13 17:49:03.664  1614  2002 I 322     : com.android.chrome#-1#229
05-13 17:49:21.702  1614  2002 I 322     : com.android.chrome#-1#255
05-13 17:49:36.746  1614  2002 I 322     : com.android.chrome#-1#211
05-13 17:49:50.744  1614  2002 I 322     : com.android.chrome#-1#228
05-13 17:50:04.706  1614  2002 I 322     : com.android.chrome#-1#285
05-13 17:50:19.214  6605  6860 I 111     : 2
05-13 17:50:23.655  1614  2002 I 322     : com.android.chrome#-1#256
05-13 17:51:17.331  9600  9600 I 100     : Open /data/app/~~5I64DtMSAGUuAHXZFU9gAg==/com.poqstudio.app.platform.boohoo-1VtjKgsUJdu1i29R-DwWhQ==/base.apk took:67ms
05-13 17:51:19.316  9807  9807 I 100     : Open /data/app/~~QTDM08rZCrnGDQffGMHhVA==/com.google.android.apps.wellbeing-4tvc8iYeuRYprf15Gl47Ew==/base.apk took:58ms
05-13 17:52:40.277 17290  4285 I 110     : One big frame drop total:115 frameGap:115 delta#99#15#5#9#0#2
05-13 17:52:41.120 17290  4285 I 111     : 3-4
05-13 17:54:48.288 10645 10645 I 100     : Open /system/reserve/OnePlusPods/OnePlusPods.apk took:84ms
05-13 17:54:51.815 17290  4285 I 110     : One big frame drop total:135 frameGap:138 delta#99#28#4#23#0#7
05-13 17:54:53.561 17290  4285 I 110     : One big frame drop total:216 frameGap:380 delta#11#189#2#187#1#14
05-13 17:56:44.996 17290  4285 I 111     : 3-4
05-13 17:56:48.982 17290  4285 I 111     : 3-4
05-13 17:56:49.913 17290  4285 I 111     : 3-4
05-13 18:00:52.434 11209 11209 I 309     : package:null took:1664 calssname:android.app.ActivityThread$H callback:null what:110
05-13 18:03:15.298 17290  4285 I 111     : 3-3
05-13 18:03:18.239 17290  4285 I 110     : One big frame drop total:101 frameGap:1297 delta#0#93#10#82#0#7
05-13 18:03:18.239 17290  4285 I 111     : 3-1
05-13 18:12:04.062 11891 11891 I 100     : Open /data/app/~~Umsmjs0CnAByMwMudS2WYg==/com.amazon.mShop.android.shopping-AjMyshmJdziH2Wi2iM4HAw==/base.apk took:112ms
05-13 18:12:04.283 11964 11964 I 100     : Open /data/app/~~VT9wpnKPfPV2zLl6wtF3Rg==/com.oneplus.gallery-eo03ApKJdfNsMRfNW_4QJQ==/base.apk took:58ms
05-13 18:12:06.831 11964 12035 I 309     : package:null took:1404 calssname:com.oneplus.base.BaseThread$InternalHandler callback:com.oneplus.gallery2.media.MediaStoreMediaSource$QueryAllMediaStoreContentRunnable@8e72017 what:0
05-13 18:12:09.051 11964 12035 I 309     : package:null took:2209 calssname:com.oneplus.base.BaseThread$InternalHandler callback:com.oneplus.gallery2.media.MediaStoreMediaSource$QueryAllMediaStoreContentRunnable@ff16204 what:0
05-13 18:12:11.681 11964 12035 I 309     : package:null took:2616 calssname:com.oneplus.base.BaseThread$InternalHandler callback:com.oneplus.gallery2.media.MediaStoreMediaSource$QueryAllMediaStoreContentRunnable@6e431ed what:0
05-13 18:12:13.685 11964 12035 I 309     : package:null took:1989 calssname:com.oneplus.base.BaseThread$InternalHandler callback:com.oneplus.gallery2.media.MediaStoreMediaSource$QueryAllMediaStoreContentRunnable@72f9e22 what:0
05-13 18:14:35.336  6259  6259 I 100     : Open /data/app/~~Vkxi21FlBLX0CGA2HB1gLA==/com.linkedin.android-yc4RiOWzveWJD_zZSzLI_w==/base.apk took:67ms
05-13 18:18:05.085 12272 12272 I 309     : package:null took:1159 calssname:android.app.ActivityThread$H callback:null what:110
05-13 18:25:40.946 12562 12562 I 100     : Open /data/app/~~BcR_m9J1J2lqW9XPhgcXWA==/com.google.android.gm-pEmm2YKEA1bY5JjRHgeDQg==/base.apk took:51ms
05-13 18:25:40.980 12580 12580 I 100     : Open /data/app/~~5I64DtMSAGUuAHXZFU9gAg==/com.poqstudio.app.platform.boohoo-1VtjKgsUJdu1i29R-DwWhQ==/base.apk took:66ms
05-13 18:35:03.979 13011 13011 I 100     : Open /data/app/~~FE5a9ioHbNZTYoI_d_TIvw==/com.microsoft.teams-_Ls1qnixtEpMB8b--kZNaw==/base.apk took:82ms
05-13 19:11:21.103 13732 13732 I 100     : Open /data/app/~~tkGPPdxDXsUVNuet9PmVEA==/com.atlassian.android.jira.core-nJnpTPVBKRyH3xvwJVPTKg==/base.apk took:71ms
05-13 19:22:11.766 30453  5307 I 111     : 2
05-13 19:22:12.090 30453  5307 I 110     : One big frame drop total:78 frameGap:87 delta#66#8#4#3#0#2
05-13 19:22:15.942 14098 14128 I 309     : package:null took:1726 calssname:com.oneplus.base.BaseThread$InternalHandler callback:com.oneplus.gallery2.media.MediaStoreMediaSource$QueryAllMediaStoreContentRunnable@890fe17 what:0
05-13 19:22:18.133 14098 14128 I 309     : package:null took:2178 calssname:com.oneplus.base.BaseThread$InternalHandler callback:com.oneplus.gallery2.media.MediaStoreMediaSource$QueryAllMediaStoreContentRunnable@898e804 what:0
05-13 19:22:19.483 14098 14128 I 309     : package:null took:1334 calssname:com.oneplus.base.BaseThread$InternalHandler callback:com.oneplus.gallery2.media.MediaStoreMediaSource$QueryAllMediaStoreContentRunnable@afc3fed what:0
05-13 19:39:08.714  1614  2009 I 300     : 260
05-13 19:39:15.200 12690 12725 I 101     : #295
05-13 19:39:15.300  1614  2002 I 322     : com.google.android.gm#-1#554
05-13 19:39:19.013 12562 15183 I 110     : One big frame drop total:10 frameGap:10 delta#0#79#0#65#0#2
05-13 19:39:19.027 12562 15183 I 111     : 3-2
05-13 19:39:27.984 12562 15183 I 110     : One big frame drop total:176 frameGap:1802 delta#55#104#5#93#0#16
05-13 19:39:28.043 12562 15183 I 110     : One big frame drop total:57 frameGap:58 delta#33#11#2#7#0#12
05-13 19:39:28.043 12562 15183 I 111     : 3-1
05-13 19:39:28.971 12562 15183 I 111     : 3-3
05-13 19:39:35.283  1614  2002 I 322     : com.amazon.mShop.android.shopping#-1#843
05-13 19:39:51.992 14257 15733 I 111     : 2
05-13 19:39:52.169 14257 15733 I 111     : 2
05-13 19:39:55.715 13435 13435 I 309     : package:null took:1108 calssname:android.app.ActivityThread$H callback:null what:159
05-13 19:39:55.802  1614  2002 I 322     : com.supercell.clashofclans#87#1460
05-13 19:39:56.648  1614  2002 I 322     : com.android.vending#-1#236
05-13 19:49:42.710  1696  1696 I 309     : package:null took:4588 calssname:android.os.AsyncTask$InternalHandler callback:null what:1
05-13 19:49:45.129  1696  1696 I 309     : package:null took:1163 calssname:android.os.Handler callback:xlj@eaede17 what:0
05-13 19:50:30.935 23188 23188 I 100     : Open /system_ext/priv-app/OPAppCategoryProvider/OPAppCategoryProvider.apk took:51ms
05-13 19:50:34.675 23301 23301 I 309     : package:null took:2769 calssname:android.app.ActivityThread$H callback:null what:110
05-13 19:57:12.757  1614  2002 I 322     : com.supercell.brawlstars#115#1413
05-13 19:57:13.575 27116 27116 I 309     : package:null took:1776 calssname:android.app.ActivityThread$H callback:null what:110
05-13 19:59:39.329 27932 27932 I 100     : Open /data/app/~~YO2FjpkjxFI5X637TqCjVw==/com.instagram.android-P3OyrunGzIohVP20J7bCFA==/base.apk took:67ms
05-13 19:59:40.794 28018 28018 I 100     : Open /data/app/~~IimInZsnsyxD8RDslKmhSw==/com.facebook.katana-s_HizEjuum1xokWRgjHNyA==/base.apk took:155ms
05-13 19:59:41.831 27932 27932 I 309     : package:null took:2625 calssname:android.app.ActivityThread$H callback:null what:110
05-13 20:01:39.792 30168 30168 I 100     : Open /data/app/~~YetnCmWtjdW_mSLhMdAG2Q==/com.whatsapp-go8LpMOeUD17gBc4fNvWZw==/base.apk took:60ms
05-13 20:01:39.836 30187 30187 I 100     : Open /data/app/~~V61JDuQmsMs3nSzVslb6IA==/com.discord-ZQrC-O34cgUAB7vdrCMsMA==/base.apk took:60ms
05-13 20:01:39.963 30237 30237 I 100     : Open /system_ext/priv-app/OnePlusCamera/OnePlusCamera.apk took:78ms
05-13 20:01:39.965 30231 30231 I 100     : Open /data/app/~~5I64DtMSAGUuAHXZFU9gAg==/com.poqstudio.app.platform.boohoo-1VtjKgsUJdu1i29R-DwWhQ==/base.apk took:85ms
05-13 20:01:40.641 30356 30356 I 100     : Open /data/app/~~VT9wpnKPfPV2zLl6wtF3Rg==/com.oneplus.gallery-eo03ApKJdfNsMRfNW_4QJQ==/base.apk took:127ms
05-13 20:01:40.897 30231 30231 I 100     : Open /data/app/~~6euh25UabuHU56fswJbiCA==/com.google.android.gms-7fEmL8dqLu6OsCNwvgKAhQ==/base.apk took:77ms
05-13 20:01:41.376 30168 30168 I 309     : package:null took:1684 calssname:android.app.ActivityThread$H callback:null what:110
05-13 20:01:41.519 30356 30356 I 309     : package:null took:1097 calssname:android.app.ActivityThread$H callback:null what:110
05-13 20:01:41.625 30558 30558 I 100     : Open /data/app/~~VT9wpnKPfPV2zLl6wtF3Rg==/com.oneplus.gallery-eo03ApKJdfNsMRfNW_4QJQ==/base.apk took:74ms
05-13 20:01:42.279 30639 30639 I 100     : Open /data/app/~~VT9wpnKPfPV2zLl6wtF3Rg==/com.oneplus.gallery-eo03ApKJdfNsMRfNW_4QJQ==/base.apk took:99ms
05-13 20:01:42.397 30237 30320 I 309     : package:null took:2144 calssname:android.os.Handler callback:com.oneplus.threading.Dispatcher$dispatchDefaultOpRunnable$1@5c68b63 what:0
05-13 20:01:42.432 30356 30493 I 309     : package:null took:1057 calssname:com.oneplus.base.BaseThread$InternalHandler callback:com.oneplus.gallery2.media.MediaStoreMediaSource$QueryAllMediaStoreContentRunnable@bc6835a what:0
05-13 20:01:42.579 30231 30231 I 309     : package:null took:2729 calssname:android.app.ActivityThread$H callback:null what:110
05-13 20:01:42.672 30208 30208 I 309     : package:null took:2890 calssname:android.app.ActivityThread$H callback:null what:110
05-13 20:01:42.901 30187 30187 I 309     : package:null took:3156 calssname:android.app.ActivityThread$H callback:null what:110
05-13 20:01:43.845 30356 30493 I 309     : package:null took:1097 calssname:com.oneplus.base.BaseThread$InternalHandler callback:com.oneplus.gallery2.media.MediaStoreMediaSource$QueryAllMediaStoreContentRunnable@ef9dc04 what:0
05-13 20:01:43.881  3000  4696 I 309     : package:null took:5806 calssname:com.oneplus.orm.OrmManagerService$EventHandler callback:null what:11
05-13 20:01:46.512 22428 22428 I 309     : package:null took:1216 calssname:android.os.Handler callback:com.android.systemui.statusbar.-$$Lambda$NotificationListener$NvFmU0XrVPuc5pizHcri9I0apkw@da500d what:0
05-13 20:01:47.626 30356 30493 I 309     : package:null took:3770 calssname:com.oneplus.base.BaseThread$InternalHandler callback:com.oneplus.gallery2.media.MediaStoreMediaSource$QueryAllMediaStoreContentRunnable@8bc23ed what:0
05-13 20:01:54.658 30356 30493 I 309     : package:null took:7019 calssname:com.oneplus.base.BaseThread$InternalHandler callback:com.oneplus.gallery2.media.MediaStoreMediaSource$QueryAllMediaStoreContentRunnable@ada822 what:0
05-13 20:02:00.216 30841 30841 I 100     : Open /data/app/~~sLV3J_PHR2VvZiG4r96bBg==/org.telegram.messenger-gAsggSpn1R6yC2IJVAcWsw==/base.apk took:82ms
05-13 20:02:01.449 30356 30493 I 309     : package:null took:6778 calssname:com.oneplus.base.BaseThread$InternalHandler callback:com.oneplus.gallery2.media.MediaStoreMediaSource$QueryAllMediaStoreContentRunnable@1c0e0b3 what:0
05-13 20:11:27.650  1614  2009 I 300     : 236
05-13 20:11:31.492 31132 31132 I 100     : Open /data/app/~~YO2FjpkjxFI5X637TqCjVw==/com.instagram.android-P3OyrunGzIohVP20J7bCFA==/base.apk took:55ms
05-13 20:11:33.402 31132 31132 I 309     : package:null took:1985 calssname:android.app.ActivityThread$H callback:null what:110
05-13 20:12:52.787  1614  2009 I 300     : 330
05-13 20:12:53.190 31390 31390 I 100     : Open /data/app/~~6euh25UabuHU56fswJbiCA==/com.google.android.gms-7fEmL8dqLu6OsCNwvgKAhQ==/base.apk took:64ms
05-13 20:12:54.307 31390 31390 I 309     : package:null took:1236 calssname:android.app.ActivityThread$H callback:null what:110
05-13 20:12:54.619  4810  5462 I 111     : 2
05-13 20:12:54.737  1614  2002 I 322     : com.google.android.googlequicksearchbox#-1#432
05-13 20:12:55.928 31503 31503 I 100     : Open /data/app/~~HwAvP99tDfeOQhfzl5BeEg==/com.android.vending-Pc8vYdR0H3NGGVcaZwJPMA==/base.apk took:212ms
05-13 20:12:56.398  6605  6860 I 110     : One big frame drop total:133 frameGap:869 delta#11#62#0#61#1#58
05-13 20:12:57.755 31603 31663 I 100     : Open /data/user_de/0/com.google.android.gms/app_chimera/m/00000045/MeasurementDynamite.apk took:84ms
05-13 20:12:59.714 31603 31603 I 309     : package:null took:2976 calssname:android.app.ActivityThread$H callback:null what:110
05-13 20:13:14.047 31928 31928 I 309     : package:null took:1465 calssname:android.app.ActivityThread$H callback:null what:110
05-13 20:13:18.645 31996 31996 I 309     : package:null took:1333 calssname:android.app.ActivityThread$H callback:null what:110
05-13 20:13:28.379  4810  5462 I 111     : 3-4
05-13 20:13:28.879  4810  5462 I 111     : 3-4
