03-31 15:20:38.618 23765 23842 D UE4     : [2022.03.31-14.20.38:618][  0]LogImageWrapper: Warning: PNG Warning: iCCP: known incorrect sRGB profile
03-31 15:20:38.619 23765 23845 D UE4     : [2022.03.31-14.20.38:618][  0]LogImageWrapper: Warning: PNG Warning: iCCP: known incorrect sRGB profile
03-31 15:20:38.619 23765 23845 D UE4     : [2022.03.31-14.20.38:619][  0]LogImageWrapper: Warning: PNG Warning: iCCP: known incorrect sRGB profile
03-31 15:20:38.619 23765 23844 D UE4     : [2022.03.31-14.20.38:619][  0]LogImageWrapper: Warning: PNG Warning: iCCP: known incorrect sRGB profile
03-31 15:20:38.619 23765 23844 D UE4     : [2022.03.31-14.20.38:619][  0]LogImageWrapper: Warning: PNG Warning: iCCP: cHRM chunk does not match sRGB
03-31 15:20:38.619 23765 23844 D UE4     : [2022.03.31-14.20.38:619][  0]LogImageWrapper: Warning: PNG Warning: iCCP: known incorrect sRGB profile
03-31 15:20:38.619 23765 23844 D UE4     : [2022.03.31-14.20.38:619][  0]LogImageWrapper: Warning: PNG Warning: iCCP: cHRM chunk does not match sRGB
03-31 15:20:38.620 23765 23843 D UE4     : [2022.03.31-14.20.38:620][  0]LogImageWrapper: Warning: PNG Warning: iCCP: known incorrect sRGB profile
03-31 15:20:38.620 23765 23843 D UE4     : [2022.03.31-14.20.38:620][  0]LogImageWrapper: Warning: PNG Warning: iCCP: cHRM chunk does not match sRGB
03-31 15:20:38.620 23765 23843 D UE4     : [2022.03.31-14.20.38:620][  0]LogImageWrapper: Warning: PNG Warning: iCCP: known incorrect sRGB profile
03-31 15:20:38.620 23765 23843 D UE4     : [2022.03.31-14.20.38:620][  0]LogImageWrapper: Warning: PNG Warning: iCCP: cHRM chunk does not match sRGB
03-31 15:20:38.620 23765 23816 D UE4     : [2022.03.31-14.20.38:620][  0]LogImageWrapper: Warning: PNG Warning: iCCP: known incorrect sRGB profile
03-31 15:20:38.621 23765 23816 D UE4     : [2022.03.31-14.20.38:621][  0]LogImageWrapper: Warning: PNG Warning: iCCP: cHRM chunk does not match sRGB
03-31 15:20:38.621 23765 23816 D UE4     : [2022.03.31-14.20.38:621][  0]LogImageWrapper: Warning: PNG Warning: iCCP: known incorrect sRGB profile
03-31 15:20:38.621 23765 23816 D UE4     : [2022.03.31-14.20.38:621][  0]LogImageWrapper: Warning: PNG Warning: iCCP: cHRM chunk does not match sRGB
03-31 15:20:38.622 23765 23845 D UE4     : [2022.03.31-14.20.38:622][  0]LogImageWrapper: Warning: PNG Warning: iCCP: known incorrect sRGB profile
03-31 15:20:38.622 23765 23845 D UE4     : [2022.03.31-14.20.38:622][  0]LogImageWrapper: Warning: PNG Warning: iCCP: cHRM chunk does not match sRGB
03-31 15:20:38.622 23765 23845 D UE4     : [2022.03.31-14.20.38:622][  0]LogImageWrapper: Warning: PNG Warning: iCCP: known incorrect sRGB profile
03-31 15:20:38.622 23765 23845 D UE4     : [2022.03.31-14.20.38:622][  0]LogImageWrapper: Warning: PNG Warning: iCCP: cHRM chunk does not match sRGB
03-31 15:20:38.622 23765 23842 D UE4     : [2022.03.31-14.20.38:622][  0]LogImageWrapper: Warning: PNG Warning: iCCP: known incorrect sRGB profile
03-31 15:20:38.622 23765 23842 D UE4     : [2022.03.31-14.20.38:622][  0]LogImageWrapper: Warning: PNG Warning: iCCP: cHRM chunk does not match sRGB
03-31 15:20:38.622 23765 23842 D UE4     : [2022.03.31-14.20.38:622][  0]LogImageWrapper: Warning: PNG Warning: iCCP: known incorrect sRGB profile
03-31 15:20:38.622 23765 23842 D UE4     : [2022.03.31-14.20.38:622][  0]LogImageWrapper: Warning: PNG Warning: iCCP: cHRM chunk does not match sRGB
03-31 15:20:38.622 23765 23844 D UE4     : [2022.03.31-14.20.38:622][  0]LogImageWrapper: Warning: PNG Warning: iCCP: known incorrect sRGB profile
03-31 15:20:38.623 23765 23844 D UE4     : [2022.03.31-14.20.38:622][  0]LogImageWrapper: Warning: PNG Warning: iCCP: cHRM chunk does not match sRGB
03-31 15:20:38.623 23765 23844 D UE4     : [2022.03.31-14.20.38:623][  0]LogImageWrapper: Warning: PNG Warning: iCCP: known incorrect sRGB profile
03-31 15:20:38.623 23765 23844 D UE4     : [2022.03.31-14.20.38:623][  0]LogImageWrapper: Warning: PNG Warning: iCCP: cHRM chunk does not match sRGB
03-31 15:20:38.623 23765 23816 D UE4     : [2022.03.31-14.20.38:623][  0]LogImageWrapper: Warning: PNG Warning: iCCP: known incorrect sRGB profile
03-31 15:20:38.624 23765 23816 D UE4     : [2022.03.31-14.20.38:624][  0]LogImageWrapper: Warning: PNG Warning: iCCP: known incorrect sRGB profile
03-31 15:20:38.626 23765 23844 D UE4     : [2022.03.31-14.20.38:625][  0]LogImageWrapper: Warning: PNG Warning: iCCP: known incorrect sRGB profile
03-31 15:20:38.626 23765 23844 D UE4     : [2022.03.31-14.20.38:626][  0]LogImageWrapper: Warning: PNG Warning: iCCP: known incorrect sRGB profile
03-31 15:20:38.627 23765 23842 D UE4     : [2022.03.31-14.20.38:627][  0]LogImageWrapper: Warning: PNG Warning: iCCP: known incorrect sRGB profile
03-31 15:20:38.627 23765 23842 D UE4     : [2022.03.31-14.20.38:627][  0]LogImageWrapper: Warning: PNG Warning: iCCP: known incorrect sRGB profile
03-31 15:20:38.629 23765 23844 D UE4     : [2022.03.31-14.20.38:628][  0]LogImageWrapper: Warning: PNG Warning: iCCP: known incorrect sRGB profile
03-31 15:20:38.629 23765 23844 D UE4     : [2022.03.31-14.20.38:629][  0]LogImageWrapper: Warning: PNG Warning: iCCP: known incorrect sRGB profile
03-31 15:20:38.630 23765 23842 D UE4     : [2022.03.31-14.20.38:629][  0]LogImageWrapper: Warning: PNG Warning: iCCP: known incorrect sRGB profile
03-31 15:20:38.630 23765 23842 D UE4     : [2022.03.31-14.20.38:630][  0]LogImageWrapper: Warning: PNG Warning: iCCP: known incorrect sRGB profile
03-31 15:20:38.630 23765 23845 D UE4     : [2022.03.31-14.20.38:630][  0]LogImageWrapper: Warning: PNG Warning: iCCP: known incorrect sRGB profile
03-31 15:20:38.630 23765 23845 D UE4     : [2022.03.31-14.20.38:630][  0]LogImageWrapper: Warning: PNG Warning: iCCP: known incorrect sRGB profile
03-31 15:20:38.631 23765 23842 D UE4     : [2022.03.31-14.20.38:631][  0]LogImageWrapper: Warning: PNG Warning: iCCP: known incorrect sRGB profile
03-31 15:20:38.631 23765 23842 D UE4     : [2022.03.31-14.20.38:631][  0]LogImageWrapper: Warning: PNG Warning: iCCP: known incorrect sRGB profile
03-31 15:20:38.631 23765 23844 D UE4     : [2022.03.31-14.20.38:631][  0]LogImageWrapper: Warning: PNG Warning: iCCP: known incorrect sRGB profile
03-31 15:20:38.631 23765 23844 D UE4     : [2022.03.31-14.20.38:631][  0]LogImageWrapper: Warning: PNG Warning: iCCP: known incorrect sRGB profile
03-31 15:20:38.632 23765 23845 D UE4     : [2022.03.31-14.20.38:632][  0]LogImageWrapper: Warning: PNG Warning: iCCP: known incorrect sRGB profile
03-31 15:20:38.633 23765 23845 D UE4     : [2022.03.31-14.20.38:633][  0]LogImageWrapper: Warning: PNG Warning: iCCP: known incorrect sRGB profile
03-31 15:20:38.633 23765 23816 D UE4     : [2022.03.31-14.20.38:633][  0]LogImageWrapper: Warning: PNG Warning: iCCP: known incorrect sRGB profile
03-31 15:20:38.633 23765 23816 D UE4     : [2022.03.31-14.20.38:633][  0]LogImageWrapper: Warning: PNG Warning: iCCP: known incorrect sRGB profile
03-31 15:20:38.649 23765 23816 D UE4     : [2022.03.31-14.20.38:649][  0]LogShaderLibrary: Display: Using ../../../Help_Mark_Escape/Content/ShaderArchive-Help_Mark_Escape-GLSL_ES3_1_ANDROID.ushaderbytecode for material shader code. Total 2369 unique shaders.
03-31 15:20:38.650 23765 23816 D UE4     : [2022.03.31-14.20.38:650][  0]LogShaderLibrary: Display: Cooked Context: Using Shared Shader Library Help_Mark_Escape
03-31 15:20:38.650 23765 23816 D UE4     : [2022.03.31-14.20.38:650][  0]LogRHI: Display: Opened pipeline cache after state change and enqueued -1413348240 of 0 tasks for precompile.
03-31 15:20:38.650 23765 23816 D UE4     : [2022.03.31-14.20.38:650][  0]LogRHI: Display: Failed to open default shader pipeline cache for Help_Mark_Escape using shader platform 24.
03-31 15:20:38.650 23765 23816 D UE4     : [2022.03.31-14.20.38:650][  0]LogInit: Using OS detected language (en-GB).
03-31 15:20:38.650 23765 23816 D UE4     : [2022.03.31-14.20.38:650][  0]LogInit: Using OS detected locale (en-GB).
03-31 15:20:38.651 23765 23816 D UE4     : [2022.03.31-14.20.38:651][  0]LogTextLocalizationManager: No localization for 'en-GB' exists, so 'en' will be used for the language.
03-31 15:20:38.651 23765 23816 D UE4     : [2022.03.31-14.20.38:651][  0]LogTextLocalizationManager: No localization for 'en-GB' exists, so 'en' will be used for the locale.
03-31 15:20:38.651 23765 23816 D UE4     : [2022.03.31-14.20.38:651][  0]LogSlate: FontCache flush requested. Reason: Culture for localization was changed
03-31 15:20:38.651 23765 23816 D UE4     : [2022.03.31-14.20.38:651][  0]LogSlate: FontCache flush requested. Reason: Culture for localization was changed
03-31 15:20:38.652 23765 23816 D UE4     : [2022.03.31-14.20.38:652][  0]LogTextLocalizationManager: Compacting localization data took   0.03ms
03-31 15:20:38.661 23765 23816 D UE4     : [2022.03.31-14.20.38:661][  0]LogAssetRegistry: FAssetRegistry took 0.0086 seconds to start up
03-31 15:20:38.680   935  1257 D SemNscXgbL1: L2 NRT 1 sample inference time: 0.455423 msecs
03-31 15:20:38.680   935  1257 D SemNscXgbL2Rt: L2 RT 1 sample inference time: 0.346962 msecs
03-31 15:20:38.680   935  1257 D SemNscXgbL2Nrt: L2 NRT 1 sample inference time: 0.314461 msecs
03-31 15:20:38.708 23765 23866 D UE4     : [2022.03.31-14.20.38:708][  0]LogRHI: AndroidEGL:SwapBuffers eglGetCompositorTimingANDROID EGL_COMPOSITE_DEADLINE_ANDROID=148812469642916, EGL_COMPOSITE_INTERVAL_ANDROID=16666667, EGL_COMPOSITE_TO_PRESENT_LATENCY_ANDROID=16666667
03-31 15:20:38.709 23765 23866 D UE4     : [2022.03.31-14.20.38:709][  0]LogRHI: JNI Display getRefreshRate=60.000004
03-31 15:20:38.709 23765 23866 D UE4     : [2022.03.31-14.20.38:709][  0]LogRHI: Final display timing metrics: DriverRefreshRate=60.0000  DriverRefreshNanos=16666667
03-31 15:20:38.709 23765 23866 D UE4     : [2022.03.31-14.20.38:709][  0]LogRHI: AndroidEGL:SwapBuffers Min=0, Max=1, Request=1, ClosestDriver=1, SetDriver=1
03-31 15:20:38.709 23765 23866 D UE4     : [2022.03.31-14.20.38:709][  0]LogRHI: Called eglSwapInterval 1
03-31 15:20:38.725   636   636 D SurfaceFlinger: Display 0 HWC layers:
03-31 15:20:38.725   636   636 D SurfaceFlinger:  SOLID_COLOR |              | 0000 |  Unknown  |    0.0    0.0    0.0    0.0 |    0    0 1080   96 | Letterbox - left#1
03-31 15:20:38.725   636   636 D SurfaceFlinger:      CLIENT |              | 0000 |  Unknown  |    0.0    0.0    0.0    0.0 |    0 2270 1080 2280 | Letterbox - right#0
03-31 15:20:38.725   636   636 D SurfaceFlinger:      DEVICE | 0x6fb5c7cfb0 | 0102 | RGBx_8888    |    0.0    0.0  720.0 1440.0 |    0   96 1080 2270 | SurfaceView - com.SpicySpaceChickens[...].ue4.GameActivity@da2aaf0@0(BLAST)#0
03-31 15:20:38.725   636   636 D SurfaceFlinger:      DEVICE | 0x6fb5c59790 | 0100 | RGBA_8888    |    0.0    0.0 1080.0 2174.0 |    0   96 1080 2270 | com.SpicySpaceChickens.HelpMarkEscape/com.epicgames.ue4.GameActivity$_23765#1
03-31 15:20:38.725   636   636 D SurfaceFlinger:      DEVICE | 0x6fb5c5fa90 | 0100 | RGBA_8888    |    0.0    0.0 1080.0 2174.0 |    0   96 1080 2270 | com.SpicySpaceChickens.HelpMarkEscape/com.epicgames.ue4.GameActivity$_23765#0
03-31 15:20:38.725   636   636 D SurfaceFlinger: 
03-31 15:20:38.805 23765 23816 D UE4     : [2022.03.31-14.20.38:805][  0]LogStreaming: Display: FlushAsyncLoading: 1 QueuedPackages, 0 AsyncPackages
03-31 15:20:38.805 23765 23816 D UE4     : [2022.03.31-14.20.38:805][  0]LogPackageLocalizationCache: Processed 11 localized package path(s) for 1 prioritized culture(s) in 0.000084 seconds
03-31 15:20:38.825 23765 23816 D UE4     : [2022.03.31-14.20.38:825][  0]LogSerialization: Display: AllowBulkDataInIoStore: 'true'
03-31 15:20:38.828 23765 23816 D UE4     : [2022.03.31-14.20.38:828][  0]LogInit: Active device profile: [0xb3466f00][0xb3d06a90 49] Android_Mali_G76
03-31 15:20:38.828 23765 23816 D UE4     : [2022.03.31-14.20.38:828][  0]LogInit: Profiles: [0xb3466d00][0xb3d09530 49] Android, [0xb3466e80][0xb3d07fe0 49] Android_High, [0xb3466f00][0xb3d06a90 49] Android_Mali_G76, 
03-31 15:20:38.864 23765 23816 D UE4     : [2022.03.31-14.20.38:864][  0]LogNetVersion: Help_Mark_Escape 1.0.0, NetCL: 14830424, EngineNetVer: 16, GameNetVer: 0 (Checksum: 866733198)
03-31 15:20:38.885 12510 12510 I SCS@AiSearch user 0: (ObserverWorker::AOSP_MP) [main] entering in startWork():  
03-31 15:20:38.885 12510 12510 I SCS@AiSearch user 0: (BaseCollector::AOSP_MP) [main] entering in onChange():  
03-31 15:20:38.886 12510 12639 I SCS@AiSearch user 0: (BaseCollector::AOSP_MP) [pool-11-thread-1] entering in collectChanges():  
03-31 15:20:38.890   935  3470 D PackageManager: setEnabledSetting : userId = 0 packageName = com.samsung.android.scs cmp = androidx.work.impl.background.systemalarm.RescheduleReceiver newState = 1 callingPackage = 10111/com.samsung.android.scs
03-31 15:20:39.145 12510 12639 I SCS@AiSearch user 0: (IndexManager) [pool-11-thread-1] entering in addIndex():  
03-31 15:20:39.146 12510 12639 I SCS@AiSearch user 0: (IndexManager) [INSERT] index=[com.google.android.providers.media], size=1
03-31 15:20:39.147 12510 12639 I SCS@AiSearch user 0: (IndexManager) getIndexWriter(): indexName com.google.android.providers.media
03-31 15:20:39.153 23765 23816 V MediaPlayer-JNI: native_setup
03-31 15:20:39.153 23765 23816 V MediaPlayerNative: constructor
03-31 15:20:39.154 23765 23816 V MediaPlayerNative: setListener
03-31 15:20:39.157 23765 23816 D UE4     : [2022.03.31-14.20.39:157][  0]LogMoviePlayer: Initializing movie player
03-31 15:20:39.158 23765 23816 D UE4     : [2022.03.31-14.20.39:157][  0]LogTcpMessaging: Initializing TcpMessaging bridge, listening on 127.0.0.1:6666
03-31 15:20:39.158 23765 23816 D UE4     : [2022.03.31-14.20.39:158][  0]LogUdpMessaging: Initializing bridge on interface 0.0.0.0:0 to multicast group 230.0.0.1:6666.
03-31 15:20:39.162 12510 12639 I SCS@AiSearch user 0: (IndexManager) [INSERT] Done
03-31 15:20:39.162 12510 12639 I SCS@AiSearch user 0: (IndexSearcherManager) [pool-11-thread-1] entering in refreshSearcherManager():  refreshSearcherManager for pkg com.google.android.providers.media
03-31 15:20:39.164 23765 23816 D UE4     : [2022.03.31-14.20.39:164][  0]LogAndroidPermission: UAndroidPermissionCallbackProxy::GetInstance
03-31 15:20:39.164 23765 23816 D UE4     : [2022.03.31-14.20.39:164][  0]LogGooglePAD: Display: GooglePAD disabled.
03-31 15:20:39.174 23765 23816 D UE4     : [2022.03.31-14.20.39:174][  0]LogUObjectArray: 13501 objects as part of root set at end of initial load.
03-31 15:20:39.174 23765 23816 D UE4     : [2022.03.31-14.20.39:174][  0]LogUObjectArray: 2 objects are not in the root set, but can never be destroyed because they are in the DisregardForGC set.
03-31 15:20:39.174 23765 23816 D UE4     : [2022.03.31-14.20.39:174][  0]LogUObjectAllocator: 1930144 out of 0 bytes used by permanent object pool.
03-31 15:20:39.174 23765 23816 D UE4     : [2022.03.31-14.20.39:174][  0]LogUObjectArray: CloseDisregardForGC: 13501/13501 objects in disregard for GC pool
03-31 15:20:39.181   935  1257 D SemNscXgbL1: L2 NRT 1 sample inference time: 0.487385 msecs
03-31 15:20:39.182   935  1257 D SemNscXgbL2Rt: L2 RT 1 sample inference time: 0.323769 msecs
03-31 15:20:39.182   935  1257 D SemNscXgbL2Nrt: L2 NRT 1 sample inference time: 0.292692 msecs
03-31 15:20:39.185 23765 23816 D UE4     : [2022.03.31-14.20.39:185][  0]LogAndroid: Display: Passed PreInit()
03-31 15:20:39.185 23765 23816 D UE4     : [2022.03.31-14.20.39:185][  0]LogEngine: Initializing Engine...
03-31 15:20:39.188 23765 23816 D UE4     : [2022.03.31-14.20.39:188][  0]LogStats: UGameplayTagsManager::InitializeManager -  0.002 s
03-31 15:20:39.214 12510 12639 I SCS@AiSearch user 0: (IndexSearcherManager) [pool-11-thread-1] leaving from refreshSearcherManager():  
03-31 15:20:39.215 12510 15383 I SCS@AiSearch user 0: (IndexManager) [pool-17-thread-1] entering in commitIndexWriter():  
03-31 15:20:39.215 12510 12639 I SCS@AiSearch user 0: (IndexManager) addIndex(): done
03-31 15:20:39.217 12510 12639 I SCS@AiSearch user 0: (BaseCollector::AOSP_MP) fetch: fetching took  256 ms
03-31 15:20:39.217 12510 12639 I SCS@AiSearch user 0: (BaseCollector::AOSP_MP) fetchChanges: applied 1 items
03-31 15:20:39.217 12510 12639 I SCS@AiSearch user 0: (BaseCollector::AOSP_MP) notifyIndexChange
03-31 15:20:39.228 12510 15383 I SCS@AiSearch user 0: (IndexManager) [pool-17-thread-1] leaving from commitIndexWriter():  
03-31 15:20:39.236 23765 23816 D UE4     : [2022.03.31-14.20.39:236][  0]LogInit: Initializing FReadOnlyCVARCache
03-31 15:20:39.236 23765 23816 D UE4     : [2022.03.31-14.20.39:236][  0]LogAudio: Display: Initializing Audio Device Manager...
03-31 15:20:39.237 23765 23816 D UE4     : [2022.03.31-14.20.39:237][  0]LogAudio: Display: Audio Device Manager Initialized
03-31 15:20:39.237 23765 23816 D UE4     : [2022.03.31-14.20.39:237][  0]LogAudio: Display: Creating Audio Device:                 Id: 1, Scope: Shared, Realtime: True
03-31 15:20:39.237 23765 23816 D UE4     : [GameActivity] [JAVA] audiomanager.framesPerBuffer = 192
03-31 15:20:39.237 23765 23816 D UE4     : [2022.03.31-14.20.39:237][  0]LogAudioMixer: Display: Audio Mixer Platform Settings:
03-31 15:20:39.237 23765 23816 D UE4     : [2022.03.31-14.20.39:237][  0]LogAudioMixer: Display: 	Sample Rate:						  48000
03-31 15:20:39.237 23765 23816 D UE4     : [2022.03.31-14.20.39:237][  0]LogAudioMixer: Display: 	Callback Buffer Frame Size Requested: 1152
03-31 15:20:39.237 23765 23816 D UE4     : [2022.03.31-14.20.39:237][  0]LogAudioMixer: Display: 	Callback Buffer Frame Size To Use:	  1152
03-31 15:20:39.237 23765 23816 D UE4     : [2022.03.31-14.20.39:237][  0]LogAudioMixer: Display: 	Number of buffers to queue:			  2
03-31 15:20:39.238 23765 23816 D UE4     : [2022.03.31-14.20.39:237][  0]LogAudioMixer: Display: 	Max Channels (voices):				  32
03-31 15:20:39.238 23765 23816 D UE4     : [2022.03.31-14.20.39:238][  0]LogAudioMixer: Display: 	Number of Async Source Workers:		  0
03-31 15:20:39.238 23765 23816 D UE4     : [2022.03.31-14.20.39:238][  0]LogAudio: Display: AudioDevice MaxSources: 32
03-31 15:20:39.238 23765 23816 D UE4     : [2022.03.31-14.20.39:238][  0]LogAudio: Display: Using built-in audio occlusion.
03-31 15:20:39.238 23765 23816 D UE4     : [2022.03.31-14.20.39:238][  0]LogAudioMixer: Display: Initializing audio mixer.
03-31 15:20:39.239 23765 23816 D UE4     : [GameActivity] [JAVA] audiomanager.optimalSampleRate = 48000
03-31 15:20:39.239 23765 23816 D UE4     : [GameActivity] [JAVA] audiomanager.framesPerBuffer = 192
03-31 15:20:39.239 23765 23816 D .HelpMarkEscap: PlayerBase::PlayerBase()
03-31 15:20:39.240 23765 23816 D .HelpMarkEscap: TrackPlayerBase::TrackPlayerBase()
03-31 15:20:39.240 23765 23816 I libOpenSLES: Emulating old channel mask behavior (ignoring positional mask 0x3, using default mask 0x3 based on channel count of 2)
03-31 15:20:39.240   578 23805 I HYPER-HAL: [RequestManager.cpp]releaseLocked(): Released ID : 470970
03-31 15:20:39.242   631  6296 V APM_AudioPolicyManager: getOutputForAttrInt() attributes={ Content type: AUDIO_CONTENT_TYPE_UNKNOWN Usage: AUDIO_USAGE_MEDIA Source: AUDIO_SOURCE_DEFAULT Flags: 0x400 Tags:  } stream=AUDIO_STREAM_MUSIC session 9665 selectedDeviceId 0
03-31 15:20:39.242   631  6296 I APM_AudioPolicyManager: selectOutputFlags: remove ULL flag for dolby
03-31 15:20:39.242   631  6296 V APM_AudioPolicyManager: getOutputForAttrInt() device {type:0x2,@:}, sampling rate 48000, format 0x1, channel mask 0x3, flags 0x4 stream AUDIO_STREAM_MUSIC
03-31 15:20:39.242   631  6296 V APM_AudioPolicyManager: selectOutput new bestOutput 13 criteria 0 0 0 0 0 0 4 2 
03-31 15:20:39.242   631  6296 V APM_AudioPolicyManager: selectOutput new bestOutput 29 criteria 0 0 0 0 0 1 4 0 
03-31 15:20:39.242   631  6296 V APM_AudioPolicyManager: getOutputForAttrInt returns output 29 selectedDeviceId 3
03-31 15:20:39.242   631  6296 V APM_AudioPolicyManager: getOutputForAttr() returns output 29 requestedPortId 0 selectedDeviceId 3 for port ID 1387
03-31 15:20:39.243   631  6296 I AudioFlinger: nonSecFlag 104, secFlag 0, outputFlags 4
03-31 15:20:39.243   631  6296 W AudioFlinger: createTrack_l(): mismatch between requested flags (00000104) and output flags (00000004)
03-31 15:20:39.243   631  6296 D AudioFlinger: Client defaulted notificationFrames to 192 for frameCount 384
03-31 15:20:39.244   631  6296 D AF::TrackHandle: OpPlayAudio: track:1334 usage:1 not muted
03-31 15:20:39.245   631  6296 I AF::Track: setMixerOutConfig return default condition, mixer key 2002, thread key 2002
03-31 15:20:39.247 23765 23816 I AudioTrack: createTrack_l(1179869081): AUDIO_OUTPUT_FLAG_FAST successful; frameCount 0 -> 384
03-31 15:20:39.249 23765 23816 D UE4     : [2022.03.31-14.20.39:249][  0]LogAudioMixer: Display: Using Audio Device Android Audio Device
03-31 15:20:39.251 23765 23816 D UE4     : [2022.03.31-14.20.39:251][  0]LogAudioMixer: Display: Initializing Sound Submixes...
03-31 15:20:39.262 23765 23816 D UE4     : [2022.03.31-14.20.39:262][  0]LogAudioMixer: Display: Creating Master Submix 'MasterSubmixDefault'
03-31 15:20:39.262 23765 23816 D UE4     : [2022.03.31-14.20.39:262][  0]LogAudioMixer: Display: Creating Master Submix 'MasterReverbSubmixDefault'
03-31 15:20:39.265 23765 23816 D UE4     : [2022.03.31-14.20.39:265][  0]LogAudioMixer: Display: Creating Master Submix 'MasterEQSubmixDefault'
03-31 15:20:39.265 23765 23816 D UE4     : [2022.03.31-14.20.39:265][  0]LogAudioMixer: Display: Output buffers initialized: Frames=1152, Channels=2, Samples=2304
03-31 15:20:39.266 23765 23899 D UE4     : [2022.03.31-14.20.39:266][  0]LogAudioMixer: Display: Starting AudioMixerPlatformInterface::RunInternal()
03-31 15:20:39.266   935   935 D AudioPlayerStateMonitor: Found a new active media playback. AudioPlaybackConfiguration piid:11383 deviceId:3 type:OpenSL ES AudioPlayer (Buffer Queue) u/pid:10409/23765 state:started attr:AudioAttributes: usage=USAGE_MEDIA content=CONTENT_TYPE_UNKNOWN flags=0x0 tags= bundle=null sessionId:9665
03-31 15:20:39.266   631  6296 I AF::Track: setMixerOutConfig return default condition, mixer key 2002, thread key 2002
03-31 15:20:39.266   631  6296 D NativeSemDvfsManager: acquire:: timeout = -999 mIsAcquired = 0  mTagName : AudioFlinger 
03-31 15:20:39.267   631  6296 E NativeCustomFrequencyManager: [NativeCFMS] BpCustomFrequencyManager::acquire()
03-31 15:20:39.267   631  6296 I AudioPolicyEffectException: MySpaceHandler::checkDetachCondition media 1, ring 0, mp 0
03-31 15:20:39.267   631  6296 I AudioPolicyEffectException: MySpace detach value 1
03-31 15:20:39.267   631  6296 V APM_AudioPolicyManager: startOutput() output 29, stream 3, session 9665, portId 1387
03-31 15:20:39.267   631  6296 V APM_AudioPolicyManager: selectOutputForMusicEffects activeOnly 1 output 29 flags 0x00000004
03-31 15:20:39.267   631  6296 V APM_AudioPolicyManager: selectOutputForMusicEffects selected output 13
03-31 15:20:39.267   631  6296 V APM_AudioPolicyManager: getNewOutputDevices selected devices {type:0x2,@:}
03-31 15:20:39.267   631  6296 V APM_AudioPolicyManager: setOutputDevices device {type:0x2,@:} delayMs 0
03-31 15:20:39.267   631  6296 V APM_AudioPolicyManager: setOutputDevices() prevDevice {type:0x2,@:}
03-31 15:20:39.267   631  6296 V APM_AudioPolicyManager: setOutputDevices: suppressing checkDeviceMuteStrategies
03-31 15:20:39.267   631  6296 V APM_AudioPolicyManager: setOutputDevices setting same device {type:0x2,@:} or null device, force=0, patch handle=276
03-31 15:20:39.267   631  6296 V APM_AudioPolicyManager: computeVolume: stream 3, index 3, volume 0.014125, deviceTypes 0x2
03-31 15:20:39.267   631  6296 V APM_AudioPolicyManager: computeVolume: stream 3, index 4, volume 0.019953, deviceTypes 0x2
03-31 15:20:39.267   935  1225 D AS.SoundAliveHelper: notify dvfs state : 2, screen : true
03-31 15:20:39.268   578   617 I HYPER-HAL: [RequestManager.cpp]acquire(): Acquired ID : 1331896  [631 / 1000]    HINT :      list : [CPUMinFreq / 8531] 
03-31 15:20:39.268 23765 23816 D UE4     : [2022.03.31-14.20.39:268][  0]LogInit: FAudioDevice initialized.
03-31 15:20:39.270 23765 23816 D UE4     : [2022.03.31-14.20.39:270][  0]LogNetVersion: Set ProjectVersion to 1.0.0.0. Version Checksum will be recalculated on next use.
03-31 15:20:39.270 23765 23816 D UE4     : [2022.03.31-14.20.39:270][  0]LogInit: Texture streaming: Enabled
03-31 15:20:39.272   551   575 D audio_hw_primary: fast_out-out_update_source_metadata: called, but not implemented yet
03-31 15:20:39.272   551   575 D audio_hw_primary: fast_out-out_update_source_metadata: This stream has 1 tracks
03-31 15:20:39.272   551   575 D audio_hw_primary: 1 Track has Usage(1), Content Type(0), Gain(0.014125)
03-31 15:20:39.273 23219 23232 I SAContentProvider:  getType() : screen on is true
03-31 15:20:39.273   551 23176 I audio_hw_primary: fast_out-out_write: transited to Ready
03-31 15:20:39.273   551 23176 D audio_hw_primary: fast_out-check_and_set_backend_mixer: no need to update backend 2 -> 2, out->backend_mode:2 
03-31 15:20:39.273   551 23176 I audio_hw_primary: fast_out-out_write: try to route for playback
03-31 15:20:39.273   551 23176 I audio_route: > audio_route_apply_path : "media-dual-speaker"
03-31 15:20:39.273   551 23176 D audio_route: Apply path: media-dual-speaker
03-31 15:20:39.273   551 23176 I audio_route: > audio_route_update_path + : "media-dual-speaker" reverse(0)
03-31 15:20:39.273   551 23176 I audio_route: > audio_route_update_path + : path length = 29
03-31 15:20:39.274   551 23176 V audio_route: ctl(0)   : "Left ASPTX1 Slot Position" value 0
03-31 15:20:39.274   551 23176 V audio_route: ctl(1)   : "Left ASPTX2 Slot Position" value 2
03-31 15:20:39.274   551 23176 V audio_route: ctl(2)   : "Left ASPTX3 Slot Position" value 4
03-31 15:20:39.274   551 23176 V audio_route: ctl(3)   : "Left ASPTX4 Slot Position" value 6
03-31 15:20:39.275   551 23176 V audio_route: ctl(4)   : "Left ASP TX1 Source" value "DSPTX1"
03-31 15:20:39.279   551 23176 V audio_route: ctl(5)   : "Left ASP TX2 Source" value "ASPRX1"
03-31 15:20:39.279   551 23176 V audio_route: ctl(6)   : "Left ASP TX3 Source" value "Zero"
03-31 15:20:39.279   551 23176 V audio_route: ctl(7)   : "Left ASP TX4 Source" value "Zero"
03-31 15:20:39.279   551 23176 V audio_route: ctl(8)   : "Left PCM Source" value "DSP"
03-31 15:20:39.280   551 23176 V audio_route: ctl(9)   : "Left Boost Enable" value "Enabled"
03-31 15:20:39.281   551 23176 V audio_route: ctl(10)   : "Left AMP Enable Switch" value 1
03-31 15:20:39.282   551 23176 V audio_route: ctl(11)   : "Right ASPTX1 Slot Position" value 1
03-31 15:20:39.282   551 23176 V audio_route: ctl(12)   : "Right ASPTX2 Slot Position" value 3
03-31 15:20:39.282   539   546 E statsd  : Predicate 5980654721335871649 dropping data for dimension key (10)0x2010101->10409[I] (10)0x30000->AudioMix[S] 
03-31 15:20:39.282   551 23176 V audio_route: ctl(13)   : "Right ASPTX3 Slot Position" value 5
03-31 15:20:39.282   539   546 E statsd  : Predicate -7037417284711607308 dropping data for dimension key (10)0x2010101->10409[I] (10)0x30000->AudioMix[S] 
03-31 15:20:39.282   551 23176 V audio_route: ctl(14)   : "Right ASPTX4 Slot Position" value 7
03-31 15:20:39.284   551 23176 V audio_route: ctl(15)   : "Right ASP TX1 Source" value "DSPTX1"
03-31 15:20:39.285   551 23176 V audio_route: ctl(16)   : "Right ASP TX2 Source" value "ASPRX1"
03-31 15:20:39.286   551 23176 V audio_route: ctl(17)   : "Right ASP TX3 Source" value "Zero"
03-31 15:20:39.286   551 23176 V audio_route: ctl(18)   : "Right ASP TX4 Source" value "Zero"
03-31 15:20:39.286   551 23176 V audio_route: ctl(19)   : "Right PCM Source" value "DSP"
03-31 15:20:39.286   551 23176 V audio_route: ctl(20)   : "Right Boost Enable" value "Enabled"
03-31 15:20:39.286   551 23176 V audio_route: ctl(21)   : "Right AMP Enable Switch" value 1
03-31 15:20:39.287   551 23176 V audio_route: ctl(22)   : "ABOX SIFS0 Channel" value 4
03-31 15:20:39.287   551 23176 V audio_route: ctl(23)   : "ABOX SIFS0 Width" value 32
03-31 15:20:39.287   551 23176 V audio_route: ctl(24)   : "ABOX UAIF1 SPK" value "SIFS0"
03-31 15:20:39.288   551 23176 V audio_route: ctl(25)   : "ABOX NSRC3" value "UAIF1"
03-31 15:20:39.288   551 23176 V audio_route: ctl(26)   : "ABOX SIFM3" value "WDMA"
03-31 15:20:39.288   551 23176 V audio_route: ctl(27)   : "ABOX REFEXT4CH_EN" value "On"
03-31 15:20:39.288   551 23176 V audio_route: ctl(28)   : "ABOX REFEXT4CH_A" value "WDMA4"
03-31 15:20:39.288   551 23176 I audio_hw_proxy_9820: proxy-set_route: routed to media-dual-speaker
03-31 15:20:39.288   551 23176 I audio_route: > audio_route_apply_path : "gain-media-dual-speaker"
03-31 15:20:39.288   551 23176 D audio_route: Apply path: gain-media-dual-speaker
03-31 15:20:39.288   551 23176 I audio_route: > audio_route_update_path + : "gain-media-dual-speaker" reverse(0)
03-31 15:20:39.288   551 23176 I audio_route: > audio_route_update_path + : path length = 4
03-31 15:20:39.288   551 23176 V audio_route: ctl(0)   : "Left AMP PCM Gain" value 18
03-31 15:20:39.288   551 23176 V audio_route: ctl(1)   : "Left Digital PCM Volume" value 817
03-31 15:20:39.289   551 23176 V audio_route: ctl(2)   : "Right AMP PCM Gain" value 18
03-31 15:20:39.289   551 23176 V audio_route: ctl(3)   : "Right Digital PCM Volume" value 817
03-31 15:20:39.289   551 23176 I audio_hw_proxy_9820: proxy-set_route: set gain as gain-media-dual-speaker
03-31 15:20:39.325   551 23176 I audio_hw_proxy_9820: proxy-enable_spkamp_reference: SPKAMP Reference PCM Device(/dev/snd/pcmC0D16c) with SR(48000) PF(1) CC(4) is opened & started
03-31 15:20:39.325   551 23176 I audio_hw_primary: fast_out-adev_set_route-1: routes to device(speaker) for usage(media)
03-31 15:20:39.325   551 23176 I audio_hw_proxy_usb: usb-out-proxy_usb_out_reset_config: reset rate[48000] format[0] channels[2]
03-31 15:20:39.325   551 23176 I audio_hw_proxy_usb: proxy_usb_out_pick_best_pcmconfig: current config rate[48000] format[0] channels[2]
03-31 15:20:39.326   551 23176 I audio_hw_proxy_9820: fast_out-proxy_open_playback_stream: The opened PCM Device is /dev/snd/pcmC0D1p with Sampling_Rate(48000) PCM_Format(0)  PCM_start-threshold(384) PCM_stop-threshold(-1)
03-31 15:20:39.326   551 23176 I audio_hw_primary: fast_out-out_write: transited to Idle
03-31 15:20:39.326   935  3448 D ApplicationPolicy: isStatusBarNotificationAllowedAsUser: packageName = com.digibites.accubattery,userId = 0
03-31 15:20:39.327   935  3448 D ApplicationPolicy: isStatusBarNotificationAllowedAsUser: packageName = com.digibites.accubattery,userId = 0
03-31 15:20:39.329   631  1068 I FastMixer: updateStageIndex F-29002
03-31 15:20:39.333  3278 23719 I MediaProvider: Deleted 1 0 0 0 0 0 0 items on external_primary due to com.SpicySpaceChickens.HelpMarkEscape
03-31 15:20:39.346   551 23176 I audio_hw_primary: fast_out-out_write: transited to Playing
03-31 15:20:39.349  3278 19590 W MediaProvider: isAppCloneUserPair for user 0: false
03-31 15:20:39.349   631  1069 D AudioFlinger: mixer(0x7c4542a900) Spend too much time to write: delta 75(effect 0, stage 0)
03-31 15:20:39.358 23765 23816 D UE4     : [2022.03.31-14.20.39:358][  0]LogAudio: Display: Audio Device (ID: 1) registered with world 'Untitled'.
03-31 15:20:39.358 23765 23816 D UE4     : [2022.03.31-14.20.39:358][  0]LogSlate: Updating window title bar state: overlay mode, drag disabled, window buttons hidden, title bar hidden
03-31 15:20:39.359 23765 23816 D UE4     : [2022.03.31-14.20.39:359][  0]LogInit: Display: Game Engine Initialized.
03-31 15:20:39.360 23765 23816 D UE4     : [2022.03.31-14.20.39:360][  0]LogInit: Display: Starting Game.
03-31 15:20:39.361 23765 23816 D UE4     : [2022.03.31-14.20.39:360][  0]LogNet: Browse: /Game/Levels/MainMenu?Name=Player
03-31 15:20:39.361 23765 23816 D UE4     : [2022.03.31-14.20.39:361][  0]LogLoad: LoadMap: /Game/Levels/MainMenu?Name=Player
03-31 15:20:39.361 23765 23816 D UE4     : [2022.03.31-14.20.39:361][  0]LogWorld: BeginTearingDown for /Temp/Untitled_0
03-31 15:20:39.363 23765 23816 D UE4     : [2022.03.31-14.20.39:363][  0]LogWorld: UWorld::CleanupWorld for Untitled, bSessionEnded=true, bCleanupResources=true
03-31 15:20:39.363 23765 23816 D UE4     : [2022.03.31-14.20.39:363][  0]LogSlate: InvalidateAllWidgets triggered.  All widgets were invalidated
03-31 15:20:39.369 23765 23816 D UE4     : [2022.03.31-14.20.39:369][  0]LogAudio: Display: Audio Device unregistered from world 'None'.
03-31 15:20:39.380 23765 23816 D UE4     : [2022.03.31-14.20.39:380][  0]LogUObjectHash: Compacting FUObjectHashTables data took   0.63ms
03-31 15:20:39.399   631  1068 D DlbProfileParamCache: setProfile(profile=0)
03-31 15:20:39.399   631  1068 D DlbProfileParamArray: getProfileParams(profile = 0)
03-31 15:20:39.399   631  1068 D DlbDap2Process: setParam(iea = #1[3])
03-31 15:20:39.399   631  1068 D DlbDap2Process: setParam(rvsa = #1[0])
03-31 15:20:39.399   631  1068 D DlbDap2Process: setParam(msce = #1[1])
03-31 15:20:39.399   631  1068 D DlbDap2Process: setParam(mdee = #1[1])
03-31 15:20:39.399   631  1068 D DlbDap2Process: setParam(miee = #1[1])
03-31 15:20:39.400   631  1068 D DlbDap2Process: setParam(mdle = #1[1])
03-31 15:20:39.400   631  1068 D DlbDap2Process: setParam(dvme = #1[0])
03-31 15:20:39.400   631  1068 D DlbDap2Process: setParam(rvse = #1[0])
03-31 15:20:39.400   631  1068 D DlbDap2Process: setMave(mave = 1)
03-31 15:20:39.400   631  1068 D DlbDap2Process: setParam(mave = #1[1])
03-31 15:20:39.400   631  1068 D DlbDap2Process: setParam(ieon = #1[1])
03-31 15:20:39.400   631  1068 D DlbDap2Process: setParam(dea = #1[2])
03-31 15:20:39.400   631  1068 D DlbDap2Process: setParam(plb = #1[0])
03-31 15:20:39.400   631  1068 D DlbDap2Process: setParam(vmb = #1[0])
03-31 15:20:39.400   631  1068 D DlbDap2Process: setParam(dsb = #1[80])
03-31 15:20:39.400   631  1068 D DlbDap2Process: setParam(ded = #1[2])
03-31 15:20:39.400   631  1068 D DlbDap2Process: setParam(hte = #1[0])
03-31 15:20:39.400   631  1068 D DlbDap2Process: setSystemGain(vol = 0)
03-31 15:20:39.400   631  1068 D DlbDap2Process: setParam(vol = #1[0])
03-31 15:20:39.400   631  1068 D DlbDap2Process: Got DAP mix matrix (length=12) for processing mode 10
03-31 15:20:39.400   631  1068 D DlbDap2Process: Got DAP mix matrix (length=16) for processing mode 11
03-31 15:20:39.400   631  1068 D DlbDap2Process: DAP output mode set to 10 with output channel mask 0x3 and custom mix matrix.
03-31 15:20:39.400   631  1068 D DlbDap2Process: setParam(dom = #35[1, 0, 1, 10, 12, 16384, 0, 0, 16384, 11583, 11583, 8192, 8192, 16384, 0, 0, 16384, 11, 16, 16384, 0, 0, 16384, 11583, 11583, 8192, 8192, 16384, 0, 0, 16384, 16384, 0, 0, 16384])
03-31 15:20:39.400   631  1068 D DlbDap2Process: setParam(hvm = #1[1])
03-31 15:20:39.400   631  1068 D DlbDap2Process: setParam(svm = #1[1])
03-31 15:20:39.400   631  1068 D DlbDap2Process: setParam(dvla = #1[0])
03-31 15:20:39.400   631  1068 D DlbDap2Process: setParam(avsb = #1[6])
03-31 15:20:39.400   631  1068 D DlbDap2Process: setParam(hvrc = #8[103, 32568, 11164, 5090, 0, 3, 3, 3])
03-31 15:20:39.400   631  1068 D DlbDap2Process: setParam(svrc = #8[103, 32568, 11164, 5090, 0, 3, 3, 3])
03-31 15:20:39.400   631  1068 D DlbDap2Process: setParam(vssd = #1[4])
03-31 15:20:39.400   631  1068 D DlbDap2Process: setParam(mvbe = #1[0])
03-31 15:20:39.400   631  1068 D DlbDap2Process: setParam(bmde = #1[0])
03-31 15:20:39.400   631  1068 D DlbDap2Process: setParam(dvle = #1[1])
03-31 15:20:39.400   631  1068 D DlbDap2Process: setParam(dvli = #1[-256])
03-31 15:20:39.400   631  1068 D DlbDap2Process: setParam(vbon = #1[0])
03-31 15:20:39.400   631  1068 D DlbDap2Process: setParam(vbm = #1[0])
03-31 15:20:39.400   631  1068 D DlbDap2Process: setParam(beon = #1[0])
03-31 15:20:39.400   631  1068 D DlbDap2Process: setParam(deon = #1[1])
03-31 15:20:39.400   631  1068 D DlbDap2Process: setParam(geon = #1[0])
03-31 15:20:39.400   631  1068 D DlbDap2Process: setParam(ngon = #1[1])
03-31 15:20:39.400   631  1068 D DlbDap2Process: setParam(dvlo = #1[-224])
03-31 15:20:39.400   631  1068 D DlbDap2Process: setParam(dplp = #1[256])
03-31 15:20:39.400   631  1068 D DlbDap2Process: setParam(preg = #1[0])
03-31 15:20:39.400   631  1068 D DlbDap2Process: setSystemGain(vol = 0)
03-31 15:20:39.400   631  1068 D DlbDap2Process: setParam(svol = #1[-592])
03-31 15:20:39.407   631  1069 D AudioFlinger: mixer(0x7c4542a900) Spend too much time to write: delta 34(effect 0, stage 0)
03-31 15:20:39.427 23765 23816 D UE4     : [2022.03.31-14.20.39:427][  0]LogAudio: Display: Audio Device (ID: 1) registered with world 'MainMenu'.
03-31 15:20:39.429 23765 23816 D UE4     : [2022.03.31-14.20.39:429][  0]LogAIModule: Creating AISystem for world MainMenu
03-31 15:20:39.430 23765 23816 D UE4     : [2022.03.31-14.20.39:430][  0]LogLoad: Game class is 'GameMode'
03-31 15:20:39.431 23765 23816 D UE4     : [2022.03.31-14.20.39:431][  0]LogWorld: Bringing World /Game/Levels/MainMenu.MainMenu up for play (max tick rate 0) at 2022.03.31-15.20.39
03-31 15:20:39.432 23765 23816 D UE4     : [2022.03.31-14.20.39:432][  0]LogWorld: Bringing up level for play took: 0.000936
03-31 15:20:39.433 23765 23816 D UE4     : [2022.03.31-14.20.39:433][  0]LogGameMode: FindPlayerStart: PATHS NOT DEFINED or NO PLAYERSTART with positive rating
03-31 15:20:39.434 23765 23816 D UE4     : [2022.03.31-14.20.39:434][  0]LogGameMode: Display: Match State Changed from EnteringMap to WaitingToStart
03-31 15:20:39.434 23765 23816 D UE4     : [2022.03.31-14.20.39:434][  0]LogGameState: Match State Changed from EnteringMap to WaitingToStart
03-31 15:20:39.434 23765 23816 D UE4     : [2022.03.31-14.20.39:434][  0]LogGameMode: Display: Match State Changed from WaitingToStart to InProgress
03-31 15:20:39.436 23765 23816 D UE4     : [2022.03.31-14.20.39:436][  0]PIE: Warning: The widget 'W_MainMenu_C' was already added to the screen.
03-31 15:20:39.438 23765 23816 D UE4     : [2022.03.31-14.20.39:438][  0]LogGameState: Match State Changed from WaitingToStart to InProgress
03-31 15:20:39.438 23765 23816 D UE4     : [2022.03.31-14.20.39:438][  0]LogLoad: Took 0.077787 seconds to LoadMap(/Game/Levels/MainMenu)
03-31 15:20:39.441   631  1069 D AudioFlinger: mixer(0x7c4542a900) Spend too much time to write: delta 33(effect 0, stage 0)
03-31 15:20:39.458 23765 23866 D UE4     : AndroidEGL::  ReleaseContextOwnership,  thread releasing rendering context tid: 23866
03-31 15:20:39.458 23765 23866 D UE4     : AndroidEGL::ResetDisplay()
03-31 15:20:39.467 23765 23816 D UE4     : [2022.03.31-14.20.39:467][  0]LogRHI: Display: ShaderPipelineCache: Paused Batching. 1
03-31 15:20:39.468 23765 23816 D UE4     : [2022.03.31-14.20.39:468][  0]LogRHI: Display: ShaderPipelineCache: Resumed Batching. 0
03-31 15:20:39.468 23765 23816 D UE4     : [2022.03.31-14.20.39:468][  0]LogRHI: Display: ShaderPipelineCache: Batching Resumed.
03-31 15:20:39.468 23765 23816 D UE4     : [2022.03.31-14.20.39:468][  0]LogInit: Display: Engine is initialized. Leaving FEngineLoop::Init()
03-31 15:20:39.468 23765 23816 D UE4     : [2022.03.31-14.20.39:468][  0]LogAndroid: Passed GEngineLoop.Init()
03-31 15:20:39.469 23765 23903 D UE4     : [2022.03.31-14.20.39:469][  0]LogRenderer: Reallocating scene render targets to support 1440x720 Format 10 NumSamples 1 (Frame:1).
03-31 15:20:39.472 23765 23816 D UE4     : [2022.03.31-14.20.39:471][  0]LogAndroidEvents: Display: LogAndroidEvents::DequeueAppEvent : 9, [width=-1, height=-1], APP_EVENT_STATE_ON_START
03-31 15:20:39.472 23765 23816 D UE4     : FAppEventManager::Tick processing, 9
03-31 15:20:39.472 23765 23816 D UE4     : [2022.03.31-14.20.39:472][  0]LogAndroidEvents: Display: LogAndroidEvents::DequeueAppEvent : 7, [width=-1, height=-1], APP_EVENT_STATE_ON_RESUME
03-31 15:20:39.472 23765 23816 D UE4     : FAppEventManager::Tick processing, 7
03-31 15:20:39.472 23765 23816 D UE4     : [2022.03.31-14.20.39:472][  0]LogAndroidEvents: Display: LogAndroidEvents::DequeueAppEvent : 0, [width=2174, height=1080], APP_EVENT_STATE_WINDOW_CREATED
03-31 15:20:39.472 23765 23816 D UE4     : FAppEventManager::Tick processing, 0
03-31 15:20:39.472 23765 23816 D UE4     : [2022.03.31-14.20.39:472][  0]LogAndroidEvents: Display: ExecWindowCreated
03-31 15:20:39.472 23765 23816 D UE4     : AndroidEGL::ReInitWindow()
03-31 15:20:39.472 23765 23816 D UE4     : [2022.03.31-14.20.39:472][  0]LogAndroid: AndroidEGL::RefreshWindowSize updating window size = 1440, 720, cached size : 0, 0 tid : 23816
03-31 15:20:39.472 23765 23816 D UE4     : [2022.03.31-14.20.39:472][  0]LogAndroid: AndroidEGL::ResizeSharedContextSurface, PImplData->Window=0xe2e94788, PImplData->eglWidth=8, PImplData->eglHeight=8!, CachedWidth=1440, CachedHeight=720, tid: 23816
03-31 15:20:39.472 23765 23816 D UE4     : AndroidEGL::UnBindShared()
03-31 15:20:39.472 23765 23816 D UE4     : AndroidEGL::ResetDisplay()
03-31 15:20:39.472 23765 23816 D UE4     : AndroidEGL::DestroySharedSurface()
03-31 15:20:39.472 23765 23816 D UE4     : AndroidEGL::InitSharedSurface 0
03-31 15:20:39.472 23765 23816 D UE4     : AndroidEGL::InitSharedSurface, Using CachedWindowRect, width: 1440, height 720 
03-31 15:20:39.472 23765 23816 D UE4     : AndroidEGL::InitSharedSurface, Using width: 1440, height 720 
03-31 15:20:39.472 23765 23816 D UE4     : AndroidEGL::InitSharedSurface, width: 1440, height 720 
03-31 15:20:39.472 23765 23816 D UE4     : AndroidEGL::CreateEGLSharedSurface(), auxSurface = eglCreatePbufferSurface(), 8x8
03-31 15:20:39.472 23765 23816 D UE4     : ExecWindowCreated, 0, 1, 1
03-31 15:20:39.472 23765 23816 D UE4     : [2022.03.31-14.20.39:472][  0]LogAndroidEvents: Display: LogAndroidEvents::DequeueAppEvent : 11, [width=-1, height=-1], APP_EVENT_STATE_WINDOW_GAINED_FOCUS
03-31 15:20:39.472 23765 23816 D UE4     : FAppEventManager::Tick processing, 11
03-31 15:20:39.472 23765 23816 D UE4     : [2022.03.31-14.20.39:472][  0]LogAndroidEvents: Display: LogAndroidEvents::DequeueAppEvent : 14, [width=-1, height=-1], APP_EVENT_STATE_APP_ACTIVATED
03-31 15:20:39.472 23765 23816 D UE4     : FAppEventManager::Tick processing, 14
03-31 15:20:39.473 23765 23816 D UE4     : Execution will be resumed!
03-31 15:20:39.473 23765 23816 D UE4     : [2022.03.31-14.20.39:473][  0]LogAndroidEvents: Display: LogAndroidEvents::DequeueAppEvent : 15, [width=-1, height=-1], APP_EVENT_RUN_CALLBACK
03-31 15:20:39.473 23765 23816 D UE4     : FAppEventManager::Tick processing, 15
03-31 15:20:39.473 23765 23816 D UE4     : [2022.03.31-14.20.39:473][  0]LogAndroidEvents: Display: Event thread callback running.
03-31 15:20:39.473 23765 23816 D UE4     : [2022.03.31-14.20.39:473][  0]LogAndroid: performing app foregrounding callback.
03-31 15:20:39.473 23765 23816 D UE4     : [GameActivity] Registering volume receiver
03-31 15:20:39.474 23765 23866 D UE4     : [2022.03.31-14.20.39:474][  0]LogRHI: Using OpenGL program LRU cache: 0
03-31 15:20:39.474 23765 23765 I MSHandlerLifeCycle: removeMultiSplitHandler: no exist. decor=DecorView@6f38f73[GameActivity]
03-31 15:20:39.475 23765 23816 D UE4     : [GameActivity] startVolumeReceiver: 3
03-31 15:20:39.475 23765 23816 D UE4     : nativeVolumeEvent(3)
03-31 15:20:39.475   631  1069 D AudioFlinger: mixer(0x7c4542a900) Spend too much time to write: delta 33(effect 0, stage 0)
03-31 15:20:39.475 23765 23816 D UE4     : [GameActivity] Registering battery receiver
03-31 15:20:39.477 23765 23789 D OpenGLRenderer: setSurface called with nullptr
03-31 15:20:39.477 23765 23789 D OpenGLRenderer: setSurface() destroyed EGLSurface
03-31 15:20:39.477 23765 23789 D OpenGLRenderer: destroyEglSurface
03-31 15:20:39.477 23765 23816 D UE4     : [GameActivity] Registering headset receiver
03-31 15:20:39.478 23765 23765 I ViewRootImpl@9b8082e[GameActivity]: dispatchDetachedFromWindow
03-31 15:20:39.478 23765 23816 D UE4     : [GameActivity] startHeadsetReceiver: 0
03-31 15:20:39.478 23765 23816 D UE4     : nativeHeadsetEvent(0)
03-31 15:20:39.478 23765 23816 D UE4     : [2022.03.31-14.20.39:478][  0]LogCore: Display: AppLifetime: Application has entered foreground
03-31 15:20:39.479   935  3470 D InputTransport: Input channel destroyed: '3fa66be', fd=1067
03-31 15:20:39.479   935  3470 W InputManager-JNI: Input channel object '3fa66be com.SpicySpaceChickens.HelpMarkEscape/com.epicgames.ue4.GameActivity (client)' was disposed without first being removed with the input manager!
03-31 15:20:39.480   935  3470 D InputTransport: Input channel destroyed: '3fa66be', fd=1072
03-31 15:20:39.480   935  3470 I WindowManager: Destroying surface Surface(name=com.SpicySpaceChickens.HelpMarkEscape/com.epicgames.ue4.GameActivity$_23765)/@0x97679db called by com.android.server.wm.WindowStateAnimator.destroySurface:987 com.android.server.wm.WindowStateAnimator.destroySurfaceLocked:518 com.android.server.wm.WindowState.removeImmediately:2934 com.android.server.wm.WindowState.removeIfPossible:3125 com.android.server.wm.WindowState.removeIfPossible:2958 com.android.server.wm.WindowManagerService.removeWindow:2245 com.android.server.wm.Session.remove:225 android.view.IWindowSession$Stub.onTransact:746 
03-31 15:20:39.483   935  3470 I WindowManager: enableScreenIfNeededLocked: mDisplayEnabled=true mForceDisplayEnabled=false mShowingBootMessages=false mSystemBooted=true. java.lang.RuntimeException: here
03-31 15:20:39.484 23765 23765 D InputTransport: Input channel destroyed: '3fa66be', fd=95
03-31 15:20:39.487 23765 23765 D UE4     : [GameActivity] Battery: status = 2, rawlevel = 50, scale = 100
03-31 15:20:39.487 23765 23765 D UE4     : nativeBatteryEvent(stat = 2, lvl = 50  temp = 27.20 C)
03-31 15:20:39.487   636   636 I Layer   : id=41985 removeFromCurrentState com.SpicySpaceChickens.HelpMarkEscape/com.epicgames.ue4.GameActivity$_23765#0 (121)
03-31 15:20:39.487   636   636 I Layer   : id=41983 removeFromCurrentState 3fa66be com.SpicySpaceChickens.HelpMarkEscape/com.epicgames.ue4.GameActivity#0 (121)
03-31 15:20:39.487   636   636 I SurfaceFlinger: id=41983 Removed 3fa66be com.SpicySpaceChickens.HelpMarkEscape/com.epicgames.ue4.GameActivity#0 (121)
03-31 15:20:39.488   636   636 I SurfaceFlinger: id=41985 Removed com.SpicySpaceChickens.HelpMarkEscape/com.epicgames.ue4.GameActivity$_23765#0 (121)
03-31 15:20:39.488   636   636 I Layer   : id=41983 Destroyed 3fa66be com.SpicySpaceChickens.HelpMarkEscape/com.epicgames.ue4.GameActivity#0
03-31 15:20:39.490   636   636 I Layer   : id=41985 Destroyed com.SpicySpaceChickens.HelpMarkEscape/com.epicgames.ue4.GameActivity$_23765#0
03-31 15:20:39.493   636   636 D SurfaceFlinger: Display 0 HWC layers:
03-31 15:20:39.493   636   636 D SurfaceFlinger:  SOLID_COLOR |              | 0000 |  Unknown  |    0.0    0.0    0.0    0.0 |    0    0 1080   96 | Letterbox - left#1
03-31 15:20:39.493   636   636 D SurfaceFlinger:      CLIENT |              | 0000 |  Unknown  |    0.0    0.0    0.0    0.0 |    0 2270 1080 2280 | Letterbox - right#0
03-31 15:20:39.493   636   636 D SurfaceFlinger:      DEVICE | 0x6fb5c7cfb0 | 0102 | RGBx_8888    |    0.0    0.0  720.0 1440.0 |    0   96 1080 2270 | SurfaceView - com.SpicySpaceChickens[...].ue4.GameActivity@da2aaf0@0(BLAST)#0
03-31 15:20:39.493   636   636 D SurfaceFlinger:      DEVICE | 0x6fb5c59790 | 0100 | RGBA_8888    |    0.0    0.0 1080.0 2174.0 |    0   96 1080 2270 | com.SpicySpaceChickens.HelpMarkEscape/com.epicgames.ue4.GameActivity$_23765#1
03-31 15:20:39.493   636   636 D SurfaceFlinger: 
03-31 15:20:39.536  3862  3862 I [AirCmd]_MediaControlStateMonitor: onPosted : notificationPkgName = com.digibites.accubattery
03-31 15:20:39.536  1894  1894 I Launcher.NotificationListener: onNotificationPosted : com.digibites.accubattery number : 0
03-31 15:20:39.539  1345  1345 D InterruptionStateProvider: No bubble up: not allowed to bubble: 0|com.digibites.accubattery|305230424|null|10295
03-31 15:20:39.540  1345  1345 D InterruptionStateProvider:  no Heads up : edgelighting enabled app. 0|com.digibites.accubattery|305230424|null|10295
03-31 15:20:39.546  1345  1345 W Looper  : Slow dispatch took 11ms main h=android.os.Handler c=com.android.systemui.statusbar.NotificationListener$$ExternalSyntheticLambda1@9030787 m=0
03-31 15:20:39.546  1345  1496 D PeopleSpaceWidgetMgr: Sbn doesn't contain valid PeopleTileKey: null/0/com.digibites.accubattery
03-31 15:20:39.556  1345  1345 D QS      : setQSExpansion 0.0 -119.0
03-31 15:20:39.556  1345  1345 D QS      : setQSExpansion 0.0 -119.0
03-31 15:20:39.569  1345  1345 W Looper  : Slow dispatch took 14ms main h=android.view.Choreographer$FrameHandler c=android.view.Choreographer$FrameDisplayEventReceiver@605b048 m=0
03-31 15:20:39.569  1345  1345 W Looper  : Slow delivery took 25ms main h=com.android.systemui.statusbar.notification.row.NotifBindPipeline$NotifBindPipelineHandler c=null m=1
03-31 15:20:39.572  1345  1345 W Looper  : Drained
03-31 15:20:39.593  1345  1345 D QS      : setQSExpansion 0.0 -119.0
03-31 15:20:39.593  1345  1345 D QS      : setQSExpansion 0.0 -119.0
03-31 15:20:39.599 14015 14015 D TimberLegacyLog: Activity visible? => false
03-31 15:20:39.599 14015 14015 D TimberLegacyLog: KEEPALIVEAWAY: 1648736439599
03-31 15:20:39.599 14015 14015 D TimberLegacyLog: backgroundStatus_!activityVisible: -1
03-31 15:20:39.601  1345  1345 W Looper  : Slow dispatch took 13ms main h=android.view.Choreographer$FrameHandler c=android.view.Choreographer$FrameDisplayEventReceiver@605b048 m=0
03-31 15:20:39.620  1345  1345 W Looper  : Slow delivery took 23ms main h=android.os.AsyncTask$InternalHandler c=null m=1
03-31 15:20:39.620  1345  1345 W Looper  : Slow dispatch took 19ms main h=android.os.AsyncTask$InternalHandler c=null m=1
03-31 15:20:39.622  1345  1345 D QS      : setQSExpansion 0.0 -119.0
03-31 15:20:39.623  1345  1345 D QS      : setQSExpansion 0.0 -119.0
03-31 15:20:39.630  1345  1345 W Looper  : Drained
03-31 15:20:39.686   935  1257 D SemNscXgbL1: L2 NRT 1 sample inference time: 1.625 msecs
