05-14 14:52:43.835 26268 26268 I 309     : package:null took:1065 calssname:android.app.ActivityThread$H callback:null what:110
05-14 15:07:26.533 26918 26918 I 100     : Open /data/app/~~YEETq_4JW18VeKaEejs-kw==/com.sillens.shapeupclub-nq-J_LM8KdyOTqjSfwxxyQ==/base.apk took:84ms
05-14 15:15:54.617 17519 17552 I 101     : #219
05-14 15:22:43.778 27876 27876 I 100     : Open /data/app/~~HwAvP99tDfeOQhfzl5BeEg==/com.android.vending-Pc8vYdR0H3NGGVcaZwJPMA==/base.apk took:52ms
05-14 15:22:44.602 27771 27771 I 309     : package:null took:1312 calssname:android.app.ActivityThread$H callback:null what:110
05-14 15:29:42.213 28289 28289 I 100     : Open /data/app/~~xoouJYs6rr0qiO9ayJa3JQ==/com.microsoft.teams-V6fy1P0DUe7gQHTwzjhNAA==/base.apk took:79ms
05-14 15:32:58.713 28506 28531 I 309     : package:null took:1332 calssname:com.oneplus.base.BaseThread$InternalHandler callback:com.oneplus.gallery2.media.MediaStoreMediaSource$QueryAllMediaStoreContentRunnable@cf92ad0 what:0
05-14 15:33:00.556 28506 28531 I 309     : package:null took:1832 calssname:com.oneplus.base.BaseThread$InternalHandler callback:com.oneplus.gallery2.media.MediaStoreMediaSource$QueryAllMediaStoreContentRunnable@bcb8c9 what:0
05-14 15:33:02.005 28506 28531 I 309     : package:null took:1438 calssname:com.oneplus.base.BaseThread$InternalHandler callback:com.oneplus.gallery2.media.MediaStoreMediaSource$QueryAllMediaStoreContentRunnable@afc71ce what:0
05-14 15:33:03.080 28506 28531 I 309     : package:null took:1064 calssname:com.oneplus.base.BaseThread$InternalHandler callback:com.oneplus.gallery2.media.MediaStoreMediaSource$QueryAllMediaStoreContentRunnable@bcc06ef what:0
05-14 15:37:30.221 28777 28777 I 100     : Open /data/app/~~IimInZsnsyxD8RDslKmhSw==/com.facebook.katana-s_HizEjuum1xokWRgjHNyA==/base.apk took:143ms
05-14 15:37:31.040 28685 28685 I 309     : package:null took:1162 calssname:android.app.ActivityThread$H callback:null what:110
05-14 15:37:31.439 29033 29033 I 100     : Open /data/app/~~Umsmjs0CnAByMwMudS2WYg==/com.amazon.mShop.android.shopping-AjMyshmJdziH2Wi2iM4HAw==/base.apk took:81ms
05-14 15:42:30.534 29962 29962 I 100     : Open /data/app/~~HwAvP99tDfeOQhfzl5BeEg==/com.android.vending-Pc8vYdR0H3NGGVcaZwJPMA==/base.apk took:58ms
05-14 15:42:31.077 29772 29772 I 309     : package:null took:1186 calssname:android.app.ActivityThread$H callback:null what:110
05-14 15:47:45.179 30335 30335 I 309     : package:null took:1214 calssname:android.app.ActivityThread$H callback:null what:110
05-14 15:50:31.167 30443 30443 I 100     : Open /data/app/~~LRayL62zPlEp90Wzt7FJ6w==/com.ubercab.eats-AS7fNrePMAdi17O-IW6cqg==/base.apk took:80ms
05-14 15:50:33.529 30443 30443 I 309     : package:null took:2465 calssname:android.app.ActivityThread$H callback:null what:110
05-14 15:52:42.935 22428 22702 I 110     : One big frame drop total:100 frameGap:100 delta#88#13#4#7#2#4
05-14 15:52:47.082 22428 22702 I 110     : One big frame drop total:142 frameGap:153 delta#0#140#0#36#0#1
05-14 15:52:47.414  1614  2002 I 322     : com.whatsapp#-1#428
05-14 15:52:47.662  1614  2002 I 322     : com.android.systemui#-1#120
05-14 15:53:14.597  1614  2002 I 322     : com.whatsapp#-1#210
05-14 15:53:48.823  4396  4430 I 110     : One big frame drop total:164 frameGap:642 delta#155#5#1#3#0#2
05-14 15:54:03.381  1614  2002 I 322     : com.android.systemui#-1#94
05-14 16:12:33.531 32055 32055 I 309     : package:null took:1090 calssname:android.app.ActivityThread$H callback:null what:110
05-14 16:21:08.986  1614  2002 I 322     : com.android.systemui#-1#86
05-14 16:21:09.621  1614  2002 I 322     : com.whatsapp#-1#298
05-14 16:23:21.723 31521  1311 I 111     : 3-3
05-14 16:23:48.757 31521  1311 I 111     : 3-3
05-14 16:24:54.462 31521  1311 I 111     : 3-4
05-14 16:24:55.010 31521  1311 I 110     : One big frame drop total:70 frameGap:123 delta#0#34#0#27#24#11
05-14 16:24:55.023 31521  1311 I 111     : 3-2
05-14 16:25:02.526 31521  1311 I 110     : One big frame drop total:98 frameGap:98 delta#66#20#12#8#0#14
05-14 16:25:18.034  1614  2002 I 322     : com.android.systemui#-1#101
05-14 16:29:28.413  4020  4020 I 100     : Open /data/app/~~LRayL62zPlEp90Wzt7FJ6w==/com.ubercab.eats-AS7fNrePMAdi17O-IW6cqg==/base.apk took:62ms
05-14 16:29:30.656  4020  4020 I 309     : package:null took:2321 calssname:android.app.ActivityThread$H callback:null what:110
05-14 16:34:43.143  4423  4423 I 100     : Open /data/app/~~dNb8G5v34EvEVAu11NbeIQ==/tv.twitch.android.app-pQxDOQ1xPxaBwirF_x5JDQ==/base.apk took:117ms
05-14 16:38:36.033  5072  5072 I 100     : Open /data/app/~~YEETq_4JW18VeKaEejs-kw==/com.sillens.shapeupclub-nq-J_LM8KdyOTqjSfwxxyQ==/base.apk took:54ms
05-14 16:38:43.192  1614  2002 I 322     : com.google.android.youtube#-1#783
05-14 16:38:45.623  5041  5544 I 111     : 3-3
05-14 16:38:51.736  5041  5544 I 110     : One big frame drop total:104 frameGap:1317 delta#88#11#0#11#0#3
05-14 16:39:03.092  3000  4696 I 309     : package:null took:4217 calssname:com.oneplus.orm.OrmManagerService$EventHandler callback:null what:11
05-14 16:40:04.862  1614  2009 I 300     : 387
05-14 16:40:41.009  5041  5544 I 110     : One big frame drop total:16 frameGap:16 delta#11#92#6#75#0#2
05-14 16:41:00.019  5041  5544 I 110     : One big frame drop total:175 frameGap:175 delta#122#53#8#44#0#2
05-14 16:41:00.060  5041  5544 I 111     : 3-2
05-14 16:41:00.858  5041  5544 I 110     : One big frame drop total:98 frameGap:98 delta#88#8#1#6#0#2
05-14 16:41:01.092  5041  5544 I 110     : One big frame drop total:102 frameGap:102 delta#66#64#2#60#0#3
05-14 16:41:01.147  5041  5544 I 110     : One big frame drop total:54 frameGap:54 delta#44#54#7#46#0#6
05-14 16:41:01.148  5041  5544 I 111     : 3-1
05-14 16:43:30.234  6500  6500 I 100     : Open /system_ext/priv-app/OnePlusCamera/OnePlusCamera.apk took:57ms
05-14 16:43:30.603  6640  6640 I 100     : Open /data/app/~~VT9wpnKPfPV2zLl6wtF3Rg==/com.oneplus.gallery-eo03ApKJdfNsMRfNW_4QJQ==/base.apk took:63ms
05-14 16:43:31.451  6494  6494 I 309     : package:null took:1292 calssname:android.app.ActivityThread$H callback:null what:110
05-14 16:43:31.487  6500  6582 I 309     : package:null took:1134 calssname:android.os.Handler callback:com.oneplus.threading.Dispatcher$dispatchDefaultOpRunnable$1@5c68b63 what:0
05-14 16:43:33.491  6640  6720 I 309     : package:null took:1561 calssname:com.oneplus.base.BaseThread$InternalHandler callback:com.oneplus.gallery2.media.MediaStoreMediaSource$QueryAllMediaStoreContentRunnable@8e72017 what:0
05-14 16:43:36.736  6640  6720 I 309     : package:null took:3225 calssname:com.oneplus.base.BaseThread$InternalHandler callback:com.oneplus.gallery2.media.MediaStoreMediaSource$QueryAllMediaStoreContentRunnable@ff16204 what:0
05-14 16:43:40.645  6640  6720 I 309     : package:null took:3886 calssname:com.oneplus.base.BaseThread$InternalHandler callback:com.oneplus.gallery2.media.MediaStoreMediaSource$QueryAllMediaStoreContentRunnable@6e431ed what:0
05-14 16:43:43.634  6640  6720 I 309     : package:null took:2966 calssname:com.oneplus.base.BaseThread$InternalHandler callback:com.oneplus.gallery2.media.MediaStoreMediaSource$QueryAllMediaStoreContentRunnable@72f9e22 what:0
05-14 16:54:58.549  5041  5544 I 110     : One big frame drop total:280 frameGap:282 delta#111#162#7#153#1#5
05-14 16:55:47.439  7401  7401 I 100     : Open /data/app/~~YO2FjpkjxFI5X637TqCjVw==/com.instagram.android-P3OyrunGzIohVP20J7bCFA==/base.apk took:78ms
05-14 16:55:47.657  7473  7473 I 100     : Open /data/app/~~za1uGEvb_p9sGHwGYpBnpQ==/com.google.android.apps.subscriptions.red-rYCOQnEoIGb1jlavrCUYMQ==/base.apk took:52ms
05-14 16:55:47.666  7431  7431 I 100     : Open /data/app/com.google.android.apps.walletnfcrel-q88utHlNKuuw-E1Q8WhxNw==/base.apk took:81ms
05-14 16:55:47.701  7447  7447 I 100     : Open /data/app/com.google.android.apps.podcasts-DLu4sl1gSlxVLuAHMlzpcA==/base.apk took:99ms
05-14 16:55:47.823  7513  7513 I 100     : Open /data/app/~~HlGrgkVYkaxgNOEWkeHzlw==/com.google.android.apps.photos-BIQSzW3FNfuY-og5RxP7vg==/base.apk took:84ms
05-14 16:55:47.846  7500  7500 I 100     : Open /data/app/~~ogFU-CcMiXdDTnQ7SXxrUA==/com.google.android.apps.maps-pWPBRaTzGCzn-V4uKJD68w==/base.apk took:149ms
05-14 16:55:48.884  7694  7694 I 100     : Open /data/app/~~-e6eNQuj4cRCj0m-9DgHKg==/com.quora.android-vgyjsN8Q4lCvBxvdM6UbOQ==/base.apk took:64ms
05-14 16:55:49.353  7500  7621 I 100     : Open /data/user_de/0/com.google.android.gms/app_chimera/m/0000003f/CronetDynamite.apk took:51ms
05-14 16:55:49.453  7694  7800 I 100     : Open /data/app/~~T6KyDfs51z7cThXoqtz97g==/com.google.android.trichromelibrary_495106134-GvVtcgfVH7FrAw9ykTpjaQ==/base.apk took:125ms
05-14 16:55:49.489  7831  7831 I 100     : Open /data/app/~~IimInZsnsyxD8RDslKmhSw==/com.facebook.katana-s_HizEjuum1xokWRgjHNyA==/base.apk took:238ms
05-14 16:55:49.611  7694  7800 I 100     : Open /data/app/~~gEZtthJjulEMgDmbx22D4Q==/com.google.android.webview-O4gwaSKhObabb5Sfk3DrVA==/base.apk took:78ms
05-14 16:55:50.340  7831  7831 I 309     : package:null took:1113 calssname:android.app.ActivityThread$H callback:null what:110
05-14 16:55:50.861  8081  8081 I 100     : Open /data/app/~~Vkxi21FlBLX0CGA2HB1gLA==/com.linkedin.android-yc4RiOWzveWJD_zZSzLI_w==/base.apk took:74ms
05-14 16:55:52.011  7401  7401 I 309     : package:null took:4685 calssname:android.app.ActivityThread$H callback:null what:110
05-14 16:55:52.985  7431  7544 I 101     : #313
05-14 16:55:54.597  8361  8361 I 309     : package:null took:1475 calssname:android.app.ActivityThread$H callback:null what:110
05-14 16:55:57.558  5041  5544 I 111     : 3-4
05-14 16:55:57.661  5041  5544 I 111     : 3-4
05-14 16:55:57.762  5041  5544 I 111     : 3-4
05-14 16:55:57.862  5041  5544 I 111     : 3-4
05-14 16:56:04.890 22428 22702 I 111     : 3-4
05-14 16:56:15.855  5041  5544 I 111     : 3-3
05-14 16:56:17.533  8651  8651 I 100     : Open /data/app/~~YEETq_4JW18VeKaEejs-kw==/com.sillens.shapeupclub-nq-J_LM8KdyOTqjSfwxxyQ==/base.apk took:117ms
05-14 16:56:18.495  8651  8651 I 309     : package:null took:1096 calssname:android.app.ActivityThread$H callback:null what:110
05-14 16:56:23.708 18497 18497 I 100     : Open /data/app/~~dNb8G5v34EvEVAu11NbeIQ==/tv.twitch.android.app-pQxDOQ1xPxaBwirF_x5JDQ==/base.apk took:61ms
05-14 16:56:24.446  1614  2002 I 322     : tv.twitch.android.app#102#926
05-14 16:56:27.151 18497  9082 I 110     : One big frame drop total:99 frameGap:101 delta#0#96#0#9#0#3
05-14 16:56:28.919 18497  8999 I 101     : #198
05-14 16:56:51.482 18497  9082 I 110     : One big frame drop total:88 frameGap:88 delta#66#100#9#90#0#4
05-14 16:58:34.483 18497  9082 I 110     : One big frame drop total:172 frameGap:180 delta#88#33#5#26#3#46
05-14 16:58:35.281  9637  9637 I 100     : Open /system_ext/priv-app/OnePlusCamera/OnePlusCamera.apk took:118ms
05-14 16:58:35.573  1614  2002 I 322     : com.android.systemui#-1#208
05-14 16:58:35.987 18497  9082 I 110     : One big frame drop total:181 frameGap:189 delta#0#178#1#176#0#2
05-14 16:58:39.321  1614  2002 I 322     : com.supercell.clashofclans#89#1240
05-14 16:58:40.025  9326  9777 I 110     : One big frame drop total:429 frameGap:556 delta#422#5#4#1#0#1
05-14 17:01:06.948 10605 10605 I 100     : Open /data/app/~~s5tCTKDvmBFv7IEWXdLfgA==/com.google.android.apps.docs-dRcXoVnXZnH3Ows_mTHNKA==/base.apk took:90ms
05-14 17:01:06.948 10586 10586 I 100     : Open /data/app/~~XUV4yfyhS4ygkd-OyQlmWQ==/com.ultimateguitar.tabs-VvaO8N9iOGbdPO2t9sptxg==/base.apk took:88ms
05-14 17:01:06.950 10625 10625 I 100     : Open /system_ext/app/OPDeskClock/OPDeskClock.apk took:64ms
05-14 17:01:07.404 22428 22702 I 110     : One big frame drop total:84 frameGap:420 delta#44#27#5#21#0#12
05-14 17:01:07.459 10690 10690 I 100     : Open /data/app/~~V61JDuQmsMs3nSzVslb6IA==/com.discord-ZQrC-O34cgUAB7vdrCMsMA==/base.apk took:59ms
05-14 17:01:08.884 10586 10586 I 309     : package:null took:2072 calssname:android.app.ActivityThread$H callback:null what:110
05-14 17:01:08.917 10868 10868 I 100     : Open /system/framework/org.apache.http.legacy.jar took:76ms
05-14 17:01:09.007  1614  2210 I 106     : System spent 158.6ms processing the last motion event: MotionEvent#UP
05-14 17:01:09.021 10868 10868 I 100     : Open /data/app/~~XUV4yfyhS4ygkd-OyQlmWQ==/com.ultimateguitar.tabs-VvaO8N9iOGbdPO2t9sptxg==/base.apk took:84ms
05-14 17:01:09.841 10868 10868 I 309     : package:null took:1127 calssname:android.app.ActivityThread$H callback:null what:110
05-14 17:01:10.060 10586 10860 I 309     : package:null took:1466 calssname:android.os.Handler callback:java.util.concurrent.FutureTask@a97be21 what:0
05-14 17:01:10.522 10690 10690 I 309     : package:null took:3144 calssname:android.app.ActivityThread$H callback:null what:110
05-14 17:01:16.860  4810  5462 I 110     : One big frame drop total:89 frameGap:97 delta#0#80#67#13#0#7
05-14 17:01:21.447  1614  2002 I 322     : com.instagram.android#-1#1045
05-14 17:01:26.560  1614  2002 I 322     : com.instagram.android#-1#422
05-14 17:01:29.783  7401 11068 I 110     : One big frame drop total:96 frameGap:101 delta#0#86#1#12#0#9
05-14 17:01:47.630  1614  2002 I 322     : com.instagram.android#-1#314
05-14 17:02:40.774  7401 11068 I 111     : 3-3
05-14 17:03:00.469  7401 11068 I 111     : 3-3
05-14 17:03:02.459  7401 11068 I 110     : One big frame drop total:229 frameGap:229 delta#66#13#9#4#0#151
05-14 17:03:02.565  7401 11068 I 110     : One big frame drop total:106 frameGap:106 delta#250#8#4#3#0#2
05-14 17:03:04.031  7401 11068 I 110     : One big frame drop total:80 frameGap:86 delta#0#69#0#4#0#11
05-14 17:03:04.042  7401 11068 I 111     : 3-2
05-14 17:06:30.339 13234 13234 I 100     : Open /data/app/~~-e6eNQuj4cRCj0m-9DgHKg==/com.quora.android-vgyjsN8Q4lCvBxvdM6UbOQ==/base.apk took:88ms
05-14 17:06:30.367 13228 13228 I 100     : Open /data/app/~~YEETq_4JW18VeKaEejs-kw==/com.sillens.shapeupclub-nq-J_LM8KdyOTqjSfwxxyQ==/base.apk took:116ms
05-14 17:06:31.343 13228 13228 I 309     : package:null took:1123 calssname:android.app.ActivityThread$H callback:null what:110
05-14 17:06:31.540  4810  5462 I 110     : One big frame drop total:129 frameGap:169 delta#122#1#0#0#0#5
05-14 17:06:31.790  7401  7401 I 309     : package:null took:1719 calssname:android.app.ActivityThread$H callback:null what:159
05-14 17:06:32.157  1614  2002 I 322     : com.whatsapp#-1#721
05-14 17:06:32.170 13555 13555 I 100     : Open /data/app/~~V61JDuQmsMs3nSzVslb6IA==/com.discord-ZQrC-O34cgUAB7vdrCMsMA==/base.apk took:63ms
05-14 17:06:32.201 13575 13575 I 100     : Open /system_ext/app/OPDeskClock/OPDeskClock.apk took:84ms
05-14 17:06:33.406  1614  2002 I 322     : com.whatsapp#-1#303
05-14 17:06:33.750 13896 13896 I 100     : Open /data/app/~~jxPmNFeQ5qg7EOy-JcsI7g==/com.google.android.apps.nbu.files-S-mR96qu3kW8nUpvROWhww==/base.apk took:54ms
05-14 17:06:34.090 13555 13555 I 309     : package:null took:2000 calssname:android.app.ActivityThread$H callback:null what:110
05-14 17:06:34.218 13607 13939 I 100     : Open /data/app/~~6euh25UabuHU56fswJbiCA==/com.google.android.gms-7fEmL8dqLu6OsCNwvgKAhQ==/base.apk took:79ms
05-14 17:06:34.902  1614  2002 I 322     : com.whatsapp#-1#228
05-14 17:06:37.161 14056 14056 I 100     : Open /data/app/~~IimInZsnsyxD8RDslKmhSw==/com.facebook.katana-s_HizEjuum1xokWRgjHNyA==/base.apk took:119ms
05-14 17:06:39.410 14105 14105 I 309     : package:null took:1256 calssname:android.app.ActivityThread$H callback:null what:110
05-14 17:06:48.720 14302 14302 I 100     : Open /system/reserve/Weather/Weather.apk took:78ms
05-14 17:06:49.044  1614  2002 I 322     : com.google.android.googlequicksearchbox#-1#514
05-14 17:06:53.331 14536 14536 I 100     : Open /data/app/~~QTDM08rZCrnGDQffGMHhVA==/com.google.android.apps.wellbeing-4tvc8iYeuRYprf15Gl47Ew==/base.apk took:51ms
05-14 17:06:53.604  1957 13746 I 101     : #154
05-14 17:07:32.206  7401 11068 I 110     : One big frame drop total:115 frameGap:151 delta#66#32#14#17#2#14
05-14 17:07:32.840  7401 11068 I 110     : One big frame drop total:123 frameGap:123 delta#0#15#13#1#0#122
05-14 17:07:32.840  7401 11068 I 111     : 3-1
05-14 17:07:33.090  7401 11068 I 111     : 3-3
05-14 17:07:33.372  1614  2002 I 322     : com.instagram.android#-1#298
05-14 17:08:06.508  7401 11068 I 110     : One big frame drop total:99 frameGap:158 delta#66#28#9#18#0#4
05-14 17:08:11.218  7401 11068 I 111     : 2
05-14 17:08:12.798  1614  2002 I 322     : com.instagram.android#-1#455
05-14 17:08:14.257  1614  2002 I 322     : com.instagram.android#-1#301
05-14 17:08:20.886  7401 11068 I 111     : 2
05-14 17:09:13.342  7401 11068 I 111     : 2
05-14 17:09:13.665  7401 11068 I 111     : 4
05-14 17:09:14.176  7401 11068 I 111     : 4
05-14 17:09:20.041  7401 11068 I 111     : 2
05-14 17:09:20.136  7401 11068 I 111     : 4
05-14 17:09:31.032  1614  2002 I 322     : com.instagram.android#-1#252
05-14 17:10:00.923  7401 11068 I 111     : 3-3
05-14 17:10:02.054  7401 11068 I 111     : 3-3
05-14 17:10:04.603  7401 11068 I 111     : 3-3
05-14 17:10:07.144  7401 11068 I 111     : 3-3
05-14 17:10:24.248  7401 11068 I 110     : One big frame drop total:76 frameGap:79 delta#0#70#1#3#0#5
05-14 17:10:31.987  7401 11068 I 111     : 3-3
05-14 17:10:40.441  7401 11068 I 111     : 3-3
05-14 17:10:40.764  7401 11068 I 111     : 3-3
05-14 17:10:41.041  7401 11068 I 111     : 3-3
05-14 17:10:44.437 16364 16364 I 100     : Open /data/app/~~YEETq_4JW18VeKaEejs-kw==/com.sillens.shapeupclub-nq-J_LM8KdyOTqjSfwxxyQ==/base.apk took:66ms
05-14 17:10:46.035  1614  2002 I 322     : com.google.android.googlequicksearchbox#-1#145
05-14 17:11:18.693  1614  2002 I 322     : com.google.android.youtube#-1#995
05-14 17:11:19.041 13607 16851 I 110     : One big frame drop total:70 frameGap:70 delta#344#105#9#75#0#3
05-14 17:11:19.106 13607 16851 I 110     : One big frame drop total:56 frameGap:64 delta#22#24#9#14#0#10
05-14 17:11:35.231  1614  2002 I 322     : com.google.android.googlequicksearchbox#-1#163
05-14 17:11:44.682  1614  2002 I 322     : com.instagram.android#-1#384
05-14 17:11:53.797 17306 17306 I 100     : Open /data/app/~~IimInZsnsyxD8RDslKmhSw==/com.facebook.katana-s_HizEjuum1xokWRgjHNyA==/base.apk took:98ms
05-14 17:11:54.487 17233 17233 I 309     : package:null took:1582 calssname:android.app.ActivityThread$H callback:null what:110
05-14 17:11:56.587  1614  2002 I 322     : tv.twitch.android.app#-1#504
05-14 17:11:58.158 17233 17253 I 101     : #177
05-14 17:12:01.980 18497  9082 I 111     : 2
05-14 17:12:06.420 18497  9082 I 110     : One big frame drop total:78 frameGap:87 delta#55#13#6#6#2#6
05-14 17:12:07.421 18497  9082 I 111     : 3-3
05-14 17:12:08.354 22428 22702 I 110     : One big frame drop total:86 frameGap:86 delta#0#95#8#86#0#4
05-14 17:13:05.973 18016 18016 I 100     : Open /data/app/~~HlGrgkVYkaxgNOEWkeHzlw==/com.google.android.apps.photos-BIQSzW3FNfuY-og5RxP7vg==/base.apk took:55ms
05-14 17:13:05.973 17997 17997 I 100     : Open /data/app/~~VT9wpnKPfPV2zLl6wtF3Rg==/com.oneplus.gallery-eo03ApKJdfNsMRfNW_4QJQ==/base.apk took:58ms
05-14 17:13:07.008 18184 18184 I 100     : Open /data/app/~~nkx8HOZ9DGCKeoCH81W2Xw==/com.twitter.android-tTr6mfUobtJjBgWfrPNoyg==/base.apk took:73ms
05-14 17:13:07.778 18306 18306 I 100     : Open /data/app/~~Vkxi21FlBLX0CGA2HB1gLA==/com.linkedin.android-yc4RiOWzveWJD_zZSzLI_w==/base.apk took:98ms
05-14 17:13:08.023 18184 18184 I 309     : package:null took:1101 calssname:android.app.ActivityThread$H callback:null what:110
05-14 17:13:08.603 18184 18396 I 100     : Open /data/app/~~6euh25UabuHU56fswJbiCA==/com.google.android.gms-7fEmL8dqLu6OsCNwvgKAhQ==/base.apk took:57ms
05-14 17:13:08.674 18233 18233 I 309     : package:null took:1342 calssname:android.app.ActivityThread$H callback:null what:110
05-14 17:13:08.791 18527 18527 I 100     : Open /data/app/~~cavKBdmZyXmlhUDRZT8U4g==/com.google.android.contacts-U-DgfZgdQ-zlwxdzQKRv8A==/base.apk took:70ms
05-14 17:13:10.442 17997 18067 I 309     : package:null took:2570 calssname:com.oneplus.base.BaseThread$InternalHandler callback:com.oneplus.gallery2.media.MediaStoreMediaSource$QueryAllMediaStoreContentRunnable@16fc5ce what:0
05-14 17:13:12.531 17997 18067 I 309     : package:null took:2074 calssname:com.oneplus.base.BaseThread$InternalHandler callback:com.oneplus.gallery2.media.MediaStoreMediaSource$QueryAllMediaStoreContentRunnable@99ecaef what:0
05-14 17:13:14.509 17997 18067 I 309     : package:null took:1967 calssname:com.oneplus.base.BaseThread$InternalHandler callback:com.oneplus.gallery2.media.MediaStoreMediaSource$QueryAllMediaStoreContentRunnable@238affc what:0
05-14 17:13:15.996 17997 18067 I 309     : package:null took:1475 calssname:com.oneplus.base.BaseThread$InternalHandler callback:com.oneplus.gallery2.media.MediaStoreMediaSource$QueryAllMediaStoreContentRunnable@7f4b485 what:0
05-14 17:16:04.547 18497  9082 I 111     : 2
05-14 17:16:04.592 18497  9082 I 111     : 2
05-14 17:16:04.740 18497  9082 I 111     : 4
05-14 17:16:04.761 18497  9082 I 111     : 3-3
05-14 17:16:05.912 18497  9082 I 110     : One big frame drop total:98 frameGap:106 delta#0#90#10#80#0#6
05-14 17:16:05.931 18497  9082 I 111     : 3-2
05-14 17:19:06.366  1614  2002 I 322     : com.android.systemui#-1#94
05-14 17:19:06.617  4810  5462 I 111     : 3-4
05-14 17:19:09.650  4810  5462 I 110     : One big frame drop total:81 frameGap:1565 delta#66#9#9#0#0#4
05-14 17:19:11.837  9327  9327 I 309     : package:null took:1115 calssname:org.greenrobot.eventbus.HandlerPoster callback:null what:0
05-14 17:19:12.016  1614  2002 I 322     : uk.co.tsb.newmobilebank#123#2425
05-14 17:19:12.757  1614  2002 I 322     : uk.co.tsb.newmobilebank#-1#269
05-14 17:19:21.743  1614  2002 I 322     : uk.co.tsb.newmobilebank#-1#642
05-14 17:19:52.628  4810  5462 I 110     : One big frame drop total:70 frameGap:78 delta#0#68#0#0#0#2
05-14 17:19:54.148  1614  2002 I 322     : com.android.systemui#-1#77
05-14 17:19:57.454 18497  9082 I 111     : 2
05-14 17:19:57.529 18497  9082 I 111     : 2
05-14 17:19:57.717 18497  9082 I 111     : 4
05-14 17:19:58.051  9327 19289 I 101     : #216
05-14 17:30:51.462 20394 20394 I 100     : Open /data/app/~~xoouJYs6rr0qiO9ayJa3JQ==/com.microsoft.teams-V6fy1P0DUe7gQHTwzjhNAA==/base.apk took:84ms
05-14 17:30:53.704 20494 20494 I 309     : package:null took:1376 calssname:android.app.ActivityThread$H callback:null what:110
05-14 17:38:59.626 20840 20840 I 100     : Open /data/app/~~eulbl99LM4oLhjTvSMMNsQ==/com.justeat.app.uk-B09ius7GXBGlEbNalw_bBw==/base.apk took:84ms
05-14 17:42:11.701 21153 21153 I 100     : Open /data/app/~~YO2FjpkjxFI5X637TqCjVw==/com.instagram.android-P3OyrunGzIohVP20J7bCFA==/base.apk took:56ms
05-14 17:42:11.718 21135 21135 I 100     : Open /data/app/~~YEETq_4JW18VeKaEejs-kw==/com.sillens.shapeupclub-nq-J_LM8KdyOTqjSfwxxyQ==/base.apk took:103ms
05-14 17:42:12.630 21135 21135 I 309     : package:null took:1029 calssname:android.app.ActivityThread$H callback:null what:110
05-14 17:42:13.976 21153 21153 I 309     : package:null took:2351 calssname:android.app.ActivityThread$H callback:null what:110
05-14 18:01:12.545 22353 22353 I 309     : package:null took:1005 calssname:android.app.ActivityThread$H callback:null what:110
05-14 18:56:26.177 18497  9082 I 110     : One big frame drop total:85 frameGap:101 delta#77#2#2#0#0#3
05-14 18:56:28.396 24441 24441 I 309     : package:null took:1642 calssname:android.app.ActivityThread$H callback:null what:110
05-14 18:56:28.489 24862 24862 I 100     : Open /data/app/~~IimInZsnsyxD8RDslKmhSw==/com.facebook.katana-s_HizEjuum1xokWRgjHNyA==/base.apk took:120ms
05-14 18:56:29.188 24472 24472 I 309     : package:null took:2406 calssname:android.app.ActivityThread$H callback:null what:110
05-14 18:56:41.322 11175 11682 I 110     : One big frame drop total:263 frameGap:381 delta#0#243#5#221#3#17
05-14 18:56:41.347 11175 11682 I 111     : 3-2
05-14 18:56:42.549 11175 11682 I 111     : 2
05-14 18:56:42.629 11175 11682 I 111     : 2
05-14 18:56:42.723 11175 11682 I 110     : One big frame drop total:77 frameGap:77 delta#0#80#5#56#0#4
05-14 18:56:42.723 11175 11682 I 111     : 3-1
05-14 18:56:42.799 11175 11682 I 111     : 4
05-14 18:56:48.088 11175 11682 I 111     : 2
05-14 18:56:48.158 11175 11682 I 111     : 2
05-14 18:59:21.075  1614  2002 I 322     : mega.privacy.android.app#109#1046
05-14 18:59:29.157  1614  2002 I 322     : mega.privacy.android.app#-1#148
05-14 18:59:45.193  9329 26506 I 110     : One big frame drop total:234 frameGap:696 delta#0#225#4#211#0#7
05-14 18:59:45.490  1614  2002 I 322     : mega.privacy.android.app#-1#151
05-14 18:59:45.712  9329 26506 I 111     : 2
05-14 18:59:46.836  9329 26506 I 111     : 3-4
05-14 18:59:48.879  9329 26506 I 111     : 3-4
05-14 18:59:51.080  9329 26506 I 111     : 3-4
05-14 18:59:56.245  1614  2002 I 322     : mega.privacy.android.app#-1#102
05-14 18:59:57.960  9329 26506 I 110     : One big frame drop total:202 frameGap:556 delta#0#200#1#191#0#2
05-14 18:59:57.998  9329 26506 I 110     : One big frame drop total:29 frameGap:37 delta#0#26#0#26#0#2
05-14 18:59:57.998  9329 26506 I 111     : 3-1
05-14 18:59:58.561  9329 26506 I 111     : 3-3
05-14 18:59:58.676  9329 26506 I 110     : One big frame drop total:83 frameGap:83 delta#0#82#6#75#0#2
05-14 18:59:58.676  9329 26506 I 111     : 3-1
05-14 18:59:59.015  9329 26506 I 111     : 3-3
05-14 18:59:59.068  9329 26506 I 111     : 4
05-14 19:00:01.003  9329 26506 I 110     : One big frame drop total:112 frameGap:117 delta#0#109#2#99#0#2
05-14 19:00:01.123  9329 26506 I 110     : One big frame drop total:65 frameGap:119 delta#0#62#2#60#0#2
05-14 19:00:01.123  9329 26506 I 111     : 3-1
05-14 19:00:01.187  9329 26506 I 110     : One big frame drop total:63 frameGap:64 delta#0#60#6#53#0#2
05-14 19:00:01.187  9329 26506 I 111     : 3-1
05-14 19:00:18.810 22428 22702 I 111     : 2
05-14 19:00:19.867  1614  2002 I 322     : com.whatsapp#-1#349
05-14 19:00:20.105  1957  3791 I 110     : One big frame drop total:164 frameGap:164 delta#11#184#8#175#0#1
05-14 19:00:31.334  1614  2002 I 322     : mega.privacy.android.app#-1#433
05-14 19:01:22.998  1614  2002 I 322     : mega.privacy.android.app#-1#374
05-14 19:01:26.248  9329 26506 I 111     : 3-3
05-14 19:01:28.787  1614  2002 I 322     : mega.privacy.android.app#-1#111
05-14 19:01:45.463  1614  2002 I 322     : mega.privacy.android.app#-1#122
05-14 19:01:46.631  1614  2002 I 322     : mega.privacy.android.app#-1#95
05-14 19:01:59.660  1614  2002 I 322     : mega.privacy.android.app#-1#113
05-14 19:02:07.124  1614  2002 I 322     : mega.privacy.android.app#-1#123
05-14 19:02:23.322  1614  2002 I 322     : mega.privacy.android.app#-1#121
05-14 19:02:51.950  1614  2002 I 322     : mega.privacy.android.app#-1#288
05-14 19:02:54.139  9329 26506 I 111     : 2
05-14 19:02:54.215  9329 26506 I 111     : 4
05-14 19:02:54.268  9329 26506 I 111     : 3-3
05-14 19:02:54.574  9329 26506 I 111     : 2
05-14 19:02:54.574  9329 26506 I 111     : 4
05-14 19:02:54.646  9329 26506 I 111     : 2
05-14 19:02:54.791  9329 26506 I 111     : 3-3
05-14 19:02:55.178  9329 26506 I 111     : 3-3
05-14 19:02:59.230  1614  2002 I 322     : mega.privacy.android.app#-1#105
05-14 19:03:06.864  1614  2002 I 322     : com.whatsapp#-1#336
05-14 19:03:18.461  1614  2002 I 322     : mega.privacy.android.app#-1#136
05-14 19:03:47.685  1614  2002 I 322     : mega.privacy.android.app#-1#120
05-14 19:03:57.593  1614  2002 I 322     : mega.privacy.android.app#-1#131
05-14 19:05:00.007  1614  2002 I 322     : mega.privacy.android.app#-1#117
05-14 19:05:11.694  1614  2002 I 322     : mega.privacy.android.app#-1#122
05-14 19:05:16.164  1614  2002 I 322     : mega.privacy.android.app#-1#125
05-14 19:05:22.538  9329 26506 I 111     : 3-3
05-14 19:05:23.738  1614  2002 I 322     : mega.privacy.android.app#-1#104
05-14 19:05:33.297  1614  2002 I 322     : mega.privacy.android.app#-1#121
05-14 19:06:00.717  1614  2002 I 322     : mega.privacy.android.app#-1#121
05-14 19:07:16.463  1614  2002 I 322     : mega.privacy.android.app#-1#110
05-14 19:07:27.620  1614  2002 I 322     : mega.privacy.android.app#-1#117
05-14 19:07:58.662  1614  2002 I 322     : mega.privacy.android.app#-1#388
05-14 19:08:14.948  1614  2002 I 322     : mega.privacy.android.app#-1#384
05-14 19:08:20.083  1614  2002 I 322     : mega.privacy.android.app#-1#116
05-14 19:08:25.998  1614  2002 I 322     : mega.privacy.android.app#-1#115
05-14 19:08:36.679  9329 26506 I 110     : One big frame drop total:91 frameGap:331 delta#0#88#0#83#0#2
05-14 19:08:38.535  1614  2002 I 322     : mega.privacy.android.app#-1#119
05-14 19:08:40.223  9329 26506 I 111     : 2
05-14 19:08:40.357  9329 26506 I 111     : 3-3
05-14 19:08:40.659  9329 26506 I 111     : 3-3
05-14 19:08:41.470  9329 26506 I 111     : 3-3
05-14 19:08:42.463  9329 26506 I 110     : One big frame drop total:86 frameGap:291 delta#0#84#0#79#0#2
05-14 19:08:42.524  9329 26506 I 110     : One big frame drop total:37 frameGap:61 delta#0#33#0#33#0#3
05-14 19:08:42.524  9329 26506 I 111     : 3-1
05-14 19:08:42.544  9329 26506 I 111     : 3-2
05-14 19:09:00.443  9329 26506 I 111     : 3-3
05-14 19:09:02.398  9329 26506 I 111     : 3-3
05-14 19:09:03.894  9329 26506 I 111     : 3-3
05-14 19:09:10.810  1614  2002 I 322     : mega.privacy.android.app#-1#109
05-14 19:10:09.098  1614  2002 I 322     : mega.privacy.android.app#-1#114
05-14 19:10:35.281  9329 26506 I 110     : One big frame drop total:98 frameGap:1427 delta#0#94#0#89#1#2
05-14 19:10:35.682  9329 26506 I 110     : One big frame drop total:24 frameGap:400 delta#0#22#0#20#0#1
05-14 19:10:35.682  9329 26506 I 111     : 3-1
05-14 19:10:36.476  9329 26506 I 110     : One big frame drop total:94 frameGap:793 delta#0#92#0#88#0#2
05-14 19:10:36.476  9329 26506 I 111     : 3-1
05-14 19:10:43.404  1614  2002 I 322     : mega.privacy.android.app#-1#112
05-14 19:11:15.893  1614  2002 I 322     : mega.privacy.android.app#-1#357
05-14 19:11:29.286  1614  2002 I 322     : mega.privacy.android.app#-1#90
05-14 19:11:38.616  9329 26506 I 111     : 3-3
05-14 19:11:42.546  9329 26506 I 111     : 4
05-14 19:11:47.649  9329 26506 I 111     : 3-3
05-14 19:12:04.954  1614  2002 I 322     : mega.privacy.android.app#-1#363
05-14 19:12:09.043  9329 26506 I 111     : 4
05-14 19:12:17.741  1614  2002 I 322     : mega.privacy.android.app#-1#111
05-14 19:12:40.662  1614  2002 I 322     : com.google.android.googlequicksearchbox#-1#262
05-14 19:12:52.107  1614  2002 I 322     : com.android.chrome#-1#455
05-14 19:13:44.900 11175 11682 I 111     : 2
05-14 19:13:44.961 11175 11682 I 111     : 2
05-14 19:13:45.049 11175 11682 I 111     : 2
05-14 19:13:46.311 11175 11682 I 111     : 4
05-14 19:13:46.350 11175 11682 I 111     : 2
05-14 19:13:46.395 11175 11682 I 111     : 2
05-14 19:13:46.442 11175 11682 I 111     : 2
05-14 19:13:46.522 11175 11682 I 111     : 2
05-14 19:13:46.560 11175 11682 I 111     : 4
05-14 19:13:46.576 11175 11682 I 111     : 2
05-14 19:14:29.975 15994 16048 I 110     : One big frame drop total:67 frameGap:67 delta#0#3#0#0#0#66
05-14 19:14:29.975 15994 16048 I 111     : 3-1
05-14 19:14:31.527  1614  2002 I 322     : com.android.chrome#-1#335
05-14 19:14:44.064 15994 16048 I 110     : One big frame drop total:71 frameGap:71 delta#0#15#3#0#0#61
05-14 19:14:44.064 15994 16048 I 111     : 3-1
05-14 19:14:44.905 15994 16048 I 110     : One big frame drop total:7 frameGap:840 delta#0#3#0#0#0#3
05-14 19:14:46.126 15994 16048 I 111     : 2
05-14 19:14:46.435  1614  2002 I 322     : com.android.chrome#-1#327
05-14 19:15:05.207  1614  2002 I 322     : com.android.chrome#-1#403
05-14 19:15:15.849  1614  2002 I 322     : com.android.chrome#-1#322
05-14 19:15:25.351 11175 11682 I 111     : 2
05-14 19:15:25.405 11175 11682 I 111     : 2
05-14 19:15:25.449 11175 11682 I 111     : 2
05-14 19:15:25.524 11175 11682 I 111     : 4
05-14 19:15:25.536 11175 11682 I 111     : 2
05-14 19:15:25.586 11175 11682 I 111     : 2
05-14 19:15:35.094  1614  2002 I 322     : com.android.chrome#-1#234
05-14 19:16:04.704  1614  2002 I 322     : com.android.chrome#-1#336
05-14 19:18:26.970  1614  2002 I 322     : com.whatsapp#-1#421
05-14 19:19:53.107 11175 11682 I 111     : 2
05-14 19:19:53.259 11175 11682 I 111     : 4
05-14 19:19:54.071 11175 11682 I 111     : 2
05-14 19:20:07.681  1614  2002 I 322     : com.android.chrome#-1#240
05-14 19:21:01.619  1614  2210 I 106     : System spent 131.7ms processing the last motion event: MotionEvent#MOVE
05-14 19:21:01.620  1614  2210 I 106     : System spent 125.0ms processing the last motion event: MotionEvent#MOVE
05-14 19:21:01.625  1614  2210 I 106     : System spent 119.4ms processing the last motion event: MotionEvent#UP
05-14 19:21:15.980 11175 11682 I 111     : 2
05-14 19:21:16.025 11175 11682 I 111     : 2
05-14 19:21:16.121 11175 11682 I 111     : 2
05-14 19:21:16.147 11175 11682 I 111     : 4
05-14 19:21:16.170 11175 11682 I 111     : 2
05-14 19:21:16.827 11175 11682 I 111     : 2
05-14 19:21:16.896 11175 11682 I 111     : 4
05-14 19:21:16.918 11175 11682 I 111     : 2
05-14 19:21:17.010 11175 11682 I 111     : 2
05-14 19:21:34.495 17519 20165 I 110     : One big frame drop total:105 frameGap:112 delta#66#17#2#13#0#21
05-14 19:21:34.495 17519 20165 I 111     : 3-1
05-14 19:22:46.554  1614  2002 I 322     : mega.privacy.android.app#-1#384
05-14 19:22:51.543  9329 26506 I 111     : 3-3
05-14 19:22:52.048  9329 26506 I 111     : 3-3
05-14 19:23:01.643  1614  2002 I 322     : mega.privacy.android.app#-1#102
05-14 19:23:05.478  9329 26506 I 110     : One big frame drop total:94 frameGap:1080 delta#0#91#0#86#0#2
05-14 19:23:05.478  9329 26506 I 111     : 3-1
05-14 19:23:24.594  1614  2002 I 322     : mega.privacy.android.app#-1#97
05-14 19:23:37.457  6062  6062 I 309     : package:null took:1086 calssname:android.app.ActivityThread$H callback:null what:110
05-14 19:23:38.473  1614  2002 I 322     : com.android.chrome#-1#1808
05-14 19:23:38.845  6103  6103 I 309     : package:null took:2420 calssname:android.app.ActivityThread$H callback:null what:110
05-14 19:23:40.376  6738  6738 I 100     : Open /data/app/~~QTDM08rZCrnGDQffGMHhVA==/com.google.android.apps.wellbeing-4tvc8iYeuRYprf15Gl47Ew==/base.apk took:62ms
05-14 19:23:41.090  6641  6791 I 110     : One big frame drop total:350 frameGap:350 delta#333#18#1#16#0#1
05-14 19:23:41.556  6641  6791 I 110     : One big frame drop total:196 frameGap:413 delta#22#172#7#164#0#1
05-14 19:23:41.820  6103  6130 I 101     : #299
05-14 19:23:47.034  1614  2210 I 106     : System spent 175.9ms processing the last motion event: MotionEvent#UP
05-14 19:24:02.510  1614  2002 I 322     : mega.privacy.android.app#-1#405
05-14 19:24:05.613  1614  2002 I 322     : mega.privacy.android.app#-1#178
05-14 19:24:08.607  1614  2002 I 322     : mega.privacy.android.app#-1#91
05-14 19:24:13.493  1614  2002 I 322     : mega.privacy.android.app#-1#129
05-14 19:24:19.316  1614  2002 I 322     : mega.privacy.android.app#-1#98
05-14 19:24:29.415  1614  2002 I 322     : mega.privacy.android.app#-1#116
05-14 19:24:51.360  1614  2002 I 322     : mega.privacy.android.app#-1#250
05-14 19:25:14.077  1614  2002 I 322     : mega.privacy.android.app#-1#273
05-14 19:25:21.916  1614  2002 I 322     : mega.privacy.android.app#-1#116
05-14 19:25:35.430  1614  2002 I 322     : mega.privacy.android.app#-1#126
05-14 19:25:56.932  6103  7127 I 110     : One big frame drop total:115 frameGap:265 delta#0#111#4#100#1#2
05-14 19:25:57.068  6103  7127 I 110     : One big frame drop total:18 frameGap:135 delta#0#15#15#0#0#2
05-14 19:25:57.088  6103  7127 I 111     : 3-2
05-14 19:26:00.355  1614  2002 I 322     : mega.privacy.android.app#-1#136
05-14 19:26:11.896  1614  2002 I 322     : mega.privacy.android.app#-1#113
05-14 19:26:18.068  1614  2002 I 322     : mega.privacy.android.app#-1#130
05-14 19:26:24.755  1614  2002 I 322     : mega.privacy.android.app#-1#132
05-14 19:26:31.975  8018  8018 I 100     : Open /data/app/~~YEETq_4JW18VeKaEejs-kw==/com.sillens.shapeupclub-nq-J_LM8KdyOTqjSfwxxyQ==/base.apk took:60ms
05-14 19:26:33.050  8057  8057 I 309     : package:null took:1125 calssname:android.app.ActivityThread$H callback:null what:110
05-14 19:26:33.807  8003  8003 I 309     : package:null took:1931 calssname:android.app.ActivityThread$H callback:null what:110
05-14 19:26:34.117  1614  2002 I 322     : mega.privacy.android.app#-1#120
05-14 19:26:34.533  8033  8033 I 309     : package:null took:2614 calssname:android.app.ActivityThread$H callback:null what:110
05-14 19:26:49.344  1614  2002 I 322     : com.google.android.gm#-1#341
05-14 19:26:49.744  6034  8821 I 110     : One big frame drop total:122 frameGap:127 delta#0#110#0#109#0#12
05-14 19:26:56.074  1614  2002 I 322     : com.google.android.googlequicksearchbox#-1#219
05-14 19:27:09.784  1614  2002 I 322     : com.android.chrome#-1#156
05-14 19:27:41.969  1614  2002 I 322     : mega.privacy.android.app#-1#112
05-14 19:29:07.916  1614  2009 I 300     : 401
05-14 19:29:11.099  1614  2002 I 322     : mega.privacy.android.app#-1#99
05-14 19:31:15.759  1614  2002 I 322     : mega.privacy.android.app#-1#107
05-14 19:32:57.980  1614  2002 I 322     : mega.privacy.android.app#-1#97
05-14 19:33:08.605  1614  2002 I 322     : mega.privacy.android.app#-1#106
05-14 19:33:25.221  1614  2002 I 322     : mega.privacy.android.app#-1#131
05-14 19:33:35.922  1614  2002 I 322     : mega.privacy.android.app#-1#123
05-14 19:33:43.319  1614  2002 I 322     : mega.privacy.android.app#-1#114
05-14 19:33:44.180  1614  2002 I 322     : mega.privacy.android.app#-1#100
05-14 19:34:03.405  1614  2002 I 322     : mega.privacy.android.app#-1#122
05-14 19:34:32.320  1614  2002 I 322     : mega.privacy.android.app#-1#314
05-14 19:34:43.383  1614  2002 I 322     : mega.privacy.android.app#-1#103
05-14 19:34:55.003  1614  2002 I 322     : mega.privacy.android.app#-1#143
05-14 19:35:14.725  1614  2002 I 322     : mega.privacy.android.app#-1#110
05-14 19:35:25.490  1614  2002 I 322     : mega.privacy.android.app#-1#127
05-14 19:35:34.392  1614  2002 I 322     : mega.privacy.android.app#-1#151
05-14 19:35:41.211  1614  2002 I 322     : mega.privacy.android.app#-1#114
05-14 19:36:08.726  1614  2002 I 322     : mega.privacy.android.app#-1#291
05-14 19:36:14.324  1614  2002 I 322     : mega.privacy.android.app#-1#94
05-14 19:36:35.249  1614  2002 I 322     : mega.privacy.android.app#-1#99
05-14 19:36:42.998  1614  2002 I 322     : mega.privacy.android.app#-1#89
05-14 19:36:54.120  1614  2002 I 322     : mega.privacy.android.app#-1#93
05-14 19:37:03.835  1614  2002 I 322     : mega.privacy.android.app#-1#100
05-14 19:37:22.066  1614  2002 I 322     : mega.privacy.android.app#-1#93
05-14 19:39:41.054  1614  2002 I 322     : com.google.android.gm#-1#413
05-14 19:39:41.902  8998 12222 I 110     : One big frame drop total:334 frameGap:334 delta#344#16#3#12#0#2
05-14 19:39:53.123  9781 12717 I 110     : One big frame drop total:75 frameGap:79 delta#0#1#0#0#0#73
05-14 19:40:24.762  9781 12717 I 110     : One big frame drop total:351 frameGap:358 delta#88#260#9#249#0#1
05-14 19:40:24.815  9781 12717 I 110     : One big frame drop total:53 frameGap:53 delta#255#47#0#42#0#1
05-14 19:40:24.815  9781 12717 I 111     : 3-1
05-14 19:40:34.738  1614  2002 I 322     : com.whatsapp#-1#168
05-14 19:41:40.464  9781 12717 I 110     : One big frame drop total:82 frameGap:82 delta#44#28#0#27#0#12
05-14 19:41:44.651  1957  2058 I 101     : #192
05-14 19:42:16.761  1614  2002 I 322     : com.spotify.music#-1#100
05-14 19:42:58.098  1614  2002 I 322     : com.whatsapp#-1#252
05-14 19:42:59.697  1614  2002 I 322     : com.whatsapp#-1#177
05-14 19:43:26.625  4396  4430 I 110     : One big frame drop total:149 frameGap:443 delta#133#12#9#3#0#2
05-14 19:44:16.812  6002  6173 I 101     : #181
05-14 19:44:19.820  1957 13120 I 101     : #194
05-14 19:45:10.204  3000  4696 I 309     : package:null took:3599 calssname:com.oneplus.orm.OrmManagerService$EventHandler callback:null what:11
05-14 19:53:07.400  1614  2002 I 322     : com.whatsapp#-1#220
05-14 19:53:07.567 14306 14306 I 100     : Open /data/app/~~HwAvP99tDfeOQhfzl5BeEg==/com.android.vending-Pc8vYdR0H3NGGVcaZwJPMA==/base.apk took:52ms
05-14 19:53:14.075 32311 32311 I 309     : package:null took:3871 calssname:android.os.AsyncTask$InternalHandler callback:null what:1
05-14 19:53:17.191  1957  2058 I 101     : #151
05-14 19:53:21.661  1614  2002 I 322     : com.supercell.brawlstars#74#1094
05-14 19:53:37.593 15047 15047 I 100     : Open /data/app/~~Umsmjs0CnAByMwMudS2WYg==/com.amazon.mShop.android.shopping-AjMyshmJdziH2Wi2iM4HAw==/base.apk took:121ms
05-14 19:53:54.502 15553 15553 I 100     : Open /data/app/~~IimInZsnsyxD8RDslKmhSw==/com.facebook.katana-s_HizEjuum1xokWRgjHNyA==/base.apk took:149ms
05-14 19:53:54.891 15294 15294 I 309     : package:null took:1533 calssname:android.app.ActivityThread$H callback:null what:110
05-14 19:53:55.510 15333 15333 I 309     : package:null took:2100 calssname:android.app.ActivityThread$H callback:null what:110
05-14 20:01:40.200 10552 12071 I 111     : 2
05-14 20:01:40.316 10552 12071 I 111     : 2
05-14 20:01:40.368 10552 12071 I 111     : 2
05-14 20:01:40.587 10552 12071 I 111     : 4
05-14 20:01:40.810 10552 12071 I 111     : 2
05-14 20:01:41.039 10552 12071 I 111     : 2
05-14 20:01:41.073 22696 22696 I 309     : package:null took:1224 calssname:android.app.ActivityThread$H callback:null what:110
05-14 20:01:41.552 10552 12071 I 110     : One big frame drop total:411 frameGap:411 delta#399#31#4#0#0#6
05-14 20:01:41.552 10552 12071 I 111     : 3-1
05-14 20:01:42.219  1614  2002 I 322     : com.google.android.googlequicksearchbox#-1#625
05-14 20:01:44.260 10552 12071 I 111     : 2
05-14 20:01:44.422 10552 12071 I 110     : One big frame drop total:161 frameGap:161 delta#166#17#1#16#0#1
05-14 20:07:45.495 28169 28169 I 309     : package:null took:1018 calssname:android.app.ActivityThread$H callback:null what:110
05-14 20:07:46.502 28501 28501 I 100     : Open /data/app/~~BcR_m9J1J2lqW9XPhgcXWA==/com.google.android.gm-pEmm2YKEA1bY5JjRHgeDQg==/base.apk took:195ms
05-14 20:07:46.921 28151 28151 I 309     : package:null took:2479 calssname:android.app.ActivityThread$H callback:null what:110
05-14 20:07:47.388 28501 28501 I 309     : package:null took:1168 calssname:android.app.ActivityThread$H callback:null what:110
05-14 20:08:10.450 22428 22702 I 111     : 2
05-14 20:08:10.497 22428 22702 I 111     : 4
05-14 20:08:29.155 22428 22702 I 111     : 2
05-14 20:23:50.450 12355 12355 I 100     : Open /data/app/~~Umsmjs0CnAByMwMudS2WYg==/com.amazon.mShop.android.shopping-AjMyshmJdziH2Wi2iM4HAw==/base.apk took:62ms
05-14 20:24:02.514 12851 12851 I 309     : package:null took:1433 calssname:android.app.ActivityThread$H callback:null what:110
05-14 20:24:03.309 12892 12892 I 309     : package:null took:2198 calssname:android.app.ActivityThread$H callback:null what:110
05-14 20:27:10.131  1614  9580 I 300     : 340
05-14 20:28:49.670  1614  3345 I 300     : 346
05-14 20:31:11.978  1614  2009 I 300     : 340
05-14 20:31:52.761  1614  2421 I 300     : 425
05-14 20:36:11.730 14510 14510 I 100     : Open /data/app/~~xoouJYs6rr0qiO9ayJa3JQ==/com.microsoft.teams-V6fy1P0DUe7gQHTwzjhNAA==/base.apk took:81ms
05-14 20:56:28.434  1614  2958 I 300     : 381
05-14 20:57:27.052  1614  2009 I 300     : 338
05-14 20:57:31.318 12851 12851 I 309     : package:null took:1148 calssname:android.app.ActivityThread$H callback:null what:159
05-14 20:57:31.415  1614  2002 I 322     : com.discord#-1#1248
05-14 20:58:26.742  1614  2002 I 322     : com.google.android.gm#-1#1218
05-14 20:58:31.824 28501 15480 I 111     : 2
05-14 21:16:15.091  1614  2009 I 300     : 363
05-14 21:16:16.711 22428 22702 I 110     : One big frame drop total:88 frameGap:96 delta#44#41#3#28#0#2
05-14 21:16:19.443 22428 22702 I 111     : 2
05-14 21:16:19.520 22428 22702 I 111     : 2
05-14 21:16:19.654 22428 22702 I 111     : 4
05-14 21:16:19.932 22428 22702 I 110     : One big frame drop total:87 frameGap:93 delta#0#85#0#40#0#2
05-14 21:16:19.936 22428 22702 I 111     : 3-2
05-14 21:17:00.235 16517 16517 I 100     : Open /data/app/~~Vkxi21FlBLX0CGA2HB1gLA==/com.linkedin.android-yc4RiOWzveWJD_zZSzLI_w==/base.apk took:91ms
05-14 21:17:00.264 16487 16487 I 100     : Open /data/app/~~dNb8G5v34EvEVAu11NbeIQ==/tv.twitch.android.app-pQxDOQ1xPxaBwirF_x5JDQ==/base.apk took:145ms
05-14 21:17:00.288 16476 16476 I 100     : Open /data/app/~~i4xYsBdHIICWbdDHsp9bAw==/com.ebay.mobile-KKiZu4mRmAf8wWNMxnIgWw==/base.apk took:181ms
05-14 21:17:00.919 16697 16697 I 100     : Open /data/app/~~IimInZsnsyxD8RDslKmhSw==/com.facebook.katana-s_HizEjuum1xokWRgjHNyA==/base.apk took:82ms
05-14 21:17:01.468 16476 16476 I 309     : package:null took:1383 calssname:android.app.ActivityThread$H callback:null what:110
05-14 21:17:25.828 22428 22702 I 110     : One big frame drop total:89 frameGap:3702 delta#44#38#2#36#0#6
05-14 21:17:29.700 22428 22702 I 110     : One big frame drop total:152 frameGap:152 delta#133#34#8#25#0#1
05-14 21:17:29.740 22428 22702 I 110     : One big frame drop total:39 frameGap:39 delta#44#18#9#8#0#1
05-14 21:19:51.065  1614  2009 I 300     : 344
05-14 21:19:57.407 22428 22702 I 111     : 2
05-14 21:19:57.499 22428 22702 I 111     : 4
05-14 21:19:57.573 22428 22702 I 111     : 2
05-14 21:19:57.614 22428 22702 I 111     : 2
05-14 21:19:57.734 22428 22702 I 111     : 4
05-14 21:19:58.834 12851 15020 I 110     : One big frame drop total:91 frameGap:239 delta#0#88#0#3#0#2
05-14 21:20:14.826  4396  4430 I 110     : One big frame drop total:150 frameGap:319 delta#133#12#6#5#0#4
05-14 21:20:24.351 12851 15020 I 111     : 3-3
05-14 21:20:25.068 12851 15020 I 110     : One big frame drop total:172 frameGap:173 delta#0#162#0#67#0#9
05-14 21:20:25.079 12851 15020 I 111     : 3-2
05-14 21:20:44.228  1614  2002 I 322     : com.whatsapp#-1#219
05-14 21:20:48.740  1614  2002 I 322     : com.whatsapp#-1#186
05-14 21:20:49.927  1614  2002 I 322     : com.whatsapp#-1#182
05-14 21:20:50.942  1614  2002 I 322     : com.whatsapp#-1#170
05-14 21:20:51.939  1614  2002 I 322     : com.whatsapp#-1#181
05-14 21:20:52.699  1614  2002 I 322     : com.whatsapp#-1#174
05-14 21:21:06.054 22428 22702 I 111     : 2
05-14 21:21:06.147 22428 22702 I 111     : 2
05-14 21:21:06.228 22428 22702 I 111     : 4
05-14 21:21:06.853 12851 15020 I 110     : One big frame drop total:153 frameGap:153 delta#11#142#3#53#1#3
05-14 21:21:12.502  1957 13414 I 101     : #158
05-14 21:21:13.791 22428 22702 I 111     : 3-3
05-14 21:21:22.432 28501 15480 I 110     : One big frame drop total:87 frameGap:94 delta#0#83#0#82#0#4
05-14 21:21:26.625 17650 17650 I 100     : Open /data/app/~~QTDM08rZCrnGDQffGMHhVA==/com.google.android.apps.wellbeing-4tvc8iYeuRYprf15Gl47Ew==/base.apk took:54ms
05-14 21:21:30.345  6002 13624 I 110     : One big frame drop total:283 frameGap:286 delta#99#177#7#170#0#5
05-14 21:21:30.380  6002 13624 I 111     : 3-2
05-14 21:21:30.605  6002 13624 I 111     : 3-3
05-14 21:21:31.352  6002 13624 I 110     : One big frame drop total:115 frameGap:115 delta#55#82#6#69#0#3
05-14 21:21:31.352  6002 13624 I 111     : 3-1
05-14 21:22:19.661  6002 13624 I 110     : One big frame drop total:101 frameGap:104 delta#88#9#6#2#0#2
05-14 21:22:20.800  6002 13624 I 110     : One big frame drop total:141 frameGap:716 delta#11#122#2#120#0#6
05-14 21:22:20.800  6002 13624 I 111     : 3-1
05-14 21:22:28.378  6002 13624 I 110     : One big frame drop total:100 frameGap:100 delta#88#11#3#7#0#2
05-14 21:22:29.996  6002 13624 I 110     : One big frame drop total:86 frameGap:179 delta#0#82#3#79#0#3
05-14 21:22:52.227  1614  2002 I 322     : com.whatsapp#-1#294
05-14 21:22:54.855  1614  2002 I 322     : com.whatsapp#-1#195
05-14 21:22:57.029  1614  2002 I 322     : com.whatsapp#-1#95
05-14 21:23:00.882  1614  2002 I 322     : com.whatsapp#-1#285
05-14 21:23:08.981  1957  2058 I 101     : #199
05-14 21:23:32.166  6002 13624 I 110     : One big frame drop total:100 frameGap:107 delta#77#18#0#17#0#3
05-14 21:24:13.036  6002 13624 I 111     : 2
05-14 21:33:21.206  1614  3404 I 300     : 370
05-14 21:33:31.036  1614  2002 I 322     : tv.twitch.android.app#-1#523
05-14 21:33:33.745 16487 18636 I 110     : One big frame drop total:88 frameGap:91 delta#0#84#2#12#0#3
05-14 21:48:11.137 22428 22702 I 111     : 2
05-14 21:48:11.243 22428 22702 I 111     : 2
05-14 21:48:11.420 22428 22702 I 111     : 4
05-14 21:48:11.874  1614  2002 I 322     : com.whatsapp#-1#294
05-14 21:49:06.561  1957 18035 I 101     : #237
05-14 21:51:13.762  1614  2009 I 300     : 474
05-14 21:51:17.117 22428 22702 I 111     : 4
05-14 21:51:17.613  1614  2002 I 322     : com.whatsapp#-1#282
05-14 21:51:24.159  1957 18171 I 101     : #195
05-14 21:53:47.712  1614  2009 I 300     : 401
05-14 22:13:43.378 20321 20321 I 100     : Open /data/app/~~Umsmjs0CnAByMwMudS2WYg==/com.amazon.mShop.android.shopping-AjMyshmJdziH2Wi2iM4HAw==/base.apk took:257ms
05-14 22:14:24.029  1614  2009 I 300     : 377
05-14 22:14:25.876 22428 22702 I 110     : One big frame drop total:125 frameGap:132 delta#66#54#2#48#0#3
05-14 22:14:26.498 20516 20516 I 100     : Open /data/app/~~ogFU-CcMiXdDTnQ7SXxrUA==/com.google.android.apps.maps-pWPBRaTzGCzn-V4uKJD68w==/base.apk took:99ms
05-14 22:14:28.899 20711 20711 I 100     : Open /data/app/~~J-Mt-PnpYPm0mW7yCOZWjQ==/com.google.android.videos-TrehumhTcbs_YGALSGurjQ==/base.apk took:58ms
05-14 22:14:30.218 20711 20711 I 309     : package:null took:1395 calssname:android.app.ActivityThread$H callback:null what:110
05-14 22:14:30.258 20790 20790 I 100     : Open /data/app/~~YEETq_4JW18VeKaEejs-kw==/com.sillens.shapeupclub-nq-J_LM8KdyOTqjSfwxxyQ==/base.apk took:64ms
05-14 22:14:31.312 20790 20790 I 309     : package:null took:1132 calssname:android.app.ActivityThread$H callback:null what:110
05-14 22:14:31.426 20824 20824 I 309     : package:null took:1075 calssname:android.app.ActivityThread$H callback:null what:110
