05-12 19:23:24.785  1614  2002 I 322     : com.whatsapp#-1#433
05-12 19:23:35.023  1614  2002 I 322     : com.whatsapp#-1#394
05-12 19:23:52.029  1614  2002 I 322     : com.google.android.googlequicksearchbox#-1#527
05-12 19:23:52.565 32582   492 I 110     : One big frame drop total:470 frameGap:470 delta#466#6#1#3#0#3
05-12 19:23:54.238 21640 21652 I 101     : #163
05-12 19:24:03.853 32582   492 I 111     : 2
05-12 19:24:03.902 32582   492 I 111     : 2
05-12 19:24:03.976 32582   492 I 111     : 4
05-12 19:24:04.099 32582   492 I 111     : 2
05-12 19:24:06.047 32582   492 I 111     : 2
05-12 19:24:06.151 32582   492 I 110     : One big frame drop total:86 frameGap:86 delta#0#5#0#0#0#85
05-12 19:24:06.151 32582   492 I 111     : 3-1
05-12 19:24:06.165 32582   492 I 111     : 3-2
05-12 19:24:06.176 32582   492 I 111     : 2
05-12 19:24:06.242 32582   492 I 111     : 4
05-12 19:24:08.721 32582   492 I 111     : 2
05-12 19:24:08.907 32582   492 I 111     : 4
05-12 19:24:09.535 32582   492 I 111     : 2
05-12 19:24:09.582 32582   492 I 111     : 2
05-12 19:24:10.097 32582   492 I 111     : 4
05-12 19:24:11.853 32582   492 I 111     : 2
05-12 19:24:12.175 32582   492 I 111     : 2
05-12 19:24:14.163 32582   492 I 111     : 2
05-12 19:24:14.253 32582   492 I 111     : 2
05-12 19:24:14.719 32582   492 I 111     : 4
05-12 19:24:20.321  1614  2002 I 322     : com.whatsapp#-1#403
05-12 19:31:02.922  1614  6669 I 300     : 533
05-12 19:31:04.384  2433  3148 I 111     : 2
05-12 19:31:04.431  2433  3148 I 111     : 2
05-12 19:31:04.601  2433  3148 I 111     : 2
05-12 19:31:04.651  2433  3148 I 111     : 2
05-12 19:31:04.705  2433  3148 I 111     : 2
05-12 19:31:04.763  2433  3148 I 111     : 2
05-12 19:31:04.818  2433  3148 I 111     : 2
05-12 19:31:04.818  2433  3148 I 111     : 4
05-12 19:31:04.877  2433  3148 I 111     : 2
05-12 19:31:04.925  2433  3148 I 111     : 2
05-12 19:31:04.978  2433  3148 I 111     : 2
05-12 19:31:05.060  2433  3148 I 111     : 2
05-12 19:31:05.060  2433  3148 I 111     : 4
05-12 19:31:05.108  2433  3148 I 111     : 2
05-12 19:31:05.286  2433  3148 I 111     : 4
05-12 19:31:13.061 20483 20483 I 100     : Open /data/app/~~YO2FjpkjxFI5X637TqCjVw==/com.instagram.android-P3OyrunGzIohVP20J7bCFA==/base.apk took:99ms
05-12 19:31:13.209  2433  2562 I 309     : package:null took:1063 calssname:com.android.systemui.qs.tileimpl.QSTileImpl$H callback:null what:5
05-12 19:31:14.353 20507 20507 I 309     : package:null took:1219 calssname:android.app.ActivityThread$H callback:null what:110
05-12 19:31:15.011 20629 20629 I 100     : Open /data/app/~~IimInZsnsyxD8RDslKmhSw==/com.facebook.katana-s_HizEjuum1xokWRgjHNyA==/base.apk took:100ms
05-12 19:31:15.686 20723 20723 I 100     : Open /data/app/com.google.android.apps.walletnfcrel-q88utHlNKuuw-E1Q8WhxNw==/base.apk took:180ms
05-12 19:31:16.266 20803 20803 I 100     : Open /data/app/~~Umsmjs0CnAByMwMudS2WYg==/com.amazon.mShop.android.shopping-AjMyshmJdziH2Wi2iM4HAw==/base.apk took:162ms
05-12 19:31:16.763 20876 20876 I 100     : Open /data/app/com.google.android.apps.podcasts-DLu4sl1gSlxVLuAHMlzpcA==/base.apk took:111ms
05-12 19:31:16.954 20483 20483 I 309     : package:null took:4095 calssname:android.app.ActivityThread$H callback:null what:110
05-12 19:31:17.057 20723 20723 I 309     : package:null took:1583 calssname:android.app.ActivityThread$H callback:null what:110
05-12 19:31:17.278 20803 20803 I 309     : package:null took:1192 calssname:android.app.ActivityThread$H callback:null what:110
05-12 19:31:17.338 21024 21024 I 100     : Open /data/app/~~V61JDuQmsMs3nSzVslb6IA==/com.discord-ZQrC-O34cgUAB7vdrCMsMA==/base.apk took:67ms
05-12 19:31:17.494 20995 20995 I 100     : Open /data/app/~~BcR_m9J1J2lqW9XPhgcXWA==/com.google.android.gm-pEmm2YKEA1bY5JjRHgeDQg==/base.apk took:203ms
05-12 19:31:19.250 21419 21419 I 100     : Open /data/app/~~XUV4yfyhS4ygkd-OyQlmWQ==/com.ultimateguitar.tabs-VvaO8N9iOGbdPO2t9sptxg==/base.apk took:83ms
05-12 19:31:19.691 21295 21295 I 309     : package:null took:1229 calssname:android.app.ActivityThread$H callback:null what:110
05-12 19:31:20.328 21206 21398 I 100     : Open /system/framework/com.android.location.provider.jar took:58ms
05-12 19:31:20.421 21024 21024 I 309     : package:null took:3212 calssname:android.app.ActivityThread$H callback:null what:110
05-12 19:31:20.599 21536 21536 I 100     : Open /data/app/~~s5tCTKDvmBFv7IEWXdLfgA==/com.google.android.apps.docs-dRcXoVnXZnH3Ows_mTHNKA==/base.apk took:137ms
05-12 19:31:20.680 21580 21580 I 100     : Open /data/app/~~-e6eNQuj4cRCj0m-9DgHKg==/com.quora.android-vgyjsN8Q4lCvBxvdM6UbOQ==/base.apk took:105ms
05-12 19:31:20.834 21419 21419 I 309     : package:null took:1732 calssname:android.app.ActivityThread$H callback:null what:110
05-12 19:31:20.857 21206 21415 I 101     : #620
05-12 19:31:20.864 21206 21398 I 101     : #481
05-12 19:31:21.276 21639 21639 I 100     : Open /data/app/~~XUV4yfyhS4ygkd-OyQlmWQ==/com.ultimateguitar.tabs-VvaO8N9iOGbdPO2t9sptxg==/base.apk took:140ms
05-12 19:31:21.344 20810 20847 I 101     : #204
05-12 19:31:21.482 21536 21536 I 309     : package:null took:1063 calssname:android.app.ActivityThread$H callback:null what:110
05-12 19:31:21.513 21206 21415 I 100     : Open /data/user_de/0/com.google.android.gms/app_chimera/m/0000003f/CronetDynamite.apk took:75ms
05-12 19:31:21.625 21580 21580 I 309     : package:null took:1106 calssname:android.app.ActivityThread$H callback:null what:110
05-12 19:31:21.870 20803 20867 I 101     : #518
05-12 19:31:21.897 21580 21772 I 100     : Open /data/app/~~gEZtthJjulEMgDmbx22D4Q==/com.google.android.webview-O4gwaSKhObabb5Sfk3DrVA==/base.apk took:147ms
05-12 19:31:22.052 21639 21639 I 309     : package:null took:1052 calssname:android.app.ActivityThread$H callback:null what:110
05-12 19:31:22.155 21419 21626 I 309     : package:null took:1368 calssname:android.os.Handler callback:java.util.concurrent.FutureTask@21c854f what:0
05-12 19:31:22.909 21024 21116 I 101     : #479
05-12 19:31:22.911 20995 21132 I 101     : #277
05-12 19:31:23.736 21536 21536 I 309     : package:null took:1001 calssname:android.app.job.JobServiceEngine$JobHandler callback:null what:2
05-12 19:31:23.821 21206 21330 I 101     : #352
05-12 19:31:24.087 21639 21947 I 309     : package:null took:1469 calssname:android.os.Handler callback:com.yandex.metrica.impl.ob.W1@83f3e7e what:0
05-12 19:31:24.938 21580 21580 I 309     : package:null took:1076 calssname:android.os.Handler callback:yy0@16647eb what:0
05-12 19:31:26.395 22174 22174 I 100     : Open /data/app/~~HlGrgkVYkaxgNOEWkeHzlw==/com.google.android.apps.photos-BIQSzW3FNfuY-og5RxP7vg==/base.apk took:75ms
05-12 19:31:26.461 22194 22194 I 100     : Open /data/app/~~aL078c43pSf7hWd33xY2sw==/com.etsy.android-ctAeb5ZJkvsHSxZi-CCjLA==/base.apk took:84ms
05-12 19:31:28.298 22194 22194 I 309     : package:null took:1946 calssname:android.app.ActivityThread$H callback:null what:110
05-12 19:31:28.742 20995 22292 I 101     : #1132
05-12 19:31:29.505 22095 22305 I 309     : package:null took:1574 calssname:android.os.Handler callback:<recycled PooledLambda@2ff982e> what:0
05-12 19:31:29.596 22361 22361 I 100     : Open /data/app/~~cavKBdmZyXmlhUDRZT8U4g==/com.google.android.contacts-U-DgfZgdQ-zlwxdzQKRv8A==/base.apk took:201ms
05-12 19:31:30.746 22428 22428 I 100     : Open /system_ext/priv-app/OPSystemUI/OPSystemUI.apk took:150ms
05-12 19:31:31.294 22456 22456 I 100     : Open /data/app/~~Vkxi21FlBLX0CGA2HB1gLA==/com.linkedin.android-yc4RiOWzveWJD_zZSzLI_w==/base.apk took:152ms
05-12 19:31:31.592 22428 22428 I 309     : package:null took:1006 calssname:android.app.ActivityThread$H callback:null what:110
05-12 19:31:31.817 22517 22517 I 100     : Open /data/app/~~VT9wpnKPfPV2zLl6wtF3Rg==/com.oneplus.gallery-eo03ApKJdfNsMRfNW_4QJQ==/base.apk took:63ms
05-12 19:31:32.350 22456 22456 I 309     : package:null took:1255 calssname:android.app.ActivityThread$H callback:null what:110
05-12 19:31:35.261 22428 22428 I 309     : package:null took:3648 calssname:android.app.ActivityThread$H callback:null what:114
05-12 19:31:49.482 23003 23003 I 100     : Open /system_ext/priv-app/OnePlusCamera/OnePlusCamera.apk took:75ms
05-12 19:31:50.473 22984 22984 I 309     : package:null took:1090 calssname:android.app.ActivityThread$H callback:null what:110
05-12 19:32:07.170 23116 23116 I 100     : Open /data/app/~~dNb8G5v34EvEVAu11NbeIQ==/tv.twitch.android.app-pQxDOQ1xPxaBwirF_x5JDQ==/base.apk took:117ms
05-12 19:32:55.989 23250 23250 I 100     : Open /data/app/~~5I64DtMSAGUuAHXZFU9gAg==/com.poqstudio.app.platform.boohoo-1VtjKgsUJdu1i29R-DwWhQ==/base.apk took:86ms
05-12 19:34:20.883  1614  2009 I 300     : 323
05-12 19:34:22.833  4810  5462 I 111     : 3-4
05-12 19:34:25.719 22984 22984 I 309     : package:null took:1607 calssname:android.app.ActivityThread$H callback:null what:159
05-12 19:34:57.051  1614  2002 I 322     : com.whatsapp#-1#157
05-12 19:34:58.942  1614  2002 I 322     : com.whatsapp#-1#257
05-12 19:35:21.905 21640 12843 I 101     : #224
05-12 19:37:03.148  1614  2009 I 300     : 332
05-12 19:37:05.325 23116 23135 I 101     : #155
05-12 19:37:16.391 20995 21132 I 101     : #184
05-12 19:37:24.849 24710 24710 I 309     : package:null took:1815 calssname:android.app.ActivityThread$H callback:null what:110
05-12 19:38:26.084  4810  5462 I 111     : 3-4
05-12 19:38:54.544  1614  2210 I 106     : System spent 426.8ms processing the last motion event: MotionEvent#UP
05-12 19:40:02.738 25371 25371 I 100     : Open /data/app/~~FE5a9ioHbNZTYoI_d_TIvw==/com.microsoft.teams-_Ls1qnixtEpMB8b--kZNaw==/base.apk took:121ms
05-12 19:40:03.992 25514 25514 I 100     : Open /data/app/~~Umsmjs0CnAByMwMudS2WYg==/com.amazon.mShop.android.shopping-AjMyshmJdziH2Wi2iM4HAw==/base.apk took:118ms
05-12 19:40:39.006 25661 25661 I 100     : Open /data/app/~~tkGPPdxDXsUVNuet9PmVEA==/com.atlassian.android.jira.core-nJnpTPVBKRyH3xvwJVPTKg==/base.apk took:77ms
05-12 19:45:56.506 21143 25189 I 309     : package:null took:1176 calssname:android.os.Handler callback:pgc@193dcb0 what:0
05-12 19:46:02.143 21143 21143 I 309     : package:null took:4929 calssname:android.os.AsyncTask$InternalHandler callback:null what:1
05-12 19:46:11.499 26416 26416 I 309     : package:null took:1584 calssname:android.app.ActivityThread$H callback:null what:110
05-12 19:46:33.737 26670 26670 I 100     : Open /data/app/~~lV3lhfuBMpfnw-_ZUpUDWw==/com.google.android.apps.youtube.music-LnGHqlvA30uxwPjJWWZoww==/base.apk took:67ms
05-12 19:46:34.314 26670 26756 I 100     : Open /data/app/~~6euh25UabuHU56fswJbiCA==/com.google.android.gms-7fEmL8dqLu6OsCNwvgKAhQ==/base.apk took:69ms
05-12 19:46:34.526 26807 26807 I 100     : Open /data/app/~~ogFU-CcMiXdDTnQ7SXxrUA==/com.google.android.apps.maps-pWPBRaTzGCzn-V4uKJD68w==/base.apk took:131ms
05-12 19:46:35.017 26875 26875 I 100     : Open /data/app/~~nkx8HOZ9DGCKeoCH81W2Xw==/com.twitter.android-tTr6mfUobtJjBgWfrPNoyg==/base.apk took:101ms
05-12 19:46:36.270 26875 26875 I 309     : package:null took:1380 calssname:android.app.ActivityThread$H callback:null what:110
05-12 19:46:38.123 27207 27207 I 100     : Open /data/app/~~5I64DtMSAGUuAHXZFU9gAg==/com.poqstudio.app.platform.boohoo-1VtjKgsUJdu1i29R-DwWhQ==/base.apk took:96ms
05-12 19:46:38.598 27321 27321 I 100     : Open /system_ext/priv-app/OnePlusCamera/OnePlusCamera.apk took:83ms
05-12 19:46:38.946 26670 26695 I 101     : #156
05-12 19:46:39.725 27348 27348 I 309     : package:null took:1136 calssname:android.app.ActivityThread$H callback:null what:110
05-12 19:46:39.989 27207 27207 I 309     : package:null took:1998 calssname:android.app.ActivityThread$H callback:null what:110
05-12 19:46:40.087 27678 27678 I 100     : Open /data/app/~~Vkxi21FlBLX0CGA2HB1gLA==/com.linkedin.android-yc4RiOWzveWJD_zZSzLI_w==/base.apk took:165ms
05-12 19:46:40.427 27743 27743 I 100     : Open /data/app/~~VT9wpnKPfPV2zLl6wtF3Rg==/com.oneplus.gallery-eo03ApKJdfNsMRfNW_4QJQ==/base.apk took:77ms
05-12 19:46:40.575 27768 27768 I 100     : Open /data/app/~~BcR_m9J1J2lqW9XPhgcXWA==/com.google.android.gm-pEmm2YKEA1bY5JjRHgeDQg==/base.apk took:132ms
05-12 19:46:46.877 28055 28055 I 100     : Open /data/app/com.google.android.apps.walletnfcrel-q88utHlNKuuw-E1Q8WhxNw==/base.apk took:78ms
05-12 19:46:47.778 28055 28055 I 309     : package:null took:1033 calssname:android.app.ActivityThread$H callback:null what:110
05-12 19:46:49.494 28142 28142 I 100     : Open /data/app/~~opbm3CZeae0-vOgECL6IGw==/com.google.android.calendar-kH8gu8q5VwNDfqV8tSimcQ==/base.apk took:54ms
05-12 19:53:52.046 28514 28514 I 309     : package:null took:1850 calssname:android.app.ActivityThread$H callback:null what:110
05-12 19:56:53.981 27768 27835 I 101     : #180
05-12 20:01:45.323  3000  4696 I 309     : package:null took:4440 calssname:com.oneplus.orm.OrmManagerService$EventHandler callback:null what:11
05-12 20:02:41.573 29496 29496 I 100     : Open /data/app/~~s5tCTKDvmBFv7IEWXdLfgA==/com.google.android.apps.docs-dRcXoVnXZnH3Ows_mTHNKA==/base.apk took:81ms
05-12 20:08:08.807  1614  2009 I 300     : 286
05-12 20:08:08.807 29872 29872 I 100     : Open /system/reserve/Weather/Weather.apk took:53ms
05-12 20:08:10.781  1614  2210 I 106     : System spent 662.9ms processing the last motion event: MotionEvent#UP
05-12 20:08:18.400  1614  2002 I 322     : com.whatsapp#-1#271
05-12 20:08:19.293 21640 25255 I 111     : 3-3
05-12 20:08:22.518 21640 25255 I 111     : 3-3
05-12 20:08:24.151  1614  2002 I 322     : com.whatsapp#-1#138
05-12 20:08:24.540 21640 25255 I 110     : One big frame drop total:152 frameGap:159 delta#0#22#10#6#0#130
05-12 20:08:30.135 30341 30341 I 309     : package:null took:1403 calssname:android.app.ActivityThread$H callback:null what:110
05-12 20:08:39.324 21640 21652 I 101     : #210
05-12 20:09:02.023  1614  2009 I 300     : 150
05-12 20:09:03.689 30533 30533 I 100     : Open /data/app/~~5I64DtMSAGUuAHXZFU9gAg==/com.poqstudio.app.platform.boohoo-1VtjKgsUJdu1i29R-DwWhQ==/base.apk took:60ms
05-12 20:09:04.657  1614  2002 I 322     : com.google.android.gm#-1#621
05-12 20:09:04.733 30533 30533 I 309     : package:null took:1127 calssname:android.app.ActivityThread$H callback:null what:110
05-12 20:09:27.711 31081 31081 I 100     : Open /data/app/~~VT9wpnKPfPV2zLl6wtF3Rg==/com.oneplus.gallery-eo03ApKJdfNsMRfNW_4QJQ==/base.apk took:56ms
05-12 20:09:28.259 31105 31105 I 100     : Open /data/app/~~Umsmjs0CnAByMwMudS2WYg==/com.amazon.mShop.android.shopping-AjMyshmJdziH2Wi2iM4HAw==/base.apk took:145ms
05-12 20:16:46.148 31756 31756 I 100     : Open /data/app/~~Vkxi21FlBLX0CGA2HB1gLA==/com.linkedin.android-yc4RiOWzveWJD_zZSzLI_w==/base.apk took:73ms
05-12 20:40:04.018  2324  2324 I 100     : Open /data/app/~~FE5a9ioHbNZTYoI_d_TIvw==/com.microsoft.teams-_Ls1qnixtEpMB8b--kZNaw==/base.apk took:147ms
05-12 20:50:20.736  5024 19325 I 101     : #158
05-12 20:52:55.006  1614  2009 I 300     : 427
05-12 20:52:58.752 22428 22702 I 111     : 2
05-12 20:57:41.647 27768 30636 I 110     : One big frame drop total:79 frameGap:80 delta#0#71#1#46#2#5
05-12 20:57:47.215 27029 30344 I 111     : 3-4
05-12 20:57:47.992 27029 30344 I 111     : 3-4
05-12 20:57:55.716  4289  4289 I 100     : Open /data/app/~~NZkt3gPuhCLMWKI6CdfmDg==/uk.co.nxbus.dundee-5rDYSat2xanYgMrd58ohSg==/base.apk took:54ms
05-12 20:57:56.924  4289  4289 I 100     : Open /data/user_de/0/com.google.android.gms/app_chimera/m/00000038/dl-MapsCoreDynamite.integ_221110601100400.apk took:53ms
05-12 20:57:56.995  4289  4289 I 309     : package:null took:1348 calssname:android.app.ActivityThread$H callback:null what:110
05-12 20:58:00.903  4289  4314 I 101     : #153
05-12 21:00:47.090  4548  4548 I 100     : Open /data/app/~~s5tCTKDvmBFv7IEWXdLfgA==/com.google.android.apps.docs-dRcXoVnXZnH3Ows_mTHNKA==/base.apk took:80ms
05-12 21:00:47.142  4607  4607 I 100     : Open /data/app/com.google.android.apps.walletnfcrel-q88utHlNKuuw-E1Q8WhxNw==/base.apk took:83ms
05-12 21:00:47.188  4542  4542 I 100     : Open /data/app/~~dNb8G5v34EvEVAu11NbeIQ==/tv.twitch.android.app-pQxDOQ1xPxaBwirF_x5JDQ==/base.apk took:158ms
05-12 21:00:48.059  4542  4542 I 309     : package:null took:1051 calssname:android.app.ActivityThread$H callback:null what:110
05-12 21:00:51.209 22428 22702 I 111     : 2
05-12 21:00:51.324 22428 22702 I 111     : 2
05-12 21:00:51.497 22428 22702 I 111     : 4
05-12 21:00:51.715 22428 22702 I 110     : One big frame drop total:94 frameGap:99 delta#0#88#0#42#1#4
05-12 21:00:52.056  1614  2002 I 322     : com.whatsapp#-1#397
05-12 21:01:11.994 21640 21652 I 101     : #216
05-12 21:05:23.138  1614  2009 I 300     : 384
05-12 21:05:24.938  1614  2002 I 322     : com.oneplus.camera#77#467
05-12 21:05:27.251  5698  5698 I 100     : Open /data/app/~~Umsmjs0CnAByMwMudS2WYg==/com.amazon.mShop.android.shopping-AjMyshmJdziH2Wi2iM4HAw==/base.apk took:104ms
05-12 21:05:27.564  5766  5766 I 100     : Open /data/app/~~sLV3J_PHR2VvZiG4r96bBg==/org.telegram.messenger-gAsggSpn1R6yC2IJVAcWsw==/base.apk took:62ms
05-12 21:05:28.212  5716  5716 I 309     : package:null took:1059 calssname:android.app.ActivityThread$H callback:null what:110
05-12 21:05:28.595 15283  5548 I 309     : package:null took:1941 calssname:android.os.Handler callback:com.oneplus.threading.Dispatcher$dispatchDefaultOpRunnable$1@4e76924 what:0
05-12 21:06:34.467  1614  2009 I 300     : 348
05-12 21:06:36.560 22428 22702 I 111     : 3-3
05-12 21:06:40.658  1614  2002 I 322     : com.whatsapp#-1#269
05-12 21:06:45.870  1614  2002 I 322     : com.whatsapp#-1#145
05-12 21:06:47.053  1614  2002 I 322     : com.whatsapp#-1#192
05-12 21:06:47.668 21640 25255 I 110     : One big frame drop total:238 frameGap:246 delta#222#11#5#5#0#3
05-12 21:06:48.118 21640 25255 I 110     : One big frame drop total:289 frameGap:295 delta#244#40#19#15#0#3
05-12 21:08:11.772  1614  2002 I 322     : com.whatsapp#-1#174
05-12 21:08:13.588  1614  2002 I 322     : com.whatsapp#-1#317
05-12 21:08:14.209 21640 25255 I 110     : One big frame drop total:337 frameGap:339 delta#0#333#0#0#0#3
05-12 21:08:25.192  1614  2002 I 322     : com.whatsapp#-1#218
05-12 21:08:34.722 22984 23810 I 110     : One big frame drop total:79 frameGap:79 delta#0#79#5#2#0#3
05-12 21:08:34.722 22984 23810 I 111     : 3-1
05-12 21:08:34.722 22984 23810 I 111     : 2
05-12 21:08:34.861 22984 23810 I 110     : One big frame drop total:95 frameGap:95 delta#0#94#0#2#0#5
05-12 21:08:34.861 22984 23810 I 111     : 3-1
05-12 21:08:34.873 22984 23810 I 111     : 3-2
05-12 21:08:34.873 22984 23810 I 111     : 2
05-12 21:09:07.028  7561  7561 I 309     : package:null took:1074 calssname:android.app.ActivityThread$H callback:null what:110
05-12 21:09:07.534  1614  2002 I 322     : com.whatsapp#-1#235
05-12 21:12:17.528  1614  2009 I 300     : 353
05-12 21:12:21.341  1614  2002 I 322     : com.whatsapp#-1#195
05-12 21:12:29.862  7888  7888 I 100     : Open /data/app/~~IimInZsnsyxD8RDslKmhSw==/com.facebook.katana-s_HizEjuum1xokWRgjHNyA==/base.apk took:124ms
05-12 21:12:32.479 21640 19310 I 101     : #197
05-12 21:12:36.572 22428 22702 I 111     : 3-4
05-12 21:23:49.648  8395  8395 I 100     : Open /data/app/com.google.android.apps.walletnfcrel-q88utHlNKuuw-E1Q8WhxNw==/base.apk took:57ms
05-12 21:23:51.365  8480  8480 I 100     : Open /data/app/~~QTDM08rZCrnGDQffGMHhVA==/com.google.android.apps.wellbeing-4tvc8iYeuRYprf15Gl47Ew==/base.apk took:64ms
05-12 21:23:53.978 24779  1340 I 110     : One big frame drop total:98 frameGap:103 delta#77#17#4#11#0#3
05-12 21:24:06.639 24779  1340 I 110     : One big frame drop total:109 frameGap:112 delta#88#16#8#7#0#3
05-12 21:24:07.848 24779  1340 I 111     : 3-4
05-12 21:24:36.308 24779  1340 I 110     : One big frame drop total:128 frameGap:248 delta#44#70#7#62#1#12
05-12 21:33:57.726  9487  9487 I 100     : Open /data/app/~~aL078c43pSf7hWd33xY2sw==/com.etsy.android-ctAeb5ZJkvsHSxZi-CCjLA==/base.apk took:65ms
05-12 21:33:57.742  9505  9505 I 100     : Open /data/app/~~Vkxi21FlBLX0CGA2HB1gLA==/com.linkedin.android-yc4RiOWzveWJD_zZSzLI_w==/base.apk took:70ms
05-12 21:33:58.050  9576  9576 I 100     : Open /data/app/~~dNb8G5v34EvEVAu11NbeIQ==/tv.twitch.android.app-pQxDOQ1xPxaBwirF_x5JDQ==/base.apk took:75ms
05-12 21:40:08.418 10335 10335 I 100     : Open /data/app/~~FE5a9ioHbNZTYoI_d_TIvw==/com.microsoft.teams-_Ls1qnixtEpMB8b--kZNaw==/base.apk took:155ms
05-12 21:42:04.864 10538 10538 I 309     : package:null took:1035 calssname:android.app.ActivityThread$H callback:null what:110
05-12 21:47:38.740  9576  9659 I 101     : #172
05-12 21:47:57.875  1614  2002 I 322     : com.google.android.googlequicksearchbox#-1#343
05-12 21:48:08.047  1614  2002 I 322     : com.android.chrome#-1#248
05-12 21:49:04.776 11606 11606 I 100     : Open /data/app/com.google.android.apps.walletnfcrel-q88utHlNKuuw-E1Q8WhxNw==/base.apk took:55ms
05-12 21:49:06.355  1614  2210 I 106     : System spent 561.0ms processing the last motion event: MotionEvent#DOWN
05-12 21:49:06.361  1614  2210 I 106     : System spent 491.3ms processing the last motion event: MotionEvent#UP
05-12 21:58:11.351 12179 12179 I 100     : Open /data/app/~~Umsmjs0CnAByMwMudS2WYg==/com.amazon.mShop.android.shopping-AjMyshmJdziH2Wi2iM4HAw==/base.apk took:82ms
05-12 21:58:11.788 12262 12262 I 100     : Open /data/app/~~dNb8G5v34EvEVAu11NbeIQ==/tv.twitch.android.app-pQxDOQ1xPxaBwirF_x5JDQ==/base.apk took:82ms
05-12 22:00:59.888 11725 12536 I 110     : One big frame drop total:282 frameGap:460 delta#0#277#0#276#0#4
05-12 22:01:04.618 22428 22702 I 111     : 2
05-12 22:01:07.222  1614  2002 I 322     : com.google.android.apps.tachyon#-1#704
05-12 22:01:33.756  1614  2009 I 300     : 106
05-12 22:19:01.848  1614  3406 I 300     : 353
05-12 22:19:03.868  1614  2002 I 322     : com.google.android.apps.tachyon#-1#629
05-12 22:19:07.833 10062 10108 I 101     : #240
05-12 22:19:20.891 10062 13205 I 110     : One big frame drop total:182 frameGap:553 delta#55#107#5#101#1#18
05-12 22:19:20.972 10062 13205 I 110     : One big frame drop total:80 frameGap:80 delta#166#26#4#21#0#2
05-12 22:19:21.047 10062 13205 I 110     : One big frame drop total:75 frameGap:75 delta#55#29#6#20#0#3
05-12 22:23:17.784 22428 22702 I 111     : 2
05-12 22:23:18.569  1614  2002 I 322     : com.android.chrome#-1#281
05-12 22:23:24.358  1614  2002 I 322     : com.oneplus.gallery#-1#250
05-12 22:23:29.457 13557 13557 I 309     : package:null took:1197 calssname:android.app.ActivityThread$H callback:null what:110
05-12 22:23:31.129 15284 13522 I 111     : 2
05-12 22:23:32.274 15284 13522 I 111     : 3-3
05-12 22:23:35.332 15284 13522 I 110     : One big frame drop total:110 frameGap:114 delta#0#107#1#0#0#3
05-12 22:23:35.538 15284 13522 I 111     : 3-3
05-12 22:23:43.423  1614  2002 I 322     : com.google.android.googlequicksearchbox#-1#162
05-12 22:23:43.893 11725 12536 I 111     : 2
05-12 22:23:43.931 11725 12536 I 111     : 2
05-12 22:23:44.016 11725 12536 I 111     : 4
05-12 22:23:45.164 11725 12536 I 111     : 2
05-12 22:23:50.815  1614  2002 I 322     : com.google.android.apps.photos#-1#268
05-12 22:23:56.915 10915 13859 I 111     : 3-3
05-12 22:23:58.021  1614  2002 I 322     : com.android.printspooler#75#276
05-12 22:23:58.171 13977 13977 I 100     : Open /data/app/~~nP444q5jLNv4hHMhTrfEBw==/com.hp.android.printservice-7kzj8lX9FE5Eza6Z_z-Tqg==/base.apk took:51ms
05-12 22:24:26.209 14269 14269 I 309     : package:null took:1207 calssname:android.app.ActivityThread$H callback:null what:110
05-12 22:24:45.643 22428 22702 I 110     : One big frame drop total:93 frameGap:346 delta#33#49#6#42#0#10
05-12 22:25:35.783  1614  2002 I 322     : com.android.printspooler#-1#173
05-12 22:25:55.116  1614  2002 I 322     : com.hp.android.printservice#-1#429
05-12 22:26:03.932  1614  2002 I 322     : com.hp.android.printservice#-1#204
05-12 22:26:24.933  1614  2002 I 322     : com.google.android.documentsui#85#1154
05-12 22:26:25.433 15285 14771 I 110     : One big frame drop total:117 frameGap:121 delta#0#112#1#9#0#4
05-12 22:26:25.444 15285 14771 I 111     : 3-2
05-12 22:26:31.499 15285 14771 I 110     : One big frame drop total:139 frameGap:148 delta#0#133#0#14#0#5
05-12 22:26:31.505 15285 14771 I 111     : 3-2
05-12 22:26:31.719 15285 14771 I 111     : 3-3
05-12 22:26:32.424 15285 14771 I 110     : One big frame drop total:98 frameGap:251 delta#0#78#0#77#1#18
05-12 22:26:32.678 15285 14771 I 110     : One big frame drop total:97 frameGap:244 delta#0#81#2#78#1#14
05-12 22:26:36.516  1614  2002 I 322     : com.oneplus.filemanager#83#334
05-12 22:26:37.469  1614  2002 I 322     : com.oneplus.filemanager#-1#120
05-12 22:26:41.546  1614  2002 I 322     : com.google.android.apps.docs#-1#487
05-12 22:26:46.812 15350 15350 I 100     : Open /data/app/~~Umsmjs0CnAByMwMudS2WYg==/com.amazon.mShop.android.shopping-AjMyshmJdziH2Wi2iM4HAw==/base.apk took:68ms
05-12 22:26:47.384 15471 15471 I 100     : Open /data/app/~~dNb8G5v34EvEVAu11NbeIQ==/tv.twitch.android.app-pQxDOQ1xPxaBwirF_x5JDQ==/base.apk took:89ms
05-12 22:27:00.029 23487 15119 I 111     : 3-3
05-12 22:27:07.084  1614  2002 I 322     : com.google.android.apps.nbu.files#80#329
05-12 22:27:07.354  1614  2002 I 322     : com.google.android.apps.nbu.files#-1#256
05-12 22:27:09.199  1614  2002 I 322     : com.android.settings#-1#699
05-12 22:27:17.089  1614  2002 I 322     : com.google.android.apps.nbu.files#-1#170
05-12 22:27:23.499  1614  2002 I 322     : com.oneplus.gallery#58#441
05-12 22:27:25.602 23490 15901 I 111     : 2
05-12 22:27:27.038 23490 15901 I 111     : 2
05-12 22:27:27.081 23490 15901 I 111     : 2
05-12 22:27:28.205 23490 15901 I 111     : 4
05-12 22:27:28.681 23490 15901 I 111     : 2
05-12 22:27:36.209 27029 30344 I 110     : One big frame drop total:87 frameGap:140 delta#0#56#0#56#15#15
05-12 22:27:36.255 27029 30344 I 110     : One big frame drop total:45 frameGap:45 delta#55#53#9#43#0#1
05-12 22:27:36.255 27029 30344 I 111     : 3-1
05-12 22:27:38.932 27029 30344 I 111     : 2
05-12 22:27:43.163  1614  2002 I 322     : com.oneplus.gallery#-1#324
05-12 22:27:43.321 27029 30344 I 110     : One big frame drop total:138 frameGap:138 delta#22#96#4#91#23#3
05-12 22:27:43.341 27029 30344 I 111     : 3-2
05-12 22:27:46.346 27029 30344 I 111     : 3-4
05-12 22:27:46.424 27029 30344 I 111     : 3-4
05-12 22:27:46.547 27029 30344 I 111     : 3-4
05-12 22:27:46.632 27029 30344 I 111     : 3-4
05-12 22:27:55.432  1614  2002 I 322     : com.google.android.googlequicksearchbox#-1#337
05-12 22:28:08.564  1614  2002 I 322     : com.hp.android.printservice#-1#183
05-12 22:28:09.771  1614  2002 I 322     : com.hp.android.printservice#-1#171
05-12 22:28:10.662  1614  2002 I 322     : com.hp.android.printservice#-1#116
05-12 22:28:11.458 13977 14611 I 111     : 2
05-12 22:28:13.047 22428 22702 I 111     : 3-4
05-12 22:28:13.794 13977 14611 I 111     : 2
05-12 22:28:13.802 13977 14611 I 111     : 4
05-12 22:28:13.835 13977 14611 I 111     : 2
05-12 22:28:14.652 13977 14611 I 111     : 2
05-12 22:28:14.857 13977 14611 I 111     : 3-4
05-12 22:28:15.061 13977 14611 I 111     : 2
05-12 22:28:15.085 13977 14611 I 111     : 3-4
05-12 22:28:15.123 13977 14611 I 111     : 2
05-12 22:28:15.176 13977 14611 I 111     : 2
05-12 22:28:15.232 13977 14611 I 111     : 2
05-12 22:28:15.295 13977 14611 I 111     : 3-4
05-12 22:28:15.306 13977 14611 I 111     : 2
05-12 22:28:15.306 13977 14611 I 111     : 4
05-12 22:28:15.357 13977 14611 I 111     : 2
05-12 22:28:15.403 13977 14611 I 111     : 2
05-12 22:28:15.446 13977 14611 I 111     : 2
05-12 22:28:15.497 13977 14611 I 111     : 2
05-12 22:28:15.536 13977 14611 I 111     : 2
05-12 22:28:15.536 13977 14611 I 111     : 4
05-12 22:28:15.581 13977 14611 I 111     : 2
05-12 22:28:15.625 13977 14611 I 111     : 2
05-12 22:28:15.677 13977 14611 I 111     : 2
05-12 22:28:15.698 13977 14611 I 111     : 3-4
05-12 22:28:15.735 13977 14611 I 111     : 2
05-12 22:28:15.786 13977 14611 I 111     : 2
05-12 22:28:15.786 13977 14611 I 111     : 4
05-12 22:28:15.836 13977 14611 I 111     : 2
05-12 22:28:15.888 13977 14611 I 111     : 2
05-12 22:28:15.939 13977 14611 I 111     : 2
05-12 22:28:15.993 13977 14611 I 111     : 2
05-12 22:28:16.071 13977 14611 I 111     : 2
05-12 22:28:16.071 13977 14611 I 111     : 4
05-12 22:28:16.128 13977 14611 I 111     : 2
05-12 22:28:16.184 13977 14611 I 111     : 2
05-12 22:28:16.249 13977 14611 I 111     : 2
05-12 22:28:16.305 13977 14611 I 111     : 2
05-12 22:28:16.368 13977 14611 I 111     : 2
05-12 22:28:16.368 13977 14611 I 111     : 4
05-12 22:28:16.425 13977 14611 I 111     : 2
05-12 22:28:16.480 13977 14611 I 111     : 2
05-12 22:28:16.538 13977 14611 I 111     : 2
05-12 22:28:16.600 13977 14611 I 111     : 2
05-12 22:28:16.655 13977 14611 I 111     : 2
05-12 22:28:16.655 13977 14611 I 111     : 4
05-12 22:28:16.763 13977 14611 I 111     : 2
05-12 22:28:16.833 13977 14611 I 111     : 2
05-12 22:28:16.956 13977 14611 I 111     : 2
05-12 22:28:17.034 13977 14611 I 111     : 2
05-12 22:28:17.130 13977 14611 I 111     : 2
05-12 22:28:17.130 13977 14611 I 111     : 4
05-12 22:28:17.223 13977 14611 I 111     : 2
05-12 22:28:17.320 13977 14611 I 111     : 2
05-12 22:28:17.420 13977 14611 I 111     : 2
05-12 22:28:17.691  1614  2002 I 322     : com.hp.printercontrol#63#1013
05-12 22:28:20.583  1614  2002 I 322     : com.hp.printercontrol#-1#317
05-12 22:28:31.402  1614  2002 I 322     : com.hp.printercontrol#-1#204
05-12 22:28:32.826 23491 16486 I 110     : One big frame drop total:79 frameGap:137 delta#44#27#6#11#0#7
05-12 22:28:35.346 23491 16486 I 110     : One big frame drop total:88 frameGap:93 delta#66#15#0#8#0#5
05-12 22:28:36.231  1614  2002 I 322     : com.hp.printercontrol#-1#152
05-12 22:28:40.591 23491 16486 I 110     : One big frame drop total:255 frameGap:441 delta#166#85#8#66#0#2
05-12 22:28:47.679  1614  2002 I 322     : com.oneplus.gallery#-1#219
05-12 22:28:49.514 27029 27077 I 309     : package:null took:1195 calssname:com.oneplus.base.BaseThread$InternalHandler callback:com.oneplus.gallery2.media.MediaStoreMediaSource$QueryAllMediaStoreContentRunnable@5f29c4c what:0
05-12 22:28:50.121 27029 30344 I 111     : 2
05-12 22:28:50.912 27029 27077 I 309     : package:null took:1389 calssname:com.oneplus.base.BaseThread$InternalHandler callback:com.oneplus.gallery2.media.MediaStoreMediaSource$QueryAllMediaStoreContentRunnable@5707088 what:0
05-12 22:28:53.742  1614  2002 I 322     : com.hp.android.printservice#-1#377
05-12 22:28:55.480  1614  2002 I 322     : com.hp.android.printservice#-1#243
05-12 22:30:48.900 13977 14611 I 111     : 2
05-12 22:30:51.119  1614  2002 I 322     : com.hp.printercontrol#-1#206
05-12 22:30:54.918  1614  2002 I 322     : com.amazon.mShop.android.shopping#-1#900
05-12 22:30:57.069 15350 17056 I 110     : One big frame drop total:348 frameGap:351 delta#344#1#0#0#0#2
05-12 22:31:09.054 15350 17056 I 110     : One big frame drop total:96 frameGap:98 delta#66#14#4#9#0#14
05-12 22:31:09.065 15350 17056 I 111     : 3-2
05-12 22:31:31.978 13977 14611 I 111     : 2
05-12 22:31:32.038 13977 14611 I 111     : 2
05-12 22:31:32.091 13977 14611 I 111     : 2
05-12 22:31:32.155 13977 14611 I 111     : 2
05-12 22:31:32.211 13977 14611 I 111     : 2
05-12 22:31:32.211 13977 14611 I 111     : 4
05-12 22:31:32.265 13977 14611 I 111     : 2
05-12 22:31:32.316 13977 14611 I 111     : 2
05-12 22:31:32.371 13977 14611 I 111     : 2
05-12 22:31:32.425 13977 14611 I 111     : 2
05-12 22:31:32.479 13977 14611 I 111     : 2
05-12 22:31:32.479 13977 14611 I 111     : 4
05-12 22:31:32.532 13977 14611 I 111     : 2
05-12 22:31:32.587 13977 14611 I 111     : 2
05-12 22:31:32.641 13977 14611 I 111     : 2
05-12 22:31:32.696 13977 14611 I 111     : 2
05-12 22:31:32.752 13977 14611 I 111     : 2
05-12 22:31:32.752 13977 14611 I 111     : 4
05-12 22:31:32.806 13977 14611 I 111     : 2
05-12 22:31:33.195 13977 14611 I 111     : 2
05-12 22:31:33.351 13977 14611 I 111     : 2
05-12 22:31:33.483 13977 14611 I 111     : 2
05-12 22:31:33.553 13977 14611 I 111     : 2
05-12 22:31:33.553 13977 14611 I 111     : 4
05-12 22:31:33.623 13977 14611 I 111     : 2
05-12 22:31:33.696 13977 14611 I 111     : 2
05-12 22:31:33.769 13977 14611 I 111     : 2
05-12 22:31:33.841 13977 14611 I 111     : 2
05-12 22:31:33.857 23491 16486 I 110     : One big frame drop total:106 frameGap:425 delta#0#3#0#1#0#103
05-12 22:31:43.041  1614  2002 I 322     : com.oneplus.gallery#-1#238
05-12 22:31:47.990 27029 30344 I 111     : 2
05-12 22:31:48.160 27029 30344 I 111     : 4
05-12 22:31:49.982  1614  2002 I 322     : com.hp.printercontrol#-1#115
05-12 22:32:04.290 23491 16486 I 110     : One big frame drop total:117 frameGap:124 delta#88#22#9#7#0#5
05-12 22:32:05.744 23491 16486 I 110     : One big frame drop total:81 frameGap:86 delta#0#77#7#70#1#3
05-12 22:32:05.807 23491 16486 I 110     : One big frame drop total:63 frameGap:63 delta#66#65#7#56#0#2
05-12 22:32:05.807 23491 16486 I 111     : 3-1
05-12 22:32:29.778 23491 16486 I 110     : One big frame drop total:302 frameGap:589 delta#222#72#1#60#1#6
05-12 22:32:29.860 23491 16486 I 110     : One big frame drop total:81 frameGap:81 delta#111#35#8#16#0#2
05-12 22:32:29.860 23491 16486 I 111     : 3-1
05-12 22:32:47.643 23491 16486 I 110     : One big frame drop total:120 frameGap:240 delta#44#70#1#69#0#4
05-12 22:32:47.718 23491 16486 I 110     : One big frame drop total:74 frameGap:74 delta#77#56#6#50#0#4
05-12 22:32:47.718 23491 16486 I 111     : 3-1
05-12 22:32:47.764 23491 16486 I 110     : One big frame drop total:45 frameGap:45 delta#44#49#6#42#0#2
05-12 22:32:47.764 23491 16486 I 111     : 3-1
05-12 22:33:05.811 23491 16486 I 110     : One big frame drop total:292 frameGap:673 delta#188#94#4#74#1#7
05-12 22:33:13.070  1614  2002 I 322     : com.oneplus.gallery#-1#239
05-12 22:33:15.013 27029 30344 I 111     : 2
05-12 22:33:15.067 27029 30344 I 111     : 2
05-12 22:33:15.178 27029 30344 I 111     : 4
05-12 22:33:16.025 27029 27077 I 309     : package:null took:1608 calssname:com.oneplus.base.BaseThread$InternalHandler callback:com.oneplus.gallery2.media.MediaStoreMediaSource$QueryAllMediaStoreContentRunnable@465ebd9 what:0
05-12 22:33:17.557  1614  2002 I 322     : com.hp.android.printservice#-1#378
05-12 22:33:19.258  1614  2002 I 322     : com.hp.android.printservice#-1#209
05-12 22:33:24.987  1614  2002 I 322     : com.hp.android.printservice#-1#155
05-12 22:33:32.365 13977 14611 I 111     : 2
05-12 22:33:36.009 13977 14611 I 111     : 3-4
05-12 22:33:42.109 22428 22702 I 110     : One big frame drop total:100 frameGap:2438 delta#55#38#4#33#0#6
05-12 22:34:02.302 18191 18191 I 100     : Open /data/app/~~IimInZsnsyxD8RDslKmhSw==/com.facebook.katana-s_HizEjuum1xokWRgjHNyA==/base.apk took:133ms
05-12 22:34:11.037  1614  2002 I 322     : com.oneplus.gallery#-1#216
05-12 22:34:13.676 27029 27077 I 309     : package:null took:1145 calssname:com.oneplus.base.BaseThread$InternalHandler callback:com.oneplus.gallery2.media.MediaStoreMediaSource$QueryAllMediaStoreContentRunnable@9b6d9f4 what:0
05-12 22:34:16.449  1614  2002 I 322     : com.hp.android.printservice#-1#361
05-12 22:34:22.278  1614  2002 I 322     : com.hp.android.printservice#-1#171
05-12 22:34:27.898  1614  2002 I 322     : com.hp.android.printservice#-1#126
05-12 22:34:37.211  1614  2002 I 322     : com.hp.android.printservice#-1#126
05-12 22:34:59.012  1614  2002 I 322     : com.hp.android.printservice#-1#123
05-12 22:35:26.652 22428 22702 I 110     : One big frame drop total:104 frameGap:522 delta#44#49#0#48#2#7
05-12 22:37:52.050  1614  2009 I 300     : 164
05-12 22:37:56.221 18933 18933 I 100     : Open /system_ext/priv-app/OnePlusCamera/OnePlusCamera.apk took:51ms
05-12 22:37:57.444  4810  5462 I 111     : 3-4
05-12 22:38:15.146 19009 19009 I 309     : package:null took:1870 calssname:android.app.ActivityThread$H callback:null what:110
05-12 22:38:16.364 19197 19197 I 309     : package:null took:1084 calssname:android.app.ActivityThread$H callback:null what:110
05-12 22:38:33.880  5862  5862 I 309     : package:null took:1018 calssname:android.app.ActivityThread$H callback:null what:159
05-12 22:38:33.996  1614  2002 I 322     : com.supercell.brawlstars#158#1452
05-12 22:38:34.473 22428 22702 I 110     : One big frame drop total:93 frameGap:93 delta#66#26#4#22#0#2
05-12 22:39:58.066  1614  2210 I 106     : System spent 193.8ms processing the last motion event: MotionEvent#DOWN
05-12 22:39:58.077  1614  2210 I 106     : System spent 151.2ms processing the last motion event: MotionEvent#MOVE
05-12 22:39:58.077  1614  2210 I 106     : System spent 146.2ms processing the last motion event: MotionEvent#MOVE
05-12 22:39:58.078  1614  2210 I 106     : System spent 140.5ms processing the last motion event: MotionEvent#MOVE
05-12 22:39:58.078  1614  2210 I 106     : System spent 135.2ms processing the last motion event: MotionEvent#MOVE
05-12 22:39:58.078  1614  2210 I 106     : System spent 129.9ms processing the last motion event: MotionEvent#MOVE
05-12 22:39:58.078  1614  2210 I 106     : System spent 124.7ms processing the last motion event: MotionEvent#MOVE
05-12 22:39:58.078  1614  2210 I 106     : System spent 119.3ms processing the last motion event: MotionEvent#MOVE
05-12 22:39:58.078  1614  2210 I 106     : System spent 114.0ms processing the last motion event: MotionEvent#MOVE
05-12 22:39:58.078  1614  2210 I 106     : System spent 108.2ms processing the last motion event: MotionEvent#MOVE
05-12 22:39:58.078  1614  2210 I 106     : System spent 102.9ms processing the last motion event: MotionEvent#MOVE
05-12 22:39:58.092  1614  2210 I 106     : System spent 119.6ms processing the last motion event: MotionEvent#MOVE
05-12 22:39:58.095  1614  2210 I 106     : System spent 114.9ms processing the last motion event: MotionEvent#MOVE
05-12 22:39:58.095  1614  2210 I 106     : System spent 110.5ms processing the last motion event: MotionEvent#MOVE
05-12 22:39:58.095  1614  2210 I 106     : System spent 105.0ms processing the last motion event: MotionEvent#MOVE
05-12 22:39:58.095  1614  2210 I 106     : System spent 100.0ms processing the last motion event: MotionEvent#MOVE
05-12 22:40:13.486 20643 20643 I 100     : Open /data/app/~~FE5a9ioHbNZTYoI_d_TIvw==/com.microsoft.teams-_Ls1qnixtEpMB8b--kZNaw==/base.apk took:127ms
05-12 22:44:44.177 22428 22702 I 111     : 2
05-12 22:46:44.945 26999 26999 I 309     : package:null took:1770 calssname:android.app.ActivityThread$H callback:null what:110
05-12 22:59:04.432  7675  7675 I 100     : Open /data/app/~~VT9wpnKPfPV2zLl6wtF3Rg==/com.oneplus.gallery-eo03ApKJdfNsMRfNW_4QJQ==/base.apk took:55ms
05-12 23:05:12.356 13557 13557 I 100     : Open /data/app/com.google.android.apps.walletnfcrel-q88utHlNKuuw-E1Q8WhxNw==/base.apk took:100ms
05-12 23:05:13.970 13620 13620 I 100     : Open /system_ext/priv-app/OPAccessoryFramework/OPAccessoryFramework.apk took:107ms
05-12 23:05:14.927 13719 13719 I 100     : Open /system_ext/priv-app/OnePlusCamera/OnePlusCamera.apk took:119ms
05-12 23:05:15.018 13743 13743 I 100     : Open /data/app/~~HwAvP99tDfeOQhfzl5BeEg==/com.android.vending-Pc8vYdR0H3NGGVcaZwJPMA==/base.apk took:59ms
05-12 23:05:15.139 13557 13557 I 309     : package:null took:2960 calssname:android.app.ActivityThread$H callback:null what:110
05-12 23:05:15.504 13862 13862 I 100     : Open /system_ext/priv-app/OnePlusCamera/OnePlusCamera.apk took:89ms
05-12 23:05:16.952 13743 13743 I 309     : package:null took:2070 calssname:android.app.ActivityThread$H callback:null what:110
05-12 23:05:17.596 13557 13589 I 101     : #173
05-12 23:05:18.009 13934 13934 I 309     : package:null took:2204 calssname:android.app.ActivityThread$H callback:null what:110
05-12 23:05:18.362 13743 13764 I 101     : #343
05-12 23:05:18.366 13743 14093 I 101     : #257
05-12 23:05:47.172 23491 16664 I 309     : package:null took:2279 calssname:com.hp.sdd.common.library.serializer.RequestSerializer$1 callback:com.hp.sdd.common.library.serializer.SerializedRequestPair@7cbb2102 what:0
05-12 23:08:34.545  1614  2009 I 300     : 528
05-12 23:08:51.186 27768 30636 I 110     : One big frame drop total:87 frameGap:87 delta#77#7#2#4#0#2
05-12 23:08:51.336 27768 30636 I 110     : One big frame drop total:115 frameGap:116 delta#0#111#3#106#0#3
05-12 23:08:58.576 27768 30636 I 110     : One big frame drop total:109 frameGap:116 delta#0#104#0#103#0#4
05-12 23:09:09.337 27768 30636 I 110     : One big frame drop total:115 frameGap:141 delta#77#2#0#1#0#34
05-12 23:09:09.337 27768 30636 I 111     : 3-1
05-12 23:09:13.152 27768 30636 I 111     : 3-3
05-12 23:09:30.117  4810  5462 I 111     : 3-4
05-12 23:09:33.907 10062 13205 I 110     : One big frame drop total:171 frameGap:171 delta#0#170#6#164#0#5
05-12 23:09:33.936 10062 13205 I 111     : 3-2
05-12 23:09:35.905 10062 13205 I 111     : 3-3
05-12 23:09:39.658 10062 13205 I 110     : One big frame drop total:493 frameGap:493 delta#99#392#9#382#0#2
05-12 23:09:39.732 10062 13205 I 110     : One big frame drop total:73 frameGap:73 delta#411#37#0#27#0#3
05-12 23:09:39.732 10062 13205 I 111     : 3-1
05-12 23:09:40.223 10062 13205 I 110     : One big frame drop total:111 frameGap:122 delta#11#96#9#82#0#3
05-12 23:09:40.241 10062 13205 I 111     : 3-2
05-12 23:09:40.499 10062 13205 I 111     : 3-3
05-12 23:10:20.438 10062 13205 I 111     : 3-3
05-12 23:10:36.581 10062 13205 I 110     : One big frame drop total:97 frameGap:98 delta#88#5#2#2#0#2
05-12 23:10:38.027 10062 13205 I 110     : One big frame drop total:126 frameGap:141 delta#0#113#1#111#1#12
05-12 23:10:44.049 10062 13205 I 111     : 3-3
05-12 23:10:47.977 10062 13205 I 110     : One big frame drop total:92 frameGap:95 delta#77#11#9#2#0#2
05-12 23:10:49.383 10062 13205 I 110     : One big frame drop total:98 frameGap:159 delta#0#94#8#85#0#3
05-12 23:10:50.828 10062 13205 I 110     : One big frame drop total:92 frameGap:97 delta#77#8#8#0#0#6
05-12 23:10:51.512 15799 15799 I 100     : Open /data/app/~~YetnCmWtjdW_mSLhMdAG2Q==/com.whatsapp-go8LpMOeUD17gBc4fNvWZw==/base.apk took:72ms
05-12 23:10:51.599 15806 15806 I 100     : Open /data/app/~~dNb8G5v34EvEVAu11NbeIQ==/tv.twitch.android.app-pQxDOQ1xPxaBwirF_x5JDQ==/base.apk took:156ms
05-12 23:10:52.453 15799 15799 I 309     : package:null took:1058 calssname:android.app.ActivityThread$H callback:null what:110
05-12 23:10:52.481 15806 15806 I 309     : package:null took:1107 calssname:android.app.ActivityThread$H callback:null what:110
05-12 23:13:10.552 27768 27835 I 101     : #429
05-12 23:13:22.657 23491 16664 I 309     : package:null took:1066 calssname:com.hp.sdd.common.library.serializer.RequestSerializer$1 callback:com.hp.sdd.common.library.serializer.SerializedRequestPair@7638e424 what:0
05-12 23:22:20.266 15806 15841 I 101     : #200
05-12 23:22:27.709  1614  1624 I 101     : #512
05-12 23:29:55.464 16903 16903 I 100     : Open /data/app/~~IimInZsnsyxD8RDslKmhSw==/com.facebook.katana-s_HizEjuum1xokWRgjHNyA==/base.apk took:117ms
05-12 23:31:22.885 17148 17148 I 100     : Open /data/app/~~VT9wpnKPfPV2zLl6wtF3Rg==/com.oneplus.gallery-eo03ApKJdfNsMRfNW_4QJQ==/base.apk took:65ms
05-12 23:31:38.633 22428 22702 I 110     : One big frame drop total:264 frameGap:3169 delta#55#205#7#197#0#3
05-12 23:32:30.138 10062 13205 I 111     : 3-3
05-12 23:33:08.204 17767 17767 I 100     : Open /data/app/~~YO2FjpkjxFI5X637TqCjVw==/com.instagram.android-P3OyrunGzIohVP20J7bCFA==/base.apk took:58ms
05-12 23:33:08.279 17785 17785 I 100     : Open /data/app/~~-e6eNQuj4cRCj0m-9DgHKg==/com.quora.android-vgyjsN8Q4lCvBxvdM6UbOQ==/base.apk took:54ms
05-12 23:33:09.309 17999 17999 I 100     : Open /data/app/~~Vkxi21FlBLX0CGA2HB1gLA==/com.linkedin.android-yc4RiOWzveWJD_zZSzLI_w==/base.apk took:73ms
05-12 23:33:10.273 17767 17767 I 309     : package:null took:2153 calssname:android.app.ActivityThread$H callback:null what:110
05-12 23:40:15.020 18497 18497 I 100     : Open /data/app/~~FE5a9ioHbNZTYoI_d_TIvw==/com.microsoft.teams-_Ls1qnixtEpMB8b--kZNaw==/base.apk took:205ms
05-12 23:40:28.088 18654 18654 I 100     : Open /system_ext/priv-app/OnePlusCamera/OnePlusCamera.apk took:100ms
05-12 23:40:28.176 18673 18673 I 100     : Open /data/app/com.google.android.apps.walletnfcrel-q88utHlNKuuw-E1Q8WhxNw==/base.apk took:98ms
05-12 23:40:31.316  1614  2002 I 322     : com.supercell.clashofclans#97#1160
05-12 23:40:31.421 22428 22702 I 111     : 3-4
05-12 23:40:31.936  5955 18894 I 110     : One big frame drop total:351 frameGap:427 delta#344#5#5#0#0#1
05-12 23:40:59.243 19263 19263 I 100     : Open /data/app/~~dNb8G5v34EvEVAu11NbeIQ==/tv.twitch.android.app-pQxDOQ1xPxaBwirF_x5JDQ==/base.apk took:74ms
05-12 23:41:10.351  4810  5462 I 111     : 3-4
05-12 23:41:16.183 19469 19469 I 100     : Open /data/app/~~QTDM08rZCrnGDQffGMHhVA==/com.google.android.apps.wellbeing-4tvc8iYeuRYprf15Gl47Ew==/base.apk took:55ms
05-12 23:54:36.153 19263 19294 I 101     : #198
05-12 23:54:46.049 10062 13205 I 110     : One big frame drop total:85 frameGap:85 delta#0#83#0#73#0#3
05-12 23:54:57.314 10062 13205 I 111     : 3-3
05-12 23:55:02.069 10062 13205 I 110     : One big frame drop total:94 frameGap:98 delta#66#24#7#16#0#3
05-12 23:55:03.389 10062 13205 I 110     : One big frame drop total:148 frameGap:224 delta#0#139#0#139#1#7
05-12 23:55:50.330 10062 13205 I 110     : One big frame drop total:109 frameGap:115 delta#77#28#0#27#0#2
05-12 23:55:55.752 10062 13205 I 111     : 3-3
05-12 23:55:58.096 10062 13205 I 110     : One big frame drop total:109 frameGap:114 delta#66#40#2#37#0#2
05-12 23:56:04.477 10062 13205 I 110     : One big frame drop total:91 frameGap:100 delta#66#21#3#17#0#2
05-12 23:57:49.879 10062 13205 I 111     : 3-4
05-12 23:59:02.443  3000  4696 I 309     : package:null took:4389 calssname:com.oneplus.orm.OrmManagerService$EventHandler callback:null what:11
05-13 00:00:45.379 21160 21160 I 309     : package:null took:1341 calssname:android.app.ActivityThread$H callback:null what:110
05-13 00:02:51.083 21342 21342 I 100     : Open /data/app/~~opbm3CZeae0-vOgECL6IGw==/com.google.android.calendar-kH8gu8q5VwNDfqV8tSimcQ==/base.apk took:58ms
05-13 00:04:56.231  1614  2002 I 322     : tv.twitch.android.app#-1#539
05-13 00:05:04.223 19263 21584 I 110     : One big frame drop total:84 frameGap:84 delta#277#10#2#8#0#3
05-13 00:05:04.669 19263 21584 I 110     : One big frame drop total:115 frameGap:122 delta#0#110#0#8#0#4
05-13 00:05:04.885 19263 21584 I 111     : 3-3
05-13 00:05:08.330 19263 21584 I 110     : One big frame drop total:110 frameGap:113 delta#0#107#0#5#0#3
05-13 00:05:10.750  1614  2210 I 106     : System spent 206.7ms processing the last motion event: MotionEvent#DOWN
05-13 00:08:09.840 19263 19294 I 101     : #162
05-13 00:08:09.934 19263 21584 I 111     : 2
05-13 00:08:10.146 19263 21584 I 111     : 3-3
05-13 00:08:17.620 10062 13205 I 110     : One big frame drop total:93 frameGap:98 delta#77#12#0#3#0#2
05-13 00:10:30.404  1614  2002 I 322     : com.android.chrome#-1#253
05-13 00:10:33.256  8593 22356 I 309     : package:null took:3177 calssname:android.speech.tts.TextToSpeechService$SynthHandler callback:android.speech.tts.TextToSpeechService$SynthHandler$1@9347814 what:0
05-13 00:13:42.615 23302 23302 I 100     : Open /data/app/com.google.android.apps.walletnfcrel-q88utHlNKuuw-E1Q8WhxNw==/base.apk took:53ms
05-13 00:13:42.752  1614  2002 I 322     : com.google.android.googlequicksearchbox#-1#314
05-13 00:13:43.210 11725 12536 I 110     : One big frame drop total:359 frameGap:359 delta#350#13#8#4#0#3
05-13 00:13:43.519 11725 12536 I 110     : One big frame drop total:308 frameGap:308 delta#283#18#13#4#0#7
05-13 00:14:49.443 11725 12536 I 111     : 2
05-13 00:14:49.630  1614  2002 I 322     : com.android.chrome#-1#241
05-13 00:15:16.586 11725 12536 I 111     : 2
05-13 00:15:40.514 11725 12536 I 111     : 2
05-13 00:15:55.357 11725 12536 I 111     : 2
05-13 00:16:13.459 10062 13205 I 111     : 3-3
05-13 00:17:21.888 10062 13205 I 110     : One big frame drop total:102 frameGap:109 delta#88#9#1#8#0#3
05-13 00:17:23.547 10062 13205 I 111     : 3-4
05-13 00:35:09.206 25272 25272 I 309     : package:null took:1130 calssname:android.app.ActivityThread$H callback:null what:110
05-13 00:40:18.247 25463 25463 I 100     : Open /data/app/~~FE5a9ioHbNZTYoI_d_TIvw==/com.microsoft.teams-_Ls1qnixtEpMB8b--kZNaw==/base.apk took:148ms
05-13 00:45:05.297 25680 25680 I 309     : package:null took:2102 calssname:android.app.ActivityThread$H callback:null what:110
05-13 01:01:20.494  5974  5974 I 100     : Open /data/app/~~Vkxi21FlBLX0CGA2HB1gLA==/com.linkedin.android-yc4RiOWzveWJD_zZSzLI_w==/base.apk took:81ms
05-13 01:05:10.661 26887 26887 I 309     : package:null took:1210 calssname:android.app.ActivityThread$H callback:null what:110
05-13 01:13:27.139  5993  5993 I 100     : Open /data/app/~~9LYVMHPbiYaemPRxRRF0UA==/com.wordle.wordlegame.today.word.puzzle.game-AoGCqsGXuRGLGwYhcYFwVg==/base.apk took:59ms
05-13 01:26:24.309 19263 19263 I 309     : package:null took:1175502 calssname:android.os.Handler callback:tv.twitch.android.shared.analytics.SpadeBatchingTracker$$ExternalSyntheticLambda0@c8875ed what:0
05-13 01:33:09.641 28329 28329 I 309     : package:null took:1504 calssname:android.app.ActivityThread$H callback:null what:110
05-13 01:35:11.665 28711 28711 I 309     : package:null took:1221 calssname:android.app.ActivityThread$H callback:null what:110
05-13 01:49:21.044 19263 19263 I 309     : package:null took:419369 calssname:tv.twitch.android.sdk.SDKServicesController$UpdateHandler callback:tv.twitch.android.sdk.SDKServicesController$UpdateHandler$$ExternalSyntheticLambda0@e202e34 what:0
05-13 01:56:20.125 29881 29881 I 100     : Open /data/app/~~KI-pOEvSWWh0rRo-Xz1Kig==/com.microsoft.office.officehubrow-XrLeyxpYBQd6-qjQue2IPQ==/base.apk took:80ms
05-13 02:05:12.806 30321 30321 I 309     : package:null took:1326 calssname:android.app.ActivityThread$H callback:null what:110
05-13 02:10:15.591 15323 30751 I 101     : #174
05-13 02:16:34.880 10062 10100 I 101     : #838
