03-31 15:20:37.903   935  1013 I WindowManager: Destroying surface Surface(name=Splash Screen com.SpicySpaceChickens.HelpMarkEscape$_1345)/@0xaaab78a called by com.android.server.wm.WindowStateAnimator.destroySurface:987 com.android.server.wm.WindowStateAnimator.destroySurfaceLocked:518 com.android.server.wm.WindowState.destroySurfaceUnchecked:4203 com.android.server.wm.WindowState.destroySurface:4177 com.android.server.wm.ActivityRecord.destroySurfaces:5789 com.android.server.wm.ActivityRecord.destroySurfaces:5770 com.android.server.wm.WindowState.onExitAnimationDone:5932 com.android.server.wm.WindowStateAnimator.onAnimationFinished:242 
03-31 15:20:37.904   935  1013 I WindowManager: enableScreenIfNeededLocked: mDisplayEnabled=true mForceDisplayEnabled=false mShowingBootMessages=false mSystemBooted=true. java.lang.RuntimeException: here
03-31 15:20:37.919   636   636 I Layer   : id=41972 removeFromCurrentState Splash Screen com.SpicySpaceChickens.HelpMarkEscape$_1345#0 (126)
03-31 15:20:37.919   636   636 I Layer   : id=41969 removeFromCurrentState 21eea53 Splash Screen com.SpicySpaceChickens.HelpMarkEscape#0 (126)
03-31 15:20:37.919   636   636 I Layer   : id=41996 removeFromCurrentState Surface(name=21eea53 Splash Screen com.SpicySpaceChickens.HelpMarkEscape)/@0xbe6a0a - animation-leash of window_animation#0 (126)
03-31 15:20:37.919   636   636 I SurfaceFlinger: id=41969 Removed 21eea53 Splash Screen com.SpicySpaceChickens.HelpMarkEscape#0 (126)
03-31 15:20:37.920   636   636 I SurfaceFlinger: id=41972 Removed Splash Screen com.SpicySpaceChickens.HelpMarkEscape$_1345#0 (126)
03-31 15:20:37.920   636   636 I SurfaceFlinger: id=41996 Removed Surface(name=21eea53 Splash Screen com.SpicySpaceChickens.HelpMarkEscape)/@0xbe6a0a - animation-leash of window_animation#0 (126)
03-31 15:20:37.920   636   636 I Layer   : id=41996 Destroyed Surface(name=21eea53 Splash Screen com.SpicySpaceChickens.HelpMarkEscape)/@0xbe6a0a - animation-leash of window_animation#0
03-31 15:20:37.920   636   636 I Layer   : id=41969 Destroyed 21eea53 Splash Screen com.SpicySpaceChickens.HelpMarkEscape#0
03-31 15:20:37.922   935  1400 D MdnieScenarioControlService:  packageName : com.SpicySpaceChickens.HelpMarkEscape    className : com.epicgames.ue4.GameActivity
03-31 15:20:37.922   935  1400 V MdnieScenarioControlService: setUIMode from UI function(3)
03-31 15:20:37.922   636   636 I Layer   : id=41972 Destroyed Splash Screen com.SpicySpaceChickens.HelpMarkEscape$_1345#0
03-31 15:20:37.924   636   636 D SurfaceFlinger: Display 0 HWC layers:
03-31 15:20:37.924   636   636 D SurfaceFlinger:  SOLID_COLOR |              | 0000 |  Unknown  |    0.0    0.0    0.0    0.0 |    0    0 1080   96 | Letterbox - left#1
03-31 15:20:37.924   636   636 D SurfaceFlinger:      CLIENT |              | 0000 |  Unknown  |    0.0    0.0    0.0    0.0 |    0 2270 1080 2280 | Letterbox - right#0
03-31 15:20:37.924   636   636 D SurfaceFlinger:  SOLID_COLOR |              | 0002 |  Unknown  |    0.0    0.0    0.0    0.0 |    0   96 1080 2270 | Background for SurfaceView - com.Spi[...]icgames.ue4.GameActivity@da2aaf0@0#0
03-31 15:20:37.924   636   636 D SurfaceFlinger:      DEVICE | 0x6fb5c59790 | 0100 | RGBA_8888    |    0.0    0.0 1080.0 2174.0 |    0   96 1080 2270 | com.SpicySpaceChickens.HelpMarkEscape/com.epicgames.ue4.GameActivity$_23765#1
03-31 15:20:37.924   636   636 D SurfaceFlinger:      DEVICE | 0x6fb5c5fa90 | 0100 | RGBA_8888    |    0.0    0.0 1080.0 2174.0 |    0   96 1080 2270 | com.SpicySpaceChickens.HelpMarkEscape/com.epicgames.ue4.GameActivity$_23765#0
03-31 15:20:37.924   636   636 D SurfaceFlinger:      DEVICE | 0x6fb5c76290 | 0100 | RGBA_8888    |    0.0    0.0   34.0 2280.0 | 1046    0 1080 2280 | StatusBar$_1345#0
03-31 15:20:37.924   636   636 D SurfaceFlinger:      DEVICE | 0x6fb5c6d4d0 | 0100 | RGBA_8888    |   27.0    0.0  144.0 2280.0 |    0    0  117 228
03-31 15:20:37.924   636   636 D SurfaceFlinger: 0 | NavigationBar0$_1345#0
03-31 15:20:37.924   636   636 D SurfaceFlinger: 
03-31 15:20:37.959  3278 21180 W MediaProvider: isAppCloneUserPair for user 0: false
03-31 15:20:37.969   935  1013 I WindowManager: Reparenting to original parent: Surface(name=Leaf:17:17)/@0xe621000, destroy=true, surface=Surface(name=WindowToken{f3b73fa android.os.BinderProxy@58f6a1c})/@0x7a8abda
03-31 15:20:37.971   935  1013 I WindowManager: enableScreenIfNeededLocked: mDisplayEnabled=true mForceDisplayEnabled=false mShowingBootMessages=false mSystemBooted=true. java.lang.RuntimeException: here
03-31 15:20:37.971   935  1013 I WindowManager: Reparenting to original parent: Surface(name=Leaf:24:25)/@0xbbef7a9, destroy=true, surface=Surface(name=WindowToken{4e54794 android.os.BinderProxy@a46b701})/@0x8ebc101
03-31 15:20:37.972   935  1013 I WindowManager: enableScreenIfNeededLocked: mDisplayEnabled=true mForceDisplayEnabled=false mShowingBootMessages=false mSystemBooted=true. java.lang.RuntimeException: here
03-31 15:20:37.986   636   636 I Layer   : id=41981 removeFromCurrentState Surface(name=WindowToken{f3b73fa android.os.BinderProxy@58f6a1c})/@0x7a8abda - animation-leash of fixed_rotation#1 (123)
03-31 15:20:37.986   636   636 I Layer   : id=41982 removeFromCurrentState Surface(name=WindowToken{4e54794 android.os.BinderProxy@a46b701})/@0x8ebc101 - animation-leash of fixed_rotation#1 (123)
03-31 15:20:37.986   636   636 I SurfaceFlinger: id=41982 Removed Surface(name=WindowToken{4e54794 android.os.BinderProxy@a46b701})/@0x8ebc101 - animation-leash of fixed_rotation#1 (123)
03-31 15:20:37.986   636   636 I SurfaceFlinger: id=41981 Removed Surface(name=WindowToken{f3b73fa android.os.BinderProxy@58f6a1c})/@0x7a8abda - animation-leash of fixed_rotation#1 (123)
03-31 15:20:37.986   636   636 I Layer   : id=41981 Destroyed Surface(name=WindowToken{f3b73fa android.os.BinderProxy@58f6a1c})/@0x7a8abda - animation-leash of fixed_rotation#1
03-31 15:20:37.987   636   636 I Layer   : id=41982 Destroyed Surface(name=WindowToken{4e54794 android.os.BinderProxy@a46b701})/@0x8ebc101 - animation-leash of fixed_rotation#1
03-31 15:20:37.988   935  1013 I WindowManager: enableScreenIfNeededLocked: mDisplayEnabled=true mForceDisplayEnabled=false mShowingBootMessages=false mSystemBooted=true. java.lang.RuntimeException: here
03-31 15:20:38.022   935  1400 V MdnieScenarioControlService: mAclOffEnabled : false mAclPreviewState : false mAclCompensationState : false
03-31 15:20:38.033 23765 23816 D UE4     : EGL Extensions: 
03-31 15:20:38.033 23765 23816 D UE4     : EGL_ANDROID_front_buffer_auto_refresh EGL_ANDROID_get_frame_timestamps EGL_ANDROID_get_native_client_buffer EGL_ANDROID_presentation_time EGL_EXT_surface_CTA861_3_metadata EGL_EXT_surface_SMPTE2086_metadata EGL_KHR_get_all_proc_addresses EGL_KHR_swap_buffers_with_damage EGL_EXT_gl_colorspace_scrgb EGL_EXT_gl_colorspace_scrgb_linear EGL_EXT_gl_colorspace_display_p3_linear EGL_EXT_gl_colorspace_display_p3 EGL_EXT_gl_colorspace_display_p3_passthrough EGL_EXT_gl_colorspace_bt2020_linear EGL_EXT_gl_colorspace_bt2020_pq EGL_ANDROID_image_native_buffer EGL_ANDROID_native_fence_sync EGL_ANDROID_recordable EGL_EXT_create_context_robustness EGL_EXT_image_gl_colorspace EGL_EXT_pixel_format_float EGL_EXT_yuv_surface EGL_IMG_context_priority EGL_KHR_config_attribs EGL_KHR_create_context EGL_KHR_fence_sync EGL_KHR_gl_colorspace EGL_KHR_gl_renderbuffer_image EGL_KHR_gl_texture_2D_image EGL_KHR_gl_texture_cubemap_image EGL_KHR_image EGL_KHR_image_base EGL_KHR_mutable_render_buffer EGL_KHR_no_config_context EGL_KHR_partial_u
03-31 15:20:38.034 23765 23816 D UE4     : FAndroidGPUInfo
03-31 15:20:38.034 23765 23816 D UE4     : AndroidEGL::InitRenderSurface 1, 1
03-31 15:20:38.034 23765 23816 D UE4     : AndroidEGL::InitRenderSurface, wnd: 0xe2e94788, width: 8, height 8 
03-31 15:20:38.034 23765 23816 D UE4     : AndroidEGL::CreateEGLRenderSurface() 0xe8f5d430
03-31 15:20:38.034 23765 23816 D UE4     : AndroidEGL::InitSharedSurface 1
03-31 15:20:38.034 23765 23816 D UE4     : AndroidEGL::InitSharedSurface, width: 8, height 8 
03-31 15:20:38.034 23765 23816 D UE4     : AndroidEGL::CreateEGLSharedSurface(), auxSurface = eglCreatePbufferSurface(), 8x8
03-31 15:20:38.036 23765 23816 D vulkan  : searching for layers in '/data/app/~~pdY3byV4y-vw6HKmDVuNAQ==/com.SpicySpaceChickens.HelpMarkEscape-TySX3a-jg0tDiOGm2Qxgjw==/lib/arm'
03-31 15:20:38.036 23765 23816 D vulkan  : searching for layers in '/data/app/~~pdY3byV4y-vw6HKmDVuNAQ==/com.SpicySpaceChickens.HelpMarkEscape-TySX3a-jg0tDiOGm2Qxgjw==/base.apk!/lib/armeabi-v7a'
03-31 15:20:38.062   578 23834 I HYPER-HAL: [RequestManager.cpp]releaseLocked(): Released ID : 453645
03-31 15:20:38.073   636   636 D SurfaceFlinger: Display 0 HWC layers:
03-31 15:20:38.073   636   636 D SurfaceFlinger:  SOLID_COLOR |              | 0000 |  Unknown  |    0.0    0.0    0.0    0.0 |    0    0 1080   96 | Letterbox - left#1
03-31 15:20:38.073   636   636 D SurfaceFlinger:      CLIENT |              | 0000 |  Unknown  |    0.0    0.0    0.0    0.0 |    0 2270 1080 2280 | Letterbox - right#0
03-31 15:20:38.073   636   636 D SurfaceFlinger:  SOLID_COLOR |              | 0002 |  Unknown  |    0.0    0.0    0.0    0.0 |    0   96 1080 2270 | Background for SurfaceView - com.Spi[...]icgames.ue4.GameActivity@da2aaf0@0#0
03-31 15:20:38.073   636   636 D SurfaceFlinger:      DEVICE | 0x6fb5c59790 | 0100 | RGBA_8888    |    0.0    0.0 1080.0 2174.0 |    0   96 1080 2270 | com.SpicySpaceChickens.HelpMarkEscape/com.epicgames.ue4.GameActivity$_23765#1
03-31 15:20:38.073   636   636 D SurfaceFlinger:      DEVICE | 0x6fb5c5fa90 | 0100 | RGBA_8888    |    0.0    0.0 1080.0 2174.0 |    0   96 1080 2270 | com.SpicySpaceChickens.HelpMarkEscape/com.epicgames.ue4.GameActivity$_23765#0
03-31 15:20:38.073   636   636 D SurfaceFlinger:      DEVICE | 0x6fb5c76290 | 0100 | RGBA_8888    |    0.0    0.0    1.0 2280.0 | 1079    0 1080 2280 | StatusBar$_1345#0
03-31 15:20:38.073   636   636 D SurfaceFlinger: 
03-31 15:20:38.089   636   636 D SurfaceFlinger: Display 0 HWC layers:
03-31 15:20:38.089   636   636 D SurfaceFlinger:  SOLID_COLOR |              | 0000 |  Unknown  |    0.0    0.0    0.0    0.0 |    0    0 1080   96 | Letterbox - left#1
03-31 15:20:38.089   636   636 D SurfaceFlinger:      CLIENT |              | 0000 |  Unknown  |    0.0    0.0    0.0    0.0 |    0 2270 1080 2280 | Letterbox - right#0
03-31 15:20:38.089   636   636 D SurfaceFlinger:  SOLID_COLOR |              | 0002 |  Unknown  |    0.0    0.0    0.0    0.0 |    0   96 1080 2270 | Background for SurfaceView - com.Spi[...]icgames.ue4.GameActivity@da2aaf0@0#0
03-31 15:20:38.089   636   636 D SurfaceFlinger:      DEVICE | 0x6fb5c59790 | 0100 | RGBA_8888    |    0.0    0.0 1080.0 2174.0 |    0   96 1080 2270 | com.SpicySpaceChickens.HelpMarkEscape/com.epicgames.ue4.GameActivity$_23765#1
03-31 15:20:38.089   636   636 D SurfaceFlinger:      DEVICE | 0x6fb5c5fa90 | 0100 | RGBA_8888    |    0.0    0.0 1080.0 2174.0 |    0   96 1080 2270 | com.SpicySpaceChickens.HelpMarkEscape/com.epicgames.ue4.GameActivity$_23765#0
03-31 15:20:38.089   636   636 D SurfaceFlinger: 
03-31 15:20:38.150  3278 23719 I MediaProvider: Deleted 1 0 0 0 0 0 0 items on external_primary due to com.SpicySpaceChickens.HelpMarkEscape
03-31 15:20:38.154  3278 23043 W MediaProvider: isAppCloneUserPair for user 0: false
03-31 15:20:38.157  3278 23723 W MediaProvider: isAppCloneUserPair for user 0: false
03-31 15:20:38.158 23765 23816 D UE4     : LogPluginManager: Mounting plugin MeshPainting
03-31 15:20:38.161 23765 23816 D UE4     : LogPluginManager: Mounting plugin UObjectPlugin
03-31 15:20:38.164 23765 23816 D UE4     : LogPluginManager: Mounting plugin LightPropagationVolume
03-31 15:20:38.167 23765 23816 D UE4     : LogPluginManager: Mounting plugin VariantManagerContent
03-31 15:20:38.173 23765 23816 D UE4     : LogPluginManager: Mounting plugin PluginUtils
03-31 15:20:38.176 23765 23816 D UE4     : LogPluginManager: Mounting plugin Paper2D
03-31 15:20:38.178   935  1257 D SemNscXgbL1: L2 NRT 1 sample inference time: 0.44 msecs
03-31 15:20:38.178   935  1257 D SemNscXgbL2Rt: L2 RT 1 sample inference time: 0.295269 msecs
03-31 15:20:38.178   935  1257 D SemNscXgbL2Nrt: L2 NRT 1 sample inference time: 0.275538 msecs
03-31 15:20:38.181 23765 23816 D UE4     : LogPluginManager: Mounting plugin AssetManagerEditor
03-31 15:20:38.184 23765 23816 D UE4     : LogPluginManager: Mounting plugin FacialAnimation
03-31 15:20:38.187 23765 23816 D UE4     : LogPluginManager: Mounting plugin GeometryMode
03-31 15:20:38.190 23765 23816 D UE4     : LogPluginManager: Mounting plugin DatasmithContent
03-31 15:20:38.193 23765 23816 D UE4     : LogPluginManager: Mounting plugin BackChannel
03-31 15:20:38.195 23765 23816 D UE4     : LogPluginManager: Mounting plugin ChaosEditor
03-31 15:20:38.198 23765 23816 D UE4     : LogPluginManager: Mounting plugin ChaosCloth
03-31 15:20:38.201 23765 23816 D UE4     : LogPluginManager: Mounting plugin AutomationUtils
03-31 15:20:38.204 23765 23816 D UE4     : LogPluginManager: Mounting plugin SpeedTreeImporter
03-31 15:20:38.207 23765 23816 D UE4     : LogPluginManager: Mounting plugin CharacterAI
03-31 15:20:38.210 23765 23816 D UE4     : LogPluginManager: Mounting plugin ChaosSolverPlugin
03-31 15:20:38.213 23765 23816 D UE4     : LogPluginManager: Mounting plugin GeometryCache
03-31 15:20:38.215 23765 23816 D UE4     : LogPluginManager: Mounting plugin GeometryCollectionPlugin
03-31 15:20:38.218 23765 23816 D UE4     : LogPluginManager: Mounting plugin MotoSynth
03-31 15:20:38.223 23765 23816 D UE4     : LogPluginManager: Mounting plugin PlanarCut
03-31 15:20:38.226 23765 23816 D UE4     : LogPluginManager: Mounting plugin PlatformCrypto
03-31 15:20:38.229 23765 23816 D UE4     : LogPluginManager: Mounting plugin GeometryProcessing
03-31 15:20:38.232 23765 23816 D UE4     : LogPluginManager: Mounting plugin AndroidMedia
03-31 15:20:38.235 23765 23816 D UE4     : LogPluginManager: Mounting plugin ImgMedia
03-31 15:20:38.238 23765 23816 D UE4     : LogPluginManager: Mounting plugin MediaCompositing
03-31 15:20:38.241 23765 23816 D UE4     : LogPluginManager: Mounting plugin TcpMessaging
03-31 15:20:38.244 23765 23816 D UE4     : LogPluginManager: Mounting plugin LevelSequenceEditor
03-31 15:20:38.246 23765 23816 D UE4     : LogPluginManager: Mounting plugin MatineeToLevelSequence
03-31 15:20:38.249 23765 23816 D UE4     : LogPluginManager: Mounting plugin UdpMessaging
03-31 15:20:38.252 23765 23816 D UE4     : LogPluginManager: Mounting plugin TemplateSequence
03-31 15:20:38.255 23765 23816 D UE4     : LogPluginManager: Mounting plugin OnlineSubsystem
03-31 15:20:38.259 23765 23816 D UE4     : LogPluginManager: Mounting plugin OnlineSubsystemNull
03-31 15:20:38.262 23765 23816 D UE4     : LogPluginManager: Mounting plugin ActorLayerUtilities
03-31 15:20:38.264 23765 23816 D UE4     : LogPluginManager: Mounting plugin OnlineSubsystemUtils
03-31 15:20:38.268 23765 23816 D UE4     : LogPluginManager: Mounting plugin AndroidDeviceProfileSelector
03-31 15:20:38.271 23765 23816 D UE4     : LogPluginManager: Mounting plugin AndroidMoviePlayer
03-31 15:20:38.273 23765 23816 D UE4     : LogPluginManager: Mounting plugin ChunkDownloader
03-31 15:20:38.276 23765 23816 D UE4     : LogPluginManager: Mounting plugin AndroidPermission
03-31 15:20:38.279 23765 23816 D UE4     : LogPluginManager: Mounting plugin AssetTags
03-31 15:20:38.282 23765 23816 D UE4     : LogPluginManager: Mounting plugin CustomMeshComponent
03-31 15:20:38.284   935  1012 D SGM:GameManager: identifyForegroundApp. com.SpicySpaceChickens.HelpMarkEscape, mCurrentUserId: 0, callerUserId: 0
03-31 15:20:38.284   935  1012 D SGM:PkgDataHelper: getGamePkgData(). com.SpicySpaceChickens.HelpMarkEscape
03-31 15:20:38.284   935  1012 D SGM:SemGameManager: isForegroundGame(), ret=false
03-31 15:20:38.285   935 23859 D TspStateManager: update cmd=set_grip_data,2,1,60,20,20,20,60,60
03-31 15:20:38.285 23765 23816 D UE4     : LogPluginManager: Mounting plugin GoogleCloudMessaging
03-31 15:20:38.289 23765 23816 D UE4     : LogPluginManager: Mounting plugin EditableMesh
03-31 15:20:38.290   578 23807 I HYPER-HAL: [RequestManager.cpp]releaseLocked(): Released ID : 471942
03-31 15:20:38.291 23765 23816 D UE4     : LogPluginManager: Mounting plugin ExampleDeviceProfileSelector
03-31 15:20:38.294 23765 23816 D UE4     : LogPluginManager: Mounting plugin LocationServicesBPLibrary
03-31 15:20:38.297 23765 23816 D UE4     : LogPluginManager: Mounting plugin GooglePAD
03-31 15:20:38.300 23765 23816 D UE4     : LogPluginManager: Mounting plugin MobilePatchingUtils
03-31 15:20:38.302 23765 23816 D UE4     : LogPluginManager: Mounting plugin PropertyAccessEditor
03-31 15:20:38.305 23765 23816 D UE4     : LogPluginManager: Mounting plugin PhysXVehicles
03-31 15:20:38.310 23765 23816 D UE4     : LogPluginManager: Mounting plugin ProceduralMeshComponent
03-31 15:20:38.313 23765 23816 D UE4     : LogPluginManager: Mounting plugin RuntimePhysXCooking
03-31 15:20:38.316 23765 23816 D UE4     : LogPluginManager: Mounting plugin SoundFields
03-31 15:20:38.318 23765 23816 D UE4     : LogPluginManager: Mounting plugin ScreenshotTools
03-31 15:20:38.351   578 23759 I HYPER-HAL: [RequestManager.cpp]releaseLocked(): Released ID : 5815769
03-31 15:20:38.354 23765 23816 D UE4     : LogInit: Using libcurl 7.46.0
03-31 15:20:38.354 23765 23816 D UE4     : LogInit:  - built for arm-unknown-linux-androideabi
03-31 15:20:38.354 23765 23816 D UE4     : LogInit:  - supports SSL with OpenSSL/1.0.1s
03-31 15:20:38.354 23765 23816 D UE4     : LogInit:  - supports HTTP deflate (compression) using libz 1.2.11
03-31 15:20:38.354 23765 23816 D UE4     : LogInit:  - other features:
03-31 15:20:38.354 23765 23816 D UE4     : LogInit:      CURL_VERSION_SSL
03-31 15:20:38.354 23765 23816 D UE4     : LogInit:      CURL_VERSION_LIBZ
03-31 15:20:38.354 23765 23816 D UE4     : LogInit:      CURL_VERSION_IPV6
03-31 15:20:38.354 23765 23816 D UE4     : LogInit:      CURL_VERSION_ASYNCHDNS
03-31 15:20:38.354 23765 23816 D UE4     : LogInit:      CURL_VERSION_TLSAUTH_SRP
03-31 15:20:38.355 23765 23816 D UE4     : LogInit:  CurlRequestOptions (configurable via config and command line):
03-31 15:20:38.355 23765 23816 D UE4     : LogInit:  - bVerifyPeer = true  - Libcurl will verify peer certificate
03-31 15:20:38.355 23765 23816 D UE4     : LogInit:  - bUseHttpProxy = false  - Libcurl will NOT use HTTP proxy
03-31 15:20:38.355 23765 23816 D UE4     : LogInit:  - bDontReuseConnections = false  - Libcurl will reuse connections
03-31 15:20:38.355 23765 23816 D UE4     : LogInit:  - MaxHostConnections = 16  - Libcurl will limit the number of connections to a host
03-31 15:20:38.355 23765 23816 D UE4     : LogInit:  - LocalHostAddr = Default
03-31 15:20:38.355 23765 23816 D UE4     : LogInit:  - BufferSize = 65536
03-31 15:20:38.355 23765 23816 D UE4     : LogModuleManager: Warning: ModuleManager: Module 'OnlineSubsystemGooglePlay' not found - its StaticallyLinkedModuleInitializers function is null.
03-31 15:20:38.355 23765 23816 D UE4     : LogOnline: Warning: OSS: TryLoadSubsystemAndSetDefault: LoadSubsystemModule([GooglePlay]) failed
03-31 15:20:38.355 23765 23816 D UE4     : LogOnline: OSS: Creating online subsystem instance for: NULL
03-31 15:20:38.356 23765 23816 D UE4     : LogOnline: OSS: TryLoadSubsystemAndSetDefault: Loaded subsystem for module [NULL]
03-31 15:20:38.356 23765 23816 D UE4     : LogModuleManager: Warning: ModuleManager: Module 'OnlineSubsystemGooglePlay' not found - its StaticallyLinkedModuleInitializers function is null.
03-31 15:20:38.356 23765 23816 D UE4     : LogInit: Build: ++UE4+Release-4.26-CL-15973114
03-31 15:20:38.356 23765 23816 D UE4     : LogInit: Engine Version: 4.26.2-15973114+++UE4+Release-4.26
03-31 15:20:38.356 23765 23816 D UE4     : LogInit: Compatible Engine Version: 4.26.0-14830424+++UE4+Release-4.26
03-31 15:20:38.356 23765 23816 D UE4     : LogInit: Net CL: 14830424
03-31 15:20:38.356 23765 23816 D UE4     : LogInit: OS: Android (12), CPU: SM-N975F, GPU: Mali-G76
03-31 15:20:38.356 23765 23816 D UE4     : LogInit: Compiled (32-bit): Apr 12 2021 06:48:09
03-31 15:20:38.356 23765 23816 D UE4     : LogInit: Compiled with Clang: 9.0.8 (https://android.googlesource.com/toolchain/llvm-project e0caee08e5f09b374a27a676d04978c81fcb1928)
03-31 15:20:38.356 23765 23816 D UE4     : LogInit: Build Configuration: Development
03-31 15:20:38.356 23765 23816 D UE4     : LogInit: Branch Name: ++UE4+Release-4.26
03-31 15:20:38.356 23765 23816 D UE4     : LogInit: Command Line:   /Game/Levels/MainMenu -Messaging -SessionId=018BE3754E95E4B693D70D826D15D163 -SessionOwner="aless" -SessionName="Launch On Device" -iterative
03-31 15:20:38.356 23765 23816 D UE4     : LogInit: Base Directory: 
03-31 15:20:38.356 23765 23816 D UE4     : LogInit: Allocator: binned
03-31 15:20:38.356 23765 23816 D UE4     : LogInit: Installed Engine Build: 0
03-31 15:20:38.356 23765 23816 D UE4     : LogDevObjectVersion: Number of dev versions registered: 29
03-31 15:20:38.356 23765 23816 D UE4     : LogDevObjectVersion:   Dev-Blueprints (B0D832E4-1F89-4F0D-ACCF-7EB736FD4AA2): 10
03-31 15:20:38.356 23765 23816 D UE4     : LogDevObjectVersion:   Dev-Build (E1C64328-A22C-4D53-A36C-8E866417BD8C): 0
03-31 15:20:38.356 23765 23816 D UE4     : LogDevObjectVersion:   Dev-Core (375EC13C-06E4-48FB-B500-84F0262A717E): 4
03-31 15:20:38.356 23765 23816 D UE4     : LogDevObjectVersion:   Dev-Editor (E4B068ED-F494-42E9-A231-DA0B2E46BB41): 40
03-31 15:20:38.356 23765 23816 D UE4     : LogDevObjectVersion:   Dev-Framework (CFFC743F-43B0-4480-9391-14DF171D2073): 37
03-31 15:20:38.356 23765 23816 D UE4     : LogDevObjectVersion:   Dev-Mobile (B02B49B5-BB20-44E9-A304-32B752E40360): 3
03-31 15:20:38.356 23765 23816 D UE4     : LogDevObjectVersion:   Dev-Networking (A4E4105C-59A1-49B5-A7C5-40C4547EDFEE): 0
03-31 15:20:38.356 23765 23816 D UE4     : LogDevObjectVersion:   Dev-Online (39C831C9-5AE6-47DC-9A44-9C173E1C8E7C): 0
03-31 15:20:38.356 23765 23816 D UE4     : LogDevObjectVersion:   Dev-Physics (78F01B33-EBEA-4F98-B9B4-84EACCB95AA2): 4
03-31 15:20:38.356 23765 23816 D UE4     : LogDevObjectVersion:   Dev-Platform (6631380F-2D4D-43E0-8009-CF276956A95A): 0
03-31 15:20:38.356 23765 23816 D UE4     : LogDevObjectVersion:   Dev-Rendering (12F88B9F-8875-4AFC-A67C-D90C383ABD29): 44
03-31 15:20:38.356 23765 23816 D UE4     : LogDevObjectVersion:   Dev-Sequencer (7B5AE74C-D270-4C10-A958-57980B212A5A): 12
03-31 15:20:38.356 23765 23816 D UE4     : LogDevObjectVersion:   Dev-VR (D7296918-1DD6-4BDD-9DE2-64A83CC13884): 3
03-31 15:20:38.356 23765 23816 D UE4     : LogDevObjectVersion:   Dev-LoadTimes (C2A15278-BFE7-4AFE-6C17-90FF531DF755): 1
03-31 15:20:38.356 23765 23816 D UE4     : LogDevObjectVersion:   Private-Geometry (6EACA3D4-40EC-4CC1-B786-8BED09428FC5): 3
03-31 15:20:38.357 23765 23816 D UE4     : LogDevObjectVersion:   Dev-AnimPhys (29E575DD-E0A3-4627-9D10-D276232CDCEA): 17
03-31 15:20:38.357 23765 23816 D UE4     : LogDevObjectVersion:   Dev-Anim (AF43A65D-7FD3-4947-9873-3E8ED9C1BB05): 15
03-31 15:20:38.357 23765 23816 D UE4     : LogDevObjectVersion:   Dev-ReflectionCapture (6B266CEC-1EC7-4B8F-A30B-E4D90942FC07): 1
03-31 15:20:38.357 23765 23816 D UE4     : LogDevObjectVersion:   Dev-Automation (0DF73D61-A23F-47EA-B727-89E90C41499A): 1
03-31 15:20:38.357 23765 23816 D UE4     : LogDevObjectVersion:   FortniteMain (601D1886-AC64-4F84-AA16-D3DE0DEAC7D6): 43
03-31 15:20:38.357 23765 23816 D UE4     : LogDevObjectVersion:   FortniteRelease (E7086368-6B23-4C58-8439-1B7016265E91): 1
03-31 15:20:38.357 23765 23816 D UE4     : LogDevObjectVersion:   Dev-Enterprise (9DFFBCD6-494F-0158-E221-12823C92A888): 10
03-31 15:20:38.357 23765 23816 D UE4     : LogDevObjectVersion:   Dev-Niagara (F2AED0AC-9AFE-416F-8664-AA7FFA26D6FC): 1
03-31 15:20:38.357 23765 23816 D UE4     : LogDevObjectVersion:   Dev-Destruction (174F1F0B-B4C6-45A5-B13F-2EE8D0FB917D): 10
03-31 15:20:38.357 23765 23816 D UE4     : LogDevObjectVersion:   Dev-Physics-Ext (35F94A83-E258-406C-A318-09F59610247C): 40
03-31 15:20:38.357 23765 23816 D UE4     : LogDevObjectVersion:   Dev-PhysicsMaterial-Chaos (B68FC16E-8B1B-42E2-B453-215C058844FE): 1
03-31 15:20:38.357 23765 23816 D UE4     : LogDevObjectVersion:   Dev-CineCamera (B2E18506-4273-CFC2-A54E-F4BB758BBA07): 1
03-31 15:20:38.357 23765 23816 D UE4     : LogDevObjectVersion:   Dev-VirtualProduction (64F58936-FD1B-42BA-BA96-7289D5D0FA4E): 1
03-31 15:20:38.357 23765 23816 D UE4     : LogDevObjectVersion:   Dev-MediaFramework (6F0ED827-A609-4895-9C91-998D90180EA4): 2
03-31 15:20:38.373  3278  4779 I MediaProvider: Deleted 1 0 0 0 0 0 0 items on external_primary due to com.SpicySpaceChickens.HelpMarkEscape
03-31 15:20:38.390 23765 23816 D UE4     : LogInit: Presizing for max 131072 objects, including 1 objects not considered by GC, pre-allocating 0 bytes for permanent pool.
03-31 15:20:38.391 23765 23816 D UE4     : LogConfig: Applying CVar settings from Section [/Script/Engine.StreamingSettings] File [../../../Help_Mark_Escape/Saved/Config/Android/Engine.ini]
03-31 15:20:38.391 23765 23816 D UE4     : LogConfig: Setting CVar [[s.MinBulkDataSizeForAsyncLoading:131072]]
03-31 15:20:38.391 23765 23816 D UE4     : LogConfig: Setting CVar [[s.AsyncLoadingThreadEnabled:0]]
03-31 15:20:38.391 23765 23816 D UE4     : LogConfig: Setting CVar [[s.EventDrivenLoaderEnabled:1]]
03-31 15:20:38.391 23765 23816 D UE4     : LogConfig: Setting CVar [[s.WarnIfTimeLimitExceeded:0]]
03-31 15:20:38.391 23765 23816 D UE4     : LogConfig: Setting CVar [[s.TimeLimitExceededMultiplier:1.5]]
03-31 15:20:38.391 23765 23816 D UE4     : LogConfig: Setting CVar [[s.TimeLimitExceededMinTime:0.005]]
03-31 15:20:38.391 23765 23816 D UE4     : LogConfig: Setting CVar [[s.UseBackgroundLevelStreaming:1]]
03-31 15:20:38.391 23765 23816 D UE4     : LogConfig: Setting CVar [[s.PriorityAsyncLoadingExtraTime:15.0]]
03-31 15:20:38.391 23765 23816 D UE4     : LogConfig: Setting CVar [[s.LevelStreamingActorsUpdateTimeLimit:5.0]]
03-31 15:20:38.391 23765 23816 D UE4     : LogConfig: Setting CVar [[s.PriorityLevelStreamingActorsUpdateExtraTime:5.0]]
03-31 15:20:38.391 23765 23816 D UE4     : LogConfig: Setting CVar [[s.LevelStreamingComponentsRegistrationGranularity:10]]
03-31 15:20:38.391 23765 23816 D UE4     : LogConfig: Setting CVar [[s.UnregisterComponentsTimeLimit:1.0]]
03-31 15:20:38.391 23765 23816 D UE4     : LogConfig: Setting CVar [[s.LevelStreamingComponentsUnregistrationGranularity:5]]
03-31 15:20:38.391 23765 23816 D UE4     : LogConfig: Setting CVar [[s.FlushStreamingOnExit:1]]
03-31 15:20:38.391 23765 23816 D UE4     : LogStreaming: Display: Async Loading initialized: Event Driven Loader: true, Async Loading Thread: false, Async Post Load: true
03-31 15:20:38.400 23765 23816 D UE4     : LogInit: Object subsystem initialized
03-31 15:20:38.402 23765 23816 D UE4     : LogConfig: Setting CVar [[con.DebugEarlyDefault:1]]
03-31 15:20:38.402 23765 23816 D UE4     : [2022.03.31-14.20.38:402][  0]LogConfig: Setting CVar [[con.DebugEarlyDefault:1]]
03-31 15:20:38.402 23765 23816 D UE4     : [2022.03.31-14.20.38:402][  0]LogConfig: Applying CVar settings from Section [/Script/Engine.RendererSettings] File [../../../Help_Mark_Escape/Saved/Config/Android/Engine.ini]
03-31 15:20:38.402 23765 23816 D UE4     : [2022.03.31-14.20.38:402][  0]LogConfig: Setting CVar [[r.GPUCrashDebugging:0]]
03-31 15:20:38.402 23765 23816 D UE4     : [2022.03.31-14.20.38:402][  0]LogConfig: Setting CVar [[r.Mobile.DisableVertexFog:1]]
03-31 15:20:38.402 23765 23816 D UE4     : [2022.03.31-14.20.38:402][  0]LogConfig: Setting CVar [[r.Shadow.CSM.MaxMobileCascades:2]]
03-31 15:20:38.402 23765 23816 D UE4     : [2022.03.31-14.20.38:402][  0]LogConfig: Setting CVar [[r.MobileMSAA:1]]
03-31 15:20:38.402 23765 23816 D UE4     : [2022.03.31-14.20.38:402][  0]LogConfig: Setting CVar [[r.Mobile.AllowDitheredLODTransition:0]]
03-31 15:20:38.402 23765 23816 D UE4     : [2022.03.31-14.20.38:402][  0]LogConfig: Setting CVar [[r.Mobile.AllowSoftwareOcclusion:0]]
03-31 15:20:38.402 23765 23816 D UE4     : [2022.03.31-14.20.38:402][  0]LogConfig: Setting CVar [[r.Mobile.VirtualTextures:0]]
03-31 15:20:38.402 23765 23816 D UE4     : [2022.03.31-14.20.38:402][  0]LogConfig: Setting CVar [[r.DiscardUnusedQuality:0]]
03-31 15:20:38.403 23765 23816 D UE4     : [2022.03.31-14.20.38:402][  0]LogConfig: Setting CVar [[r.AllowOcclusionQueries:1]]
03-31 15:20:38.403 23765 23816 D UE4     : [2022.03.31-14.20.38:403][  0]LogConfig: Setting CVar [[r.MinScreenRadiusForLights:0.030000]]
03-31 15:20:38.403 23765 23816 D UE4     : [2022.03.31-14.20.38:403][  0]LogConfig: Setting CVar [[r.MinScreenRadiusForDepthPrepass:0.030000]]
03-31 15:20:38.403 23765 23816 D UE4     : [2022.03.31-14.20.38:403][  0]LogConfig: Setting CVar [[r.MinScreenRadiusForCSMDepth:0.010000]]
03-31 15:20:38.403 23765 23816 D UE4     : [2022.03.31-14.20.38:403][  0]LogConfig: Setting CVar [[r.PrecomputedVisibilityWarning:0]]
03-31 15:20:38.403 23765 23816 D UE4     : [2022.03.31-14.20.38:403][  0]LogConfig: Setting CVar [[r.TextureStreaming:1]]
03-31 15:20:38.403 23765 23816 D UE4     : [2022.03.31-14.20.38:403][  0]LogConfig: Setting CVar [[Compat.UseDXT5NormalMaps:0]]
03-31 15:20:38.403 23765 23816 D UE4     : [2022.03.31-14.20.38:403][  0]LogConfig: Setting CVar [[r.VirtualTextures:0]]
03-31 15:20:38.403 23765 23816 D UE4     : [2022.03.31-14.20.38:403][  0]LogConfig: Setting CVar [[r.VirtualTexturedLightmaps:0]]
03-31 15:20:38.403 23765 23816 D UE4     : [2022.03.31-14.20.38:403][  0]LogConfig: Setting CVar [[r.VT.TileSize:128]]
03-31 15:20:38.403 23765 23816 D UE4     : [2022.03.31-14.20.38:403][  0]LogConfig: Setting CVar [[r.VT.TileBorderSize:4]]
03-31 15:20:38.403 23765 23816 D UE4     : [2022.03.31-14.20.38:403][  0]LogConfig: Setting CVar [[r.vt.FeedbackFactor:16]]
03-31 15:20:38.403 23765 23816 D UE4     : [2022.03.31-14.20.38:403][  0]LogConfig: Setting CVar [[r.VT.EnableCompressZlib:1]]
03-31 15:20:38.403 23765 23816 D UE4     : [2022.03.31-14.20.38:403][  0]LogConfig: Setting CVar [[r.VT.EnableCompressCrunch:0]]
03-31 15:20:38.403 23765 23816 D UE4     : [2022.03.31-14.20.38:403][  0]LogConfig: Setting CVar [[r.ClearCoatNormal:0]]
03-31 15:20:38.403 23765 23816 D UE4     : [2022.03.31-14.20.38:403][  0]LogConfig: Setting CVar [[r.ReflectionCaptureResolution:128]]
03-31 15:20:38.403 23765 23816 D UE4     : [2022.03.31-14.20.38:403][  0]LogConfig: Setting CVar [[r.Mobile.ReflectionCaptureCompression:0]]
03-31 15:20:38.403 23765 23816 D UE4     : [2022.03.31-14.20.38:403][  0]LogConfig: Setting CVar [[r.ReflectionEnvironmentLightmapMixBasedOnRoughness:1]]
03-31 15:20:38.403 23765 23816 D UE4     : [2022.03.31-14.20.38:403][  0]LogConfig: Setting CVar [[r.ForwardShading:0]]
03-31 15:20:38.403 23765 23816 D UE4     : [2022.03.31-14.20.38:403][  0]LogConfig: Setting CVar [[r.VertexFoggingForOpaque:1]]
03-31 15:20:38.403 23765 23816 D UE4     : [2022.03.31-14.20.38:403][  0]LogConfig: Setting CVar [[r.AllowStaticLighting:1]]
03-31 15:20:38.403 23765 23816 D UE4     : [2022.03.31-14.20.38:403][  0]LogConfig: Setting CVar [[r.NormalMapsForStaticLighting:0]]
03-31 15:20:38.403 23765 23816 D UE4     : [2022.03.31-14.20.38:403][  0]LogConfig: Setting CVar [[r.GenerateMeshDistanceFields:0]]
03-31 15:20:38.403 23765 23816 D UE4     : [2022.03.31-14.20.38:403][  0]LogConfig: Setting CVar [[r.DistanceFieldBuild.EightBit:0]]
03-31 15:20:38.404 23765 23816 D UE4     : [2022.03.31-14.20.38:404][  0]LogConfig: Setting CVar [[r.GenerateLandscapeGIData:0]]
03-31 15:20:38.404 23765 23816 D UE4     : [2022.03.31-14.20.38:404][  0]LogConfig: Setting CVar [[r.DistanceFieldBuild.Compress:0]]
03-31 15:20:38.404 23765 23816 D UE4     : [2022.03.31-14.20.38:404][  0]LogConfig: Setting CVar [[r.TessellationAdaptivePixelsPerTriangle:48.000000]]
03-31 15:20:38.404 23765 23816 D UE4     : [2022.03.31-14.20.38:404][  0]LogConfig: Setting CVar [[r.SeparateTranslucency:0]]
03-31 15:20:38.404 23765 23816 D UE4     : [2022.03.31-14.20.38:404][  0]LogConfig: Setting CVar [[r.TranslucentSortPolicy:0]]
03-31 15:20:38.404 23765 23816 D UE4     : [2022.03.31-14.20.38:404][  0]LogConfig: Setting CVar [[r.CustomDepth:1]]
03-31 15:20:38.404 23765 23816 D UE4     : [2022.03.31-14.20.38:404][  0]LogConfig: Setting CVar [[r.CustomDepthTemporalAAJitter:1]]
03-31 15:20:38.404 23765 23816 D UE4     : [2022.03.31-14.20.38:404][  0]LogConfig: Setting CVar [[r.PostProcessing.PropagateAlpha:0]]
03-31 15:20:38.404 23765 23816 D UE4     : [2022.03.31-14.20.38:404][  0]LogConfig: Setting CVar [[r.DefaultFeature.Bloom:1]]
03-31 15:20:38.404 23765 23816 D UE4     : [2022.03.31-14.20.38:404][  0]LogConfig: Setting CVar [[r.DefaultFeature.AmbientOcclusion:0]]
03-31 15:20:38.404 23765 23816 D UE4     : [2022.03.31-14.20.38:404][  0]LogConfig: Setting CVar [[r.DefaultFeature.AmbientOcclusionStaticFraction:1]]
03-31 15:20:38.404 23765 23816 D UE4     : [2022.03.31-14.20.38:404][  0]LogConfig: Setting CVar [[r.DefaultFeature.AutoExposure:0]]
03-31 15:20:38.404 23765 23816 D UE4     : [2022.03.31-14.20.38:404][  0]LogConfig: Setting CVar [[r.DefaultFeature.AutoExposure.Method:0]]
03-31 15:20:38.404 23765 23816 D UE4     : [2022.03.31-14.20.38:404][  0]LogConfig: Setting CVar [[r.DefaultFeature.AutoExposure.Bias:1.000000]]
03-31 15:20:38.404 23765 23816 D UE4     : [2022.03.31-14.20.38:404][  0]LogConfig: Setting CVar [[r.DefaultFeature.AutoExposure.ExtendDefaultLuminanceRange:0]]
03-31 15:20:38.404 23765 23816 D UE4     : [2022.03.31-14.20.38:404][  0]LogConfig: Setting CVar [[r.UsePreExposure:1]]
03-31 15:20:38.404 23765 23816 D UE4     : [2022.03.31-14.20.38:404][  0]LogConfig: Setting CVar [[r.EyeAdaptation.EditorOnly:0]]
03-31 15:20:38.404 23765 23816 D UE4     : [2022.03.31-14.20.38:404][  0]LogConfig: Setting CVar [[r.DefaultFeature.MotionBlur:0]]
03-31 15:20:38.404 23765 23816 D UE4     : [2022.03.31-14.20.38:404][  0]LogConfig: Setting CVar [[r.DefaultFeature.LensFlare:0]]
03-31 15:20:38.404 23765 23816 D UE4     : [2022.03.31-14.20.38:404][  0]LogConfig: Setting CVar [[r.TemporalAA.Upsampling:0]]
03-31 15:20:38.404 23765 23816 D UE4     : [2022.03.31-14.20.38:404][  0]LogConfig: Setting CVar [[r.SSGI.Enable:0]]
03-31 15:20:38.404 23765 23816 D UE4     : [2022.03.31-14.20.38:404][  0]LogConfig: Setting CVar [[r.DefaultFeature.AntiAliasing:0]]
03-31 15:20:38.404 23765 23816 D UE4     : [2022.03.31-14.20.38:404][  0]LogConfig: Setting CVar [[r.DefaultFeature.LightUnits:1]]
03-31 15:20:38.404 23765 23816 D UE4     : [2022.03.31-14.20.38:404][  0]LogConfig: Setting CVar [[r.DefaultBackBufferPixelFormat:4]]
03-31 15:20:38.404 23765 23816 D UE4     : [2022.03.31-14.20.38:404][  0]LogConfig: Setting CVar [[r.Shadow.UnbuiltPreviewInGame:1]]
03-31 15:20:38.404 23765 23816 D UE4     : [2022.03.31-14.20.38:404][  0]LogConfig: Setting CVar [[r.StencilForLODDither:0]]
03-31 15:20:38.404 23765 23816 D UE4     : [2022.03.31-14.20.38:404][  0]LogConfig: Setting CVar [[r.EarlyZPass:3]]
03-31 15:20:38.405 23765 23816 D UE4     : [2022.03.31-14.20.38:405][  0]LogConfig: Setting CVar [[r.EarlyZPassOnlyMaterialMasking:0]]
03-31 15:20:38.405 23765 23816 D UE4     : [2022.03.31-14.20.38:405][  0]LogConfig: Setting CVar [[r.DBuffer:1]]
03-31 15:20:38.405 23765 23816 D UE4     : [2022.03.31-14.20.38:405][  0]LogConfig: Setting CVar [[r.ClearSceneMethod:1]]
03-31 15:20:38.405 23765 23816 D UE4     : [2022.03.31-14.20.38:405][  0]LogConfig: Setting CVar [[r.BasePassOutputsVelocity:0]]
03-31 15:20:38.405 23765 23816 D UE4     : [2022.03.31-14.20.38:405][  0]LogConfig: Setting CVar [[r.VertexDeformationOutputsVelocity:0]]
03-31 15:20:38.405 23765 23816 D UE4     : [2022.03.31-14.20.38:405][  0]LogConfig: Setting CVar [[r.SelectiveBasePassOutputs:0]]
03-31 15:20:38.405 23765 23816 D UE4     : [2022.03.31-14.20.38:405][  0]LogConfig: Setting CVar [[fx.GPUSimulationTextureSizeX:1024]]
03-31 15:20:38.405 23765 23816 D UE4     : [2022.03.31-14.20.38:405][  0]LogConfig: Setting CVar [[fx.GPUSimulationTextureSizeY:1024]]
03-31 15:20:38.405 23765 23816 D UE4     : [2022.03.31-14.20.38:405][  0]LogConfig: Setting CVar [[r.AllowGlobalClipPlane:0]]
03-31 15:20:38.405 23765 23816 D UE4     : [2022.03.31-14.20.38:405][  0]LogConfig: Setting CVar [[r.GBufferFormat:1]]
03-31 15:20:38.405 23765 23816 D UE4     : [2022.03.31-14.20.38:405][  0]LogConfig: Setting CVar [[r.MorphTarget.Mode:1]]
03-31 15:20:38.405 23765 23816 D UE4     : [2022.03.31-14.20.38:405][  0]LogConfig: Setting CVar [[vr.InstancedStereo:0]]
03-31 15:20:38.405 23765 23816 D UE4     : [2022.03.31-14.20.38:405][  0]LogConfig: Setting CVar [[r.MobileHDR:1]]
03-31 15:20:38.405 23765 23816 D UE4     : [2022.03.31-14.20.38:405][  0]LogConfig: Setting CVar [[vr.MobileMultiView:0]]
03-31 15:20:38.405 23765 23816 D UE4     : [2022.03.31-14.20.38:405][  0]LogConfig: Setting CVar [[r.Mobile.UseHWsRGBEncoding:0]]
03-31 15:20:38.405 23765 23816 D UE4     : [2022.03.31-14.20.38:405][  0]LogConfig: Setting CVar [[vr.RoundRobinOcclusion:0]]
03-31 15:20:38.405 23765 23816 D UE4     : [2022.03.31-14.20.38:405][  0]LogConfig: Setting CVar [[vr.ODSCapture:0]]
03-31 15:20:38.405 23765 23816 D UE4     : [2022.03.31-14.20.38:405][  0]LogConfig: Setting CVar [[r.MeshStreaming:0]]
03-31 15:20:38.405 23765 23816 D UE4     : [2022.03.31-14.20.38:405][  0]LogConfig: Setting CVar [[r.WireframeCullThreshold:5.000000]]
03-31 15:20:38.405 23765 23816 D UE4     : [2022.03.31-14.20.38:405][  0]LogConfig: Setting CVar [[r.RayTracing:0]]
03-31 15:20:38.405 23765 23816 D UE4     : [2022.03.31-14.20.38:405][  0]LogConfig: Setting CVar [[r.RayTracing.UseTextureLod:0]]
03-31 15:20:38.405 23765 23816 D UE4     : [2022.03.31-14.20.38:405][  0]LogConfig: Setting CVar [[r.SupportStationarySkylight:1]]
03-31 15:20:38.405 23765 23816 D UE4     : [2022.03.31-14.20.38:405][  0]LogConfig: Setting CVar [[r.SupportLowQualityLightmaps:1]]
03-31 15:20:38.405 23765 23816 D UE4     : [2022.03.31-14.20.38:405][  0]LogConfig: Setting CVar [[r.SupportPointLightWholeSceneShadows:1]]
03-31 15:20:38.405 23765 23816 D UE4     : [2022.03.31-14.20.38:405][  0]LogConfig: Setting CVar [[r.SupportAtmosphericFog:1]]
03-31 15:20:38.406 23765 23816 D UE4     : [2022.03.31-14.20.38:406][  0]LogConfig: Setting CVar [[r.SupportSkyAtmosphere:1]]
03-31 15:20:38.406 23765 23816 D UE4     : [2022.03.31-14.20.38:406][  0]LogConfig: Setting CVar [[r.SupportSkyAtmosphereAffectsHeightFog:0]]
03-31 15:20:38.406 23765 23816 D UE4     : [2022.03.31-14.20.38:406][  0]LogConfig: Setting CVar [[r.SkinCache.CompileShaders:0]]
03-31 15:20:38.406 23765 23816 D UE4     : [2022.03.31-14.20.38:406][  0]LogConfig: Setting CVar [[r.SkinCache.DefaultBehavior:1]]
03-31 15:20:38.406 23765 23816 D UE4     : [2022.03.31-14.20.38:406][  0]LogConfig: Setting CVar [[r.SkinCache.SceneMemoryLimitInMB:128.000000]]
03-31 15:20:38.406 23765 23816 D UE4     : [2022.03.31-14.20.38:406][  0]LogConfig: Setting CVar [[r.Mobile.EnableStaticAndCSMShadowReceivers:1]]
03-31 15:20:38.406 23765 23816 D UE4     : [2022.03.31-14.20.38:406][  0]LogConfig: Setting CVar [[r.Mobile.EnableMovableLightCSMShaderCulling:1]]
03-31 15:20:38.406 23765 23816 D UE4     : [2022.03.31-14.20.38:406][  0]LogConfig: Setting CVar [[r.Mobile.AllowDistanceFieldShadows:1]]
03-31 15:20:38.406 23765 23816 D UE4     : [2022.03.31-14.20.38:406][  0]LogConfig: Setting CVar [[r.Mobile.AllowMovableDirectionalLights:1]]
03-31 15:20:38.406 23765 23816 D UE4     : [2022.03.31-14.20.38:406][  0]LogConfig: Setting CVar [[r.MobileNumDynamicPointLights:4]]
03-31 15:20:38.406 23765 23816 D UE4     : [2022.03.31-14.20.38:406][  0]LogConfig: Setting CVar [[r.MobileDynamicPointLightsUseStaticBranch:1]]
03-31 15:20:38.406 23765 23816 D UE4     : [2022.03.31-14.20.38:406][  0]LogConfig: Setting CVar [[r.Mobile.EnableMovableSpotlights:0]]
03-31 15:20:38.406 23765 23816 D UE4     : [2022.03.31-14.20.38:406][  0]LogConfig: Setting CVar [[r.Mobile.EnableMovableSpotlightsShadow:0]]
03-31 15:20:38.406 23765 23816 D UE4     : [2022.03.31-14.20.38:406][  0]LogConfig: Setting CVar [[r.GPUSkin.Support16BitBoneIndex:0]]
03-31 15:20:38.406 23765 23816 D UE4     : [2022.03.31-14.20.38:406][  0]LogConfig: Setting CVar [[r.GPUSkin.Limit2BoneInfluences:0]]
03-31 15:20:38.406 23765 23816 D UE4     : [2022.03.31-14.20.38:406][  0]LogConfig: Setting CVar [[r.SupportDepthOnlyIndexBuffers:1]]
03-31 15:20:38.406 23765 23816 D UE4     : [2022.03.31-14.20.38:406][  0]LogConfig: Setting CVar [[r.SupportReversedIndexBuffers:1]]
03-31 15:20:38.406 23765 23816 D UE4     : [2022.03.31-14.20.38:406][  0]LogConfig: Setting CVar [[r.LightPropagationVolume:0]]
03-31 15:20:38.406 23765 23816 D UE4     : [2022.03.31-14.20.38:406][  0]LogConfig: Setting CVar [[r.Mobile.AmbientOcclusion:0]]
03-31 15:20:38.406 23765 23816 D UE4     : [2022.03.31-14.20.38:406][  0]LogConfig: Setting CVar [[r.GPUSkin.UnlimitedBoneInfluences:0]]
03-31 15:20:38.406 23765 23816 D UE4     : [2022.03.31-14.20.38:406][  0]LogConfig: Setting CVar [[r.GPUSkin.UnlimitedBoneInfluencesThreshold:8]]
03-31 15:20:38.406 23765 23816 D UE4     : [2022.03.31-14.20.38:406][  0]LogConfig: Setting CVar [[r.Mobile.PlanarReflectionMode:0]]
03-31 15:20:38.406 23765 23816 D UE4     : [2022.03.31-14.20.38:406][  0]LogConfig: Applying CVar settings from Section [/Script/Engine.RendererOverrideSettings] File [../../../Help_Mark_Escape/Saved/Config/Android/Engine.ini]
03-31 15:20:38.406 23765 23816 D UE4     : [2022.03.31-14.20.38:406][  0]LogConfig: Applying CVar settings from Section [/Script/Engine.StreamingSettings] File [../../../Help_Mark_Escape/Saved/Config/Android/Engine.ini]
03-31 15:20:38.406 23765 23816 D UE4     : [2022.03.31-14.20.38:406][  0]LogConfig: Setting CVar [[s.MinBulkDataSizeForAsyncLoading:131072]]
03-31 15:20:38.406 23765 23816 D UE4     : [2022.03.31-14.20.38:406][  0]LogConfig: Setting CVar [[s.AsyncLoadingThreadEnabled:0]]
03-31 15:20:38.407 23765 23816 D UE4     : [2022.03.31-14.20.38:407][  0]LogConfig: Setting CVar [[s.EventDrivenLoaderEnabled:1]]
03-31 15:20:38.407 23765 23816 D UE4     : [2022.03.31-14.20.38:407][  0]LogConfig: Setting CVar [[s.WarnIfTimeLimitExceeded:0]]
03-31 15:20:38.407 23765 23816 D UE4     : [2022.03.31-14.20.38:407][  0]LogConfig: Setting CVar [[s.TimeLimitExceededMultiplier:1.5]]
03-31 15:20:38.407 23765 23816 D UE4     : [2022.03.31-14.20.38:407][  0]LogConfig: Setting CVar [[s.TimeLimitExceededMinTime:0.005]]
03-31 15:20:38.407 23765 23816 D UE4     : [2022.03.31-14.20.38:407][  0]LogConfig: Setting CVar [[s.UseBackgroundLevelStreaming:1]]
03-31 15:20:38.407 23765 23816 D UE4     : [2022.03.31-14.20.38:407][  0]LogConfig: Setting CVar [[s.PriorityAsyncLoadingExtraTime:15.0]]
03-31 15:20:38.407 23765 23816 D UE4     : [2022.03.31-14.20.38:407][  0]LogConfig: Setting CVar [[s.LevelStreamingActorsUpdateTimeLimit:5.0]]
03-31 15:20:38.407 23765 23816 D UE4     : [2022.03.31-14.20.38:407][  0]LogConfig: Setting CVar [[s.PriorityLevelStreamingActorsUpdateExtraTime:5.0]]
03-31 15:20:38.407 23765 23816 D UE4     : [2022.03.31-14.20.38:407][  0]LogConfig: Setting CVar [[s.LevelStreamingComponentsRegistrationGranularity:10]]
03-31 15:20:38.407 23765 23816 D UE4     : [2022.03.31-14.20.38:407][  0]LogConfig: Setting CVar [[s.UnregisterComponentsTimeLimit:1.0]]
03-31 15:20:38.407 23765 23816 D UE4     : [2022.03.31-14.20.38:407][  0]LogConfig: Setting CVar [[s.LevelStreamingComponentsUnregistrationGranularity:5]]
03-31 15:20:38.407 23765 23816 D UE4     : [2022.03.31-14.20.38:407][  0]LogConfig: Setting CVar [[s.FlushStreamingOnExit:1]]
03-31 15:20:38.407 23765 23816 D UE4     : [2022.03.31-14.20.38:407][  0]LogConfig: Applying CVar settings from Section [/Script/Engine.GarbageCollectionSettings] File [../../../Help_Mark_Escape/Saved/Config/Android/Engine.ini]
03-31 15:20:38.407 23765 23816 D UE4     : [2022.03.31-14.20.38:407][  0]LogConfig: Setting CVar [[gc.MaxObjectsNotConsideredByGC:1]]
03-31 15:20:38.407 23765 23816 D UE4     : [2022.03.31-14.20.38:407][  0]LogConfig: Setting CVar [[gc.SizeOfPermanentObjectPool:0]]
03-31 15:20:38.407 23765 23816 D UE4     : [2022.03.31-14.20.38:407][  0]LogConfig: Setting CVar [[gc.FlushStreamingOnGC:0]]
03-31 15:20:38.407 23765 23816 D UE4     : [2022.03.31-14.20.38:407][  0]LogConfig: Setting CVar [[gc.NumRetriesBeforeForcingGC:10]]
03-31 15:20:38.407 23765 23816 D UE4     : [2022.03.31-14.20.38:407][  0]LogConfig: Setting CVar [[gc.AllowParallelGC:1]]
03-31 15:20:38.407 23765 23816 D UE4     : [2022.03.31-14.20.38:407][  0]LogConfig: Setting CVar [[gc.TimeBetweenPurgingPendingKillObjects:61.1]]
03-31 15:20:38.407 23765 23816 D UE4     : [2022.03.31-14.20.38:407][  0]LogConfig: Setting CVar [[gc.MaxObjectsInEditor:25165824]]
03-31 15:20:38.407 23765 23816 D UE4     : [2022.03.31-14.20.38:407][  0]LogConfig: Setting CVar [[gc.IncrementalBeginDestroyEnabled:1]]
03-31 15:20:38.407 23765 23816 D UE4     : [2022.03.31-14.20.38:407][  0]LogConfig: Setting CVar [[gc.CreateGCClusters:1]]
03-31 15:20:38.407 23765 23816 D UE4     : [2022.03.31-14.20.38:407][  0]LogConfig: Setting CVar [[gc.MinGCClusterSize:5]]
03-31 15:20:38.407 23765 23816 D UE4     : [2022.03.31-14.20.38:407][  0]LogConfig: Setting CVar [[gc.ActorClusteringEnabled:0]]
03-31 15:20:38.407 23765 23816 D UE4     : [2022.03.31-14.20.38:407][  0]LogConfig: Setting CVar [[gc.BlueprintClusteringEnabled:0]]
03-31 15:20:38.408 23765 23816 D UE4     : [2022.03.31-14.20.38:407][  0]LogConfig: Setting CVar [[gc.UseDisregardForGCOnDedicatedServers:0]]
03-31 15:20:38.408 23765 23816 D UE4     : [2022.03.31-14.20.38:408][  0]LogConfig: Setting CVar [[gc.MultithreadedDestructionEnabled:1]]
03-31 15:20:38.408 23765 23816 D UE4     : [2022.03.31-14.20.38:408][  0]LogConfig: Setting CVar [[gc.MaxObjectsInGame:131072]]
03-31 15:20:38.408 23765 23816 D UE4     : [2022.03.31-14.20.38:408][  0]LogConfig: Applying CVar settings from Section [/Script/Engine.NetworkSettings] File [../../../Help_Mark_Escape/Saved/Config/Android/Engine.ini]
03-31 15:20:38.408 23765 23816 D UE4     : [2022.03.31-14.20.38:408][  0]LogAndroid: Mobile HDR: YES
03-31 15:20:38.408 23765 23816 D UE4     : [2022.03.31-14.20.38:408][  0]LogAndroidWindowUtils: Setting Width=1440 and Height=720 (requested scale = 1.000000)
03-31 15:20:38.408 23765 23816 D UE4     : [2022.03.31-14.20.38:408][  0]LogConfig: Applying CVar settings from Section [ViewDistanceQuality@3] File [../../../Help_Mark_Escape/Saved/Config/Android/Scalability.ini]
03-31 15:20:38.408 23765 23816 D UE4     : [2022.03.31-14.20.38:408][  0]LogConfig: Setting CVar [[r.SkeletalMeshLODBias:0]]
03-31 15:20:38.408 23765 23816 D UE4     : [2022.03.31-14.20.38:408][  0]LogConfig: Setting CVar [[r.ViewDistanceScale:1.0]]
03-31 15:20:38.408 23765 23816 D UE4     : [2022.03.31-14.20.38:408][  0]LogConfig: Setting CVar [[r.NeverOcclusionTestDistance:2000]]
03-31 15:20:38.408 23765 23816 D UE4     : [2022.03.31-14.20.38:408][  0]LogConfig: Applying CVar settings from Section [AntiAliasingQuality@3] File [../../../Help_Mark_Escape/Saved/Config/Android/Scalability.ini]
03-31 15:20:38.408 23765 23816 D UE4     : [2022.03.31-14.20.38:408][  0]LogConfig: Setting CVar [[r.PostProcessAAQuality:4]]
03-31 15:20:38.408 23765 23816 D UE4     : [2022.03.31-14.20.38:408][  0]LogConfig: Applying CVar settings from Section [ShadowQuality@3] File [../../../Help_Mark_Escape/Saved/Config/Android/Scalability.ini]
03-31 15:20:38.408 23765 23816 D UE4     : [2022.03.31-14.20.38:408][  0]LogConfig: Setting CVar [[r.LightFunctionQuality:1]]
03-31 15:20:38.408 23765 23816 D UE4     : [2022.03.31-14.20.38:408][  0]LogConfig: Setting CVar [[r.ShadowQuality:2]]
03-31 15:20:38.408 23765 23816 D UE4     : [2022.03.31-14.20.38:408][  0]LogConfig: Setting CVar [[r.Shadow.CSM.MaxCascades:2]]
03-31 15:20:38.408 23765 23816 D UE4     : [2022.03.31-14.20.38:408][  0]LogConfig: Setting CVar [[r.Shadow.MaxResolution:2048]]
03-31 15:20:38.408 23765 23816 D UE4     : [2022.03.31-14.20.38:408][  0]LogConfig: Setting CVar [[r.Shadow.MaxCSMResolution:2048]]
03-31 15:20:38.409 23765 23816 D UE4     : [2022.03.31-14.20.38:408][  0]LogConfig: Setting CVar [[r.Shadow.RadiusThreshold:0.06]]
03-31 15:20:38.409 23765 23816 D UE4     : [2022.03.31-14.20.38:409][  0]LogConfig: Setting CVar [[r.Shadow.DistanceScale:1.0]]
03-31 15:20:38.409 23765 23816 D UE4     : [2022.03.31-14.20.38:409][  0]LogConfig: Setting CVar [[r.Shadow.CSM.TransitionScale:1.0]]
03-31 15:20:38.409 23765 23816 D UE4     : [2022.03.31-14.20.38:409][  0]LogConfig: Setting CVar [[r.Shadow.PreShadowResolutionFactor:1.0]]
03-31 15:20:38.409 23765 23816 D UE4     : [2022.03.31-14.20.38:409][  0]LogConfig: Setting CVar [[r.DistanceFieldShadowing:1]]
03-31 15:20:38.409 23765 23816 D UE4     : [2022.03.31-14.20.38:409][  0]LogConfig: Setting CVar [[r.DistanceFieldAO:1]]
03-31 15:20:38.409 23765 23816 D UE4     : [2022.03.31-14.20.38:409][  0]LogConfig: Setting CVar [[r.AOQuality:2]]
03-31 15:20:38.409 23765 23816 D UE4     : [2022.03.31-14.20.38:409][  0]LogConfig: Setting CVar [[r.VolumetricFog:1]]
03-31 15:20:38.409 23765 23816 D UE4     : [2022.03.31-14.20.38:409][  0]LogConfig: Setting CVar [[r.VolumetricFog.GridPixelSize:8]]
03-31 15:20:38.409 23765 23816 D UE4     : [2022.03.31-14.20.38:409][  0]LogConfig: Setting CVar [[r.VolumetricFog.GridSizeZ:128]]
03-31 15:20:38.409 23765 23816 D UE4     : [2022.03.31-14.20.38:409][  0]LogConfig: Setting CVar [[r.VolumetricFog.HistoryMissSupersampleCount:4]]
03-31 15:20:38.409 23765 23816 D UE4     : [2022.03.31-14.20.38:409][  0]LogConfig: Setting CVar [[r.LightMaxDrawDistanceScale:1]]
03-31 15:20:38.409 23765 23816 D UE4     : [2022.03.31-14.20.38:409][  0]LogConfig: Setting CVar [[r.CapsuleShadows:1]]
03-31 15:20:38.409 23765 23816 D UE4     : [2022.03.31-14.20.38:409][  0]LogConfig: Applying CVar settings from Section [PostProcessQuality@3] File [../../../Help_Mark_Escape/Saved/Config/Android/Scalability.ini]
