03-31 15:20:37.307   636   636 D SurfaceFlinger:      CLIENT |              | 0000 |  Unknown  |    0.0    0.0    0.0    0.0 |    0 2270 1080 2280 | Letterbox - right#0
03-31 15:20:37.307   636   636 D SurfaceFlinger:      DEVICE | 0x6fb5c59e50 | 0100 | RGBA_8888    |    0.0    0.0 1080.0 2174.0 |    0   96 1080 2270 | Splash Screen com.SpicySpaceChickens.HelpMarkEscape$_1345#0
03-31 15:20:37.307   636   636 D SurfaceFlinger: 
03-31 15:20:37.307  2017  2017 I ViewRootImpl@923a3f9[InputMethod]: Relayout returned: old=(0,85,1080,2280) new=(0,85,1080,2280) req=(1080,2195)8 dur=4 res=0x1 s={false 0} ch=false fn=-1
03-31 15:20:37.307   935   935 D SGM:GameManager: after send intent to GameIntentService
03-31 15:20:37.308   935   935 D SGM:GameManager: before send intent to GameLauncher
03-31 15:20:37.310 20433 23809 I GOS:GameIntentService: onHandleIntent. GameIntentService. type: 5, pkgName: null
03-31 15:20:37.310 20433 23809 I GOS:DssFeature: DPI: 480, LongSide: 2195, ShortSide: 1035
03-31 15:20:37.310   935   935 D SGM:GameManager: after send intent to GameLauncher
03-31 15:20:37.310 20433 23809 I GOS:SystemEventReactor: onResolutionChanged. MultiResolution is supported
03-31 15:20:37.310 20433 23809 I GOS:GmsGlobalPackageDataSetter: applyAllGames(), begin, needManagerInit: false
03-31 15:20:37.311   935  3492 I WindowManager: enableScreenIfNeededLocked: mDisplayEnabled=true mForceDisplayEnabled=false mShowingBootMessages=false mSystemBooted=true. java.lang.RuntimeException: here
03-31 15:20:37.311   935  1151 D MotionRecognitionService:   mReceiver.onReceive : CONFIGURATION_CHANGED
03-31 15:20:37.311   935   935 D SEP_UNION_CoverManager_ResolutionMonitor: onReceive 536872064 
03-31 15:20:37.311   935  1151 D MotionRecognitionService: [AUTO_ROTATION] inject auto rotation : 1
03-31 15:20:37.311   935  1151 D SensorService: Motion injection
03-31 15:20:37.311   935  1151 D SensorService: [EAR_TOUCH] : INJECT_AUTO_ROTATION ++++
03-31 15:20:37.311   935  1151 E SensorService: [EARPROXIMITY] getScreenRotation -  1648736437   311733 
03-31 15:20:37.311   935   935 D WALLPAPER_SVC:SemWallpaperManagerService: onReceive: android.intent.action.CONFIGURATION_CHANGED, densityDpi=480, orientation [old=1, new=2] 
03-31 15:20:37.311   935   935 D WALLPAPER_SVC:WallpaperManagerService: orientation is changed, notifySemColorListeners 
03-31 15:20:37.312  1345  1920 D QSClockBellTower: onReceive(android.intent.action.CONFIGURATION_CHANGED) mTimeZoneString:null
03-31 15:20:37.312 16917 16937 I SmartFaceService: onReceive: android.intent.action.CONFIGURATION_CHANGED
03-31 15:20:37.312 16917 16937 I SmartFaceService: mFolderCoverOpened: (true, true) -> true
03-31 15:20:37.313  1314  1329 I TelephonyProvider: D/TelephonyProvider: Using old permission behavior for telephony provider compat
03-31 15:20:37.313  1314  1329 I TelephonyProvider: D/TelephonyProvider: subIdString = 1 subId = 1
03-31 15:20:37.313  1314  1329 I TelephonyProvider: D/TelephonyProvider: Using old permission behavior for telephony provider compat
03-31 15:20:37.313  1314  1329 I TelephonyProvider: D/TelephonyProvider: subIdString = 1 subId = 1
03-31 15:20:37.314   935  1025 D BaseRestrictionMgr: Package: com.digibites.accubattery, userid: 0, hostingType: broadcast is allowed by freecess, caller is: null
03-31 15:20:37.314  1894  1894 I Launcher.Model: onReceive intent=Intent { act=android.intent.action.CONFIGURATION_CHANGED flg=0x70200010 }
03-31 15:20:37.316 29195 29195 I ViewRootImpl@e10561d[]: handleAppVisibility mAppVisible=true visible=false
03-31 15:20:37.316  1345  1345 I ResourceType: [SWT] Success lookup value directly, data = 0x010605d0
03-31 15:20:37.317  1345  1549 D OpenGLRenderer: setSurface() destroyed EGLSurface
03-31 15:20:37.317  1345  1549 D OpenGLRenderer: destroyEglSurface
03-31 15:20:37.317  1345  1345 V Navbar.Store: handleEvent [EventType] GET_BOOL_NAVBAR_CAN_MOVE_STATE [Module] SamsungNavigationBarView  KEYS_DEFAULT=true
03-31 15:20:37.317  1345  1345 V Navbar.Store: --[Band]CONFIG_PACK_GET_NAVBAR_CAN_MOVE
03-31 15:20:37.317  1345  1345 V Navbar.Store: ----getValue(BOOL_NAVBAR_CAN_MOVE)=false
03-31 15:20:37.317  1894 10593 I TouchInteractionService: onActiveNavBarRegionChanges, region : SkRegion()
03-31 15:20:37.318  1345  1345 V Navbar.Store: handleEvent [EventType] GET_BOOL_NAVBAR_CAN_MOVE_STATE [Module] SamsungNavigationBarView  KEYS_DEFAULT=true
03-31 15:20:37.318  1345  1345 V Navbar.Store: --[Band]CONFIG_PACK_GET_NAVBAR_CAN_MOVE
03-31 15:20:37.318  1345  1345 V Navbar.Store: ----getValue(BOOL_NAVBAR_CAN_MOVE)=false
03-31 15:20:37.318   636   664 I BpBinder: onLastStrongRef automatically unlinking death recipients: <uncached descriptor>
03-31 15:20:37.318  1345  1549 D OpenGLRenderer: eglCreateWindowSurface
03-31 15:20:37.319  1345  1345 D ViewRootImpl@b0ee47a[NavigationBar0]: Creating frameCompleteCallback mNextDrawUseBlastSync=true mReportNextDraw=true commitCallbacks size=0
03-31 15:20:37.319  1345  1345 V Navbar.Store: handleEvent [EventType] GET_BOOL_USE_NAVBAR_BACKGROUND_FRAME [Module] NavigationBarTransitions  KEYS_DEFAULT=false
03-31 15:20:37.319  1345  1345 V Navbar.Store: --[Band]COLOR_PACK_GET_USE_NAVBAR_BACKGROUND_FRAME
03-31 15:20:37.319  1345  1345 V Navbar.Store: ----getValue(BOOL_NAVBAR_GESTURAL_MODE)=true
03-31 15:20:37.319  5667 23810 I GameLauncher: [(GosIntentService.java:81):onHandleIntent] Supported less than P OS
03-31 15:20:37.320   935  3448 V WindowManager: Relayout Window{21eea53 u0 Splash Screen com.SpicySpaceChickens.HelpMarkEscape}: viewVisibility=0 req=2174x1080 d0
03-31 15:20:37.321   935  1025 D BaseRestrictionMgr: Package: com.samsung.android.app.spage, userid: 0, hostingType: broadcast is allowed by freecess, caller is: null
03-31 15:20:37.321   935  3448 I WindowManager: enableScreenIfNeededLocked: mDisplayEnabled=true mForceDisplayEnabled=false mShowingBootMessages=false mSystemBooted=true. java.lang.RuntimeException: here
03-31 15:20:37.322   935  3448 V WindowManager: Relayout hash=21eea53, pid=1345: mAttrs={(0,0)(fillxfill) sim={adjust=pan} ty=APPLICATION_STARTING fmt=TRANSLUCENT wanim=0x1030001
03-31 15:20:37.322   935  3448 V WindowManager:   fl=81030118
03-31 15:20:37.322   935  3448 V WindowManager:   pfl=36000010
03-31 15:20:37.322   935  3448 V WindowManager:   bhv=DEFAULT
03-31 15:20:37.322   935  3448 V WindowManager:   fitSides= naviIconColor=0}
03-31 15:20:37.322  1345  1412 I ViewRootImpl@63edfa8[HelpMarkEscape]: Relayout returned: old=(0,0,2174,1080) new=(0,0,2174,1080) req=(2174,1080)0 dur=3 res=0x100001 s={true 501018159744} ch=false fn=4
03-31 15:20:37.322  1345  1549 D ViewRootImpl@b0ee47a[NavigationBar0]: Received frameCompleteCallback frameNum=45718
03-31 15:20:37.322  1345  1549 D OpenGLRenderer: setSurface() destroyed EGLSurface
03-31 15:20:37.322  1345  1549 D OpenGLRenderer: destroyEglSurface
03-31 15:20:37.323  1345  1345 W Looper  : Slow dispatch took 31ms main h=android.view.Choreographer$FrameHandler c=android.view.Choreographer$FrameDisplayEventReceiver@605b048 m=0
03-31 15:20:37.323   935  3492 I WindowManager: enableScreenIfNeededLocked: mDisplayEnabled=true mForceDisplayEnabled=false mShowingBootMessages=false mSystemBooted=true. java.lang.RuntimeException: here
03-31 15:20:37.323  1345  1345 I ViewRootImpl@b0ee47a[NavigationBar0]: [DP] pdf(0) 0 android.view.ViewRootImpl.lambda$createFrameCompleteCallback$3$ViewRootImpl:4846 android.view.ViewRootImpl$$ExternalSyntheticLambda15.run:6 android.os.Handler.handleCallback:938 
03-31 15:20:37.323  1345  1345 I ViewRootImpl@b0ee47a[NavigationBar0]: [DP] rdf()
03-31 15:20:37.323  1345  1345 D ViewRootImpl@b0ee47a[NavigationBar0]: reportDrawFinished (fn: 45718) 
03-31 15:20:37.324   935  1025 D BaseRestrictionMgr: Package: com.android.chrome, userid: 0, hostingType: broadcast is allowed by freecess, caller is: null
03-31 15:20:37.325  1345  1549 D OpenGLRenderer: eglCreateWindowSurface
03-31 15:20:37.325 20433 23809 W GOS:GmsGlobalPackageDataSetter: putToGameMap(), refreshGameMap is null. refreshGameMap=null
03-31 15:20:37.325 20433 23809 W GOS:GmsGlobalPackageDataSetter: applySingleGame(), start
03-31 15:20:37.326 20433 23809 I GOS:GovernorSettingsCore: no package governorSettings. use global one. null
03-31 15:20:37.326   935  1025 D BaseRestrictionMgr: Package: mega.privacy.android.app, userid: 0, hostingType: broadcast is allowed by freecess, caller is: null
03-31 15:20:37.326   935  3514 V WindowManager: Relayout Window{339823 u0 com.samsung.android.app.spage}: viewVisibility=8 req=1080x2280 d0
03-31 15:20:37.326  1345  1345 W Bubbles : update positioner: rotation: 1 insets: Insets{left=85, top=85, right=0, bottom=45} isLargeScreen: false bounds: Rect(0, 0 - 2280, 1080) showingInTaskbar: false
03-31 15:20:37.326  1345  1345 D LockscreenNotificationManager: Orientation updated : 2
03-31 15:20:37.327  1345  1345 V Navbar.Store: handleEvent [EventType] ON_CONFIG_CHANGED [Module] NavigationBarController  KEYS_CONFIGURATION={1.0 234mcc30mnc [en_GB] ldltr sw360dp w731dp h316dp 480dpi nrml long hdr widecg land night finger -keyb/v/h -nav/h winConfig={ mBounds=Rect(0, 0 - 2280, 1080) mAppBounds=Rect(85, 0 - 2280, 1035) mMaxBounds=Rect(0, 0 - 2280, 1080) mWindowingMode=fullscreen mDisplayWindowingMode=fullscreen mActivityType=undefined mAlwaysOnTop=undefined mRotation=ROTATION_90 mFreeformTaskPinningState=undefined} s.30114 fontWeightAdjustment=0 ff=0 bf=0 bts=0 desktop/d dm/n ?dc ?dcui ?dcaf enb/d themeSeq=0}
03-31 15:20:37.327  1345  1345 V Navbar.Store: --[Band]CONFIG_PACK_CONFIG_CHANGED
03-31 15:20:37.327 20433 23809 I GOS:GovernorSettingsCore: no package governorSettings. use global one. null
03-31 15:20:37.327 20433 23809 I GOS:SiopModeFeature: getUpdatedConfig. global siopMode: 1
03-31 15:20:37.327  1345  1345 V Navbar.Store: ----getValue(BOOL_NIGHT_MODE)=true
03-31 15:20:37.327 20433 23809 I GOS:SiopModeFeature: getUpdatedConfig. original cpuLevel : -6
03-31 15:20:37.327 20433 23809 I GOS:SiopModeFeature: getTargetCpuLevel. original cpuLevel : -6
03-31 15:20:37.327  1345  1345 V Navbar.Store: handleEvent [EventType] ON_NAVBAR_CAN_MOVE_CHANGED [Module] NavigationBarController  KEYS_SUPPORT_PHONE_LAYOUT_PROVIDER=true  KEYS_NAVBAR_CAN_MOVE=false
03-31 15:20:37.327 20433 23809 I GOS:SiopModeFeature: getTargetCpuLevel. SIOP_MODE is positive. siopMode: 1
03-31 15:20:37.328 20433 23809 I GOS:SiopModeFeature: getTargetCpuLevelBySimpleFlag. cpuLevel original : -6, new : -4
03-31 15:20:37.328 20433 23809 I GOS:SiopModeFeature: getTargetCpuLevel. new cpuLevel : -4
03-31 15:20:37.328 20433 23809 I GOS:SiopModeFeature: getUpdatedConfig. new cpuLevel : -4
03-31 15:20:37.328  1345  1345 V Navbar.Store: --[Band]STABLE_LAYOUT_PACK_CAN_MOVE_CHANGED
03-31 15:20:37.328  1345  1345 V Navbar.Store: ----getValue(BOOL_NAVBAR_CAN_MOVE)=false
03-31 15:20:37.328  1345  1345 V Navbar.Store: ----getValue(BOOL_SUPPORT_PHONE_LAYOUT_PROVIDER)=true
03-31 15:20:37.328  1345  1345 V Navbar.Store: ----apply(UPDATE_SUPPORT_PHONE_LAYOUT_PROVIDER_VALUE)
03-31 15:20:37.328  1345  1345 V Navbar.Store: ----getValue(BOOL_NEED_REINFLATE)=false
03-31 15:20:37.328  1345  1345 V Navbar.Store: --[Band]REMOTE_VIEW_PACK_UPDATE_NAVBAR_CAN_MOVE_STATE
03-31 15:20:37.328 20433 23809 I GOS:Dss : getDssValueForCurrentMode(). is multi resolution
03-31 15:20:37.328  1345  1345 V Navbar.Store: ----getValue(BOOL_NAVBAR_CAN_MOVE)=false
03-31 15:20:37.328  1345  1345 V Navbar.Store: --[Band]STABLE_LAYOUT_PACK_CAN_MOVE_CHANGED
03-31 15:20:37.328  1345  1345 V Navbar.Store: ----getValue(BOOL_NAVBAR_ATTACHED)=true
03-31 15:20:37.328  1345  1345 V Navbar.Store: --[Band]REMOTE_VIEW_PACK_UPDATE_NAVBAR_CAN_MOVE_VALUE
03-31 15:20:37.328  1345  1345 V Navbar.Store: ----apply(UPDATE_NAVBAR_CAN_MOVE_VALUE)
03-31 15:20:37.328 20433 23809 I GOS:Dss : getDssValueForCurrentMode(). global target short side is available.
03-31 15:20:37.328   935  1025 D BaseRestrictionMgr: Package: com.osp.app.signin, userid: 0, hostingType: broadcast is allowed by freecess, caller is: null
03-31 15:20:37.328 20433 23809 I GOS:TssCore: getDssByShortSide(). displayShortSide : 1035, targetShortSide : 1080, tempDss : 104.347824, resultDss : 100.0
03-31 15:20:37.328 20433 23809 I GOS:TssCore: getMergedEachModeTss()-merged: [1440, 1080, 720, 720], com.FatCatStudios.Wordle
03-31 15:20:37.328 20433 23809 I GOS:TssCore: getDssByShortSide(). displayShortSide : 1035, targetShortSide : 1080, tempDss : 104.347824, resultDss : 100.0
03-31 15:20:37.328 20433 23809 I GOS:Dss : getDssValueForCurrentMode(). mode level : 1, target short side is 1080, dss for other modes : 100.0
03-31 15:20:37.329 20433 23809 W GOS:GmsGlobalPackageDataSetter: putToGameMap(), refreshGameMap is null. refreshGameMap=null
03-31 15:20:37.329 20433 23809 W GOS:GmsGlobalPackageDataSetter: applySingleGame(), start
03-31 15:20:37.329  1894 10593 I TouchInteractionService: onActiveNavBarRegionChanges, region : SkRegion()
03-31 15:20:37.329 20433 23809 I GOS:GovernorSettingsCore: no package governorSettings. use global one. null
03-31 15:20:37.329  1345  1345 V Navbar.Store: handleEvent [EventType] GET_BOOL_NAVBAR_CAN_MOVE_STATE [Module] SamsungNavigationBarView  KEYS_DEFAULT=true
03-31 15:20:37.329  1345  1345 V Navbar.Store: --[Band]CONFIG_PACK_GET_NAVBAR_CAN_MOVE
03-31 15:20:37.329  1345  1345 V Navbar.Store: ----getValue(BOOL_NAVBAR_CAN_MOVE)=false
03-31 15:20:37.329  1345  1345 V Navbar.Store: handleEvent [EventType] ON_SET_GESTURE_HINT_VISIBILITY [Module] SamsungNavigationBarView  KEYS_DISPLAY_ID=0  KEYS_RECENT_ENABLED=true  KEYS_BACK_ENABLED=true  KEYS_HOME_ENABLED=true
03-31 15:20:37.329  1345  1345 V Navbar.Store: --[Band]GESTURE_PACK_SET_HINT_VISIBILITY
03-31 15:20:37.329  1345  1345 V Navbar.Store: ----apply(UPDATE_GESTURE_HINT_VISIBILITY_STATE)
03-31 15:20:37.329  1345  1345 V Navbar.Store: ----getValue(BOOL_GESTURE_HINT)=true
03-31 15:20:37.330  1345  1345 V Navbar.Store: ----getValue(BOOL_SPAY_SHOWING)=false
03-31 15:20:37.330  1345  1345 V Navbar.Store: ----apply(UPDATE_GESTURE_HINT_VISIBILITY)
03-31 15:20:37.330   935  3514 I WindowManager: enableScreenIfNeededLocked: mDisplayEnabled=true mForceDisplayEnabled=false mShowingBootMessages=false mSystemBooted=true. java.lang.RuntimeException: here
03-31 15:20:37.331   935  3492 D WindowManager: finishDrawingWindow: Window{d994900 u0 NavigationBar0} mDrawState=HAS_DRAWN
03-31 15:20:37.331   935  3492 D WindowManager: markForSeamlessRotation, seamlesslyRotated=false, w=Window{d994900 u0 NavigationBar0}, caller=com.android.server.wm.WindowState.finishSeamlessRotation:1098 com.android.server.wm.WindowState.lambda$new$0$WindowState:965 com.android.server.wm.WindowState$$ExternalSyntheticLambda2.accept:4 
03-31 15:20:37.332  1345  1345 V Navbar.Store: handleEvent [EventType] ON_NAVBAR_UPDATE_A11Y_SERVICE [Module] NavigationBar  KEYS_CLICKABLE=false  KEYS_LONG_CLICKABLE=false
03-31 15:20:37.332  1345  1345 V Navbar.Store: --[Band]SETUPWIZARD_PACK_UPDATE_A11Y_SERVICE
03-31 15:20:37.332  1345  1345 V Navbar.Store: ----getValue(BOOL_NAVBAR_BUTTON_FORCED_VISIBLE)=false
03-31 15:20:37.332  1345  1345 V Navbar.Store: ----getValue(BOOL_NAVBAR_SETUPWIZARD_STYLE)=false
03-31 15:20:37.333   935  3514 V WindowManager: Relayout hash=339823, pid=29195: mAttrs={(0,0)(fillxfill) sim={adjust=pan} ty=APPLICATION_PANEL fmt=RGBA_8888
03-31 15:20:37.333   935  3514 V WindowManager:   fl=200
03-31 15:20:37.333   935  3514 V WindowManager:   pfl=42000040
03-31 15:20:37.333   935  3514 V WindowManager:   bhv=DEFAULT
03-31 15:20:37.333   935  3514 V WindowManager:   fitTypes=STATUS_BARS NAVIGATION_BARS CAPTION_BAR naviIconColor=0}
03-31 15:20:37.334 29195 29195 I ViewRootImpl@e10561d[]: Relayout returned: old=(0,0,1080,2280) new=(0,0,1080,2280) req=(1080,2280)8 dur=14 res=0x1 s={false 0} ch=false fn=-1
03-31 15:20:37.334 20433 23809 I GOS:GovernorSettingsCore: no package governorSettings. use global one. null
03-31 15:20:37.334 20433 23809 I GOS:SiopModeFeature: getUpdatedConfig. global siopMode: 1
03-31 15:20:37.334 20433 23809 I GOS:SiopModeFeature: getUpdatedConfig. original cpuLevel : -6
03-31 15:20:37.334 20433 23809 I GOS:SiopModeFeature: getTargetCpuLevel. original cpuLevel : -6
03-31 15:20:37.334 20433 23809 I GOS:SiopModeFeature: getTargetCpuLevel. SIOP_MODE is positive. siopMode: 1
03-31 15:20:37.334 20433 23809 I GOS:SiopModeFeature: getTargetCpuLevelBySimpleFlag. cpuLevel original : -6, new : -4
03-31 15:20:37.334 20433 23809 I GOS:SiopModeFeature: getTargetCpuLevel. new cpuLevel : -4
03-31 15:20:37.334 20433 23809 I GOS:SiopModeFeature: getUpdatedConfig. new cpuLevel : -4
03-31 15:20:37.335  1345  1345 V Navbar.Store: handleEvent [EventType] GET_BOOL_NAVBAR_CAN_MOVE_STATE [Module] SamsungNavigationBarView  KEYS_DEFAULT=true
03-31 15:20:37.335 20433 23809 I GOS:Dss : getDssValueForCurrentMode(). is multi resolution
03-31 15:20:37.336  1345  1345 V Navbar.Store: --[Band]CONFIG_PACK_GET_NAVBAR_CAN_MOVE
03-31 15:20:37.336  1345  1345 V Navbar.Store: ----getValue(BOOL_NAVBAR_CAN_MOVE)=false
03-31 15:20:37.336 20433 23809 I GOS:Dss : getDssValueForCurrentMode(). global target short side is available.
03-31 15:20:37.337  1894 10593 I TouchInteractionService: onAssistantAvailable, available : true
03-31 15:20:37.337 20433 23809 I GOS:TssCore: getDssByShortSide(). displayShortSide : 1035, targetShortSide : 1080, tempDss : 104.347824, resultDss : 100.0
03-31 15:20:37.337   935  2316 W NetlinkSocket: maximum read
03-31 15:20:37.337 20433 23809 I GOS:TssCore: getMergedEachModeTss()-merged: [1440, 1080, 720, 720], com.EvolveGames.MinesweeperGo
03-31 15:20:37.337 20433 23809 I GOS:TssCore: getDssByShortSide(). displayShortSide : 1035, targetShortSide : 1080, tempDss : 104.347824, resultDss : 100.0
03-31 15:20:37.337 20433 23809 I GOS:Dss : getDssValueForCurrentMode(). mode level : 1, target short side is 1080, dss for other modes : 100.0
03-31 15:20:37.337   935  1025 D BaseRestrictionMgr: Package: com.google.android.googlequicksearchbox, userid: 0, hostingType: broadcast is allowed by freecess, caller is: null
03-31 15:20:37.338 20433 23809 W GOS:GmsGlobalPackageDataSetter: putToGameMap(), refreshGameMap is null. refreshGameMap=null
03-31 15:20:37.338 20433 23809 W GOS:GmsGlobalPackageDataSetter: applySingleGame(), start
03-31 15:20:37.338 20433 23809 I GOS:GovernorSettingsCore: no package governorSettings. use global one. null
03-31 15:20:37.341 20433 23809 I GOS:GovernorSettingsCore: no package governorSettings. use global one. null
03-31 15:20:37.341   935  1025 D BaseRestrictionMgr: Package: com.android.vending, userid: 0, hostingType: broadcast is allowed by freecess, caller is: null
03-31 15:20:37.341 20433 23809 I GOS:SiopModeFeature: getUpdatedConfig. global siopMode: 1
03-31 15:20:37.341 20433 23809 I GOS:SiopModeFeature: getUpdatedConfig. original cpuLevel : -6
03-31 15:20:37.341 20433 23809 I GOS:SiopModeFeature: getTargetCpuLevel. original cpuLevel : -6
03-31 15:20:37.341  1345  1345 D DeviceState: getDisplayHeight portrait? false  displayHeight= 1080
03-31 15:20:37.341 20433 23809 I GOS:SiopModeFeature: getTargetCpuLevel. SIOP_MODE is positive. siopMode: 1
03-31 15:20:37.341 20433 23809 I GOS:SiopModeFeature: getTargetCpuLevelBySimpleFlag. cpuLevel original : -6, new : -4
03-31 15:20:37.341 20433 23809 I GOS:SiopModeFeature: getTargetCpuLevel. new cpuLevel : -4
03-31 15:20:37.341 20433 23809 I GOS:SiopModeFeature: getUpdatedConfig. new cpuLevel : -4
03-31 15:20:37.341 20433 23809 I GOS:Dss : getDssValueForCurrentMode(). is multi resolution
03-31 15:20:37.342 20433 23809 I GOS:Dss : getDssValueForCurrentMode(). global target short side is available.
03-31 15:20:37.342 20433 23809 I GOS:TssCore: getDssByShortSide(). displayShortSide : 1035, targetShortSide : 1080, tempDss : 104.347824, resultDss : 100.0
03-31 15:20:37.342  1345  1345 D DeviceState: getDisplayWidth portrait? false  displayWidth= 2280
03-31 15:20:37.342 20433 23809 I GOS:TssCore: getMergedEachModeTss()-merged: [1440, 1080, 720, 720], com.pearlabyss.blackdesertm.gl
03-31 15:20:37.342 20433 23809 I GOS:TssCore: getDssByShortSide(). displayShortSide : 1035, targetShortSide : 1080, tempDss : 104.347824, resultDss : 100.0
03-31 15:20:37.342 20433 23809 I GOS:Dss : getDssValueForCurrentMode(). mode level : 1, target short side is 1080, dss for other modes : 100.0
03-31 15:20:37.343 20433 23809 W GOS:GmsGlobalPackageDataSetter: putToGameMap(), refreshGameMap is null. refreshGameMap=null
03-31 15:20:37.343 20433 23809 W GOS:GmsGlobalPackageDataSetter: applySingleGame(), start
03-31 15:20:37.343 20433 23809 I GOS:GovernorSettingsCore: no package governorSettings. use global one. null
03-31 15:20:37.343   935  1025 D BaseRestrictionMgr: Package: com.supercell.brawlstars, userid: 0, hostingType: broadcast is allowed by freecess, caller is: null
03-31 15:20:37.344  1345  1345 D [QuickStar]_ExpandQSAtOnceController: updateResources(before), SidePosition:null, Ratio:0.0(setting:0), Width:0
03-31 15:20:37.344  2017  2017 I HBD     : a currentConnectionState : false 
03-31 15:20:37.344  2017  2017 I HBD     : a currentConnectionState : false 
03-31 15:20:37.344  2017  2017 I HBD     : a currentConnectionState : false 
03-31 15:20:37.345 20433 23809 I GOS:GovernorSettingsCore: no package governorSettings. use global one. null
03-31 15:20:37.345 20433 23809 I GOS:SiopModeFeature: getUpdatedConfig. global siopMode: 1
03-31 15:20:37.345 20433 23809 I GOS:SiopModeFeature: getUpdatedConfig. original cpuLevel : -6
03-31 15:20:37.345 20433 23809 I GOS:SiopModeFeature: getTargetCpuLevel. original cpuLevel : -6
03-31 15:20:37.345   935  1025 D BaseRestrictionMgr: Package: com.microsoft.skydrive, userid: 0, hostingType: broadcast is allowed by freecess, caller is: null
03-31 15:20:37.345 20433 23809 I GOS:SiopModeFeature: getTargetCpuLevel. SIOP_MODE is positive. siopMode: 1
03-31 15:20:37.345 20433 23809 I GOS:SiopModeFeature: getTargetCpuLevelBySimpleFlag. cpuLevel original : -6, new : -4
03-31 15:20:37.345 20433 23809 I GOS:SiopModeFeature: getTargetCpuLevel. new cpuLevel : -4
03-31 15:20:37.345 20433 23809 I GOS:SiopModeFeature: getUpdatedConfig. new cpuLevel : -4
03-31 15:20:37.345 20433 23809 I GOS:Dss : getDssValueForCurrentMode(). is multi resolution
03-31 15:20:37.345 20433 23809 I GOS:Dss : getDssValueForCurrentMode(). global target short side is available.
03-31 15:20:37.345  1345  1345 I DismissButtonView: createOrUpdateWrapper  isAttachedToWindow=true
03-31 15:20:37.345 20433 23809 I GOS:TssCore: getDssByShortSide(). displayShortSide : 1035, targetShortSide : 1080, tempDss : 104.347824, resultDss : 100.0
03-31 15:20:37.345 20433 23809 I GOS:TssCore: getMergedEachModeTss()-merged: [1440, 1080, 720, 720], com.wordle.wordlegame.today.word.puzzle.game
03-31 15:20:37.345 20433 23809 I GOS:TssCore: getDssByShortSide(). displayShortSide : 1035, targetShortSide : 1080, tempDss : 104.347824, resultDss : 100.0
03-31 15:20:37.345 20433 23809 I GOS:Dss : getDssValueForCurrentMode(). mode level : 1, target short side is 1080, dss for other modes : 100.0
03-31 15:20:37.346 20433 23809 W GOS:GmsGlobalPackageDataSetter: putToGameMap(), refreshGameMap is null. refreshGameMap=null
03-31 15:20:37.346 20433 23809 W GOS:GmsGlobalPackageDataSetter: applySingleGame(), start
03-31 15:20:37.346   935  1025 D BaseRestrictionMgr: Package: com.sec.spp.push, userid: 0, hostingType: broadcast is allowed by freecess, caller is: null
03-31 15:20:37.347 20433 23809 W GOS:GmsGlobalPackageDataSetter: putToGameMap(), refreshGameMap is null. refreshGameMap=null
03-31 15:20:37.347 20433 23809 W GOS:GmsGlobalPackageDataSetter: applySingleGame(), start
03-31 15:20:37.347 20433 23809 W GOS:GmsGlobalPackageDataSetter: putToGameMap(), refreshGameMap is null. refreshGameMap=null
03-31 15:20:37.347 20433 23809 W GOS:GmsGlobalPackageDataSetter: applySingleGame(), start
03-31 15:20:37.347 20433 23809 W GOS:GmsGlobalPackageDataSetter: putToGameMap(), refreshGameMap is null. refreshGameMap=null
03-31 15:20:37.347 20433 23809 W GOS:GmsGlobalPackageDataSetter: applySingleGame(), start
03-31 15:20:37.348 20433 23809 W GOS:GmsGlobalPackageDataSetter: putToGameMap(), refreshGameMap is null. refreshGameMap=null
03-31 15:20:37.348 20433 23809 W GOS:GmsGlobalPackageDataSetter: applySingleGame(), start
03-31 15:20:37.348 20433 23809 I GOS:GovernorSettingsCore: no package governorSettings. use global one. null
03-31 15:20:37.349 20433 23809 I GOS:GovernorSettingsCore: no package governorSettings. use global one. null
03-31 15:20:37.349 20433 23809 I GOS:SiopModeFeature: getUpdatedConfig. global siopMode: 1
03-31 15:20:37.349 20433 23809 I GOS:SiopModeFeature: getUpdatedConfig. original cpuLevel : -6
03-31 15:20:37.349 20433 23809 I GOS:SiopModeFeature: getTargetCpuLevel. original cpuLevel : -6
03-31 15:20:37.352 20433 23809 I GOS:SiopModeFeature: getTargetCpuLevel. SIOP_MODE is positive. siopMode: 1
03-31 15:20:37.352 20433 23809 I GOS:SiopModeFeature: getTargetCpuLevelBySimpleFlag. cpuLevel original : -6, new : -4
03-31 15:20:37.352 20433 23809 I GOS:SiopModeFeature: getTargetCpuLevel. new cpuLevel : -4
03-31 15:20:37.352 20433 23809 I GOS:SiopModeFeature: getUpdatedConfig. new cpuLevel : -4
03-31 15:20:37.352  1345  1345 W Looper  : Slow delivery took 50ms main h=android.app.ActivityThread$H c=null m=159
03-31 15:20:37.352  1345  1345 W Looper  : Slow dispatch took 27ms main h=android.app.ActivityThread$H c=null m=159
03-31 15:20:37.352  1345  2369 D ScreenDecorations: shouldDrawCutout = false
03-31 15:20:37.352  1345  1345 I ImageWallpaper: onFixedRotationFinished 1 , {1.0 234mcc30mnc [en_GB] ldltr sw360dp w731dp h316dp 480dpi nrml long hdr widecg land night finger -keyb/v/h -nav/h winConfig={ mBounds=Rect(0, 0 - 2280, 1080) mAppBounds=Rect(85, 0 - 2280, 1035) mMaxBounds=Rect(0, 0 - 2280, 1080) mWindowingMode=fullscreen mDisplayWindowingMode=fullscreen mActivityType=undefined mAlwaysOnTop=undefined mRotation=ROTATION_90 mFreeformTaskPinningState=undefined} s.30114 fontWeightAdjustment=0 ff=0 bf=0 bts=0 desktop/d dm/n ?dc ?dcui ?dcaf enb/d themeSeq=0}
03-31 15:20:37.352   935   957 D WALLPAPER_SVC:WallpaperManagerService: getWallpaperSafeLocked, userId = 0, which = 1, caller = com.android.server.wallpaper.WallpaperManagerService.semGetWallpaperType:5994 
03-31 15:20:37.352   935   957 D WallpaperManagerService: which : 1, return type : 0 (called by userId= 0)
03-31 15:20:37.352  1345  1545 I ImageWallpaperRenderer: updateWallpaperOffset 0 lastCropOffset 0 wp Type , 0 , rotation == 1 Do not change Display offset 0
03-31 15:20:37.352 20433 23809 I GOS:Dss : getDssValueForCurrentMode(). is multi resolution
03-31 15:20:37.352  1345  1545 I ImageWallpaperRenderer:  onConfigurationChanged   {1.0 234mcc30mnc [en_GB] ldltr sw360dp w731dp h316dp 480dpi nrml long hdr widecg land night finger -keyb/v/h -nav/h winConfig={ mBounds=Rect(0, 0 - 2280, 1080) mAppBounds=Rect(85, 0 - 2280, 1035) mMaxBounds=Rect(0, 0 - 2280, 1080) mWindowingMode=fullscreen mDisplayWindowingMode=fullscreen mActivityType=undefined mAlwaysOnTop=undefined mRotation=ROTATION_90 mFreeformTaskPinningState=undefined} s.30114 fontWeightAdjustment=0 ff=0 bf=0 bts=0 desktop/d dm/n ?dc ?dcui ?dcaf enb/d themeSeq=0} isNeedReDraw false
03-31 15:20:37.353 20433 23809 I GOS:Dss : getDssValueForCurrentMode(). global target short side is available.
03-31 15:20:37.353 20433 23809 I GOS:TssCore: getDssByShortSide(). displayShortSide : 1035, targetShortSide : 1080, tempDss : 104.347824, resultDss : 100.0
03-31 15:20:37.354 20433 23809 I GOS:TssCore: getMergedEachModeTss()-merged: [1440, 1080, 720, 720], br.com.rodrigokolb.realguitar
03-31 15:20:37.354 20433 23809 I GOS:TssCore: getDssByShortSide(). displayShortSide : 1035, targetShortSide : 1080, tempDss : 104.347824, resultDss : 100.0
03-31 15:20:37.354 20433 23809 I GOS:Dss : getDssValueForCurrentMode(). mode level : 1, target short side is 1080, dss for other modes : 100.0
03-31 15:20:37.354  1345  1345 I ImageWallpaper: onDisplayConfigurationChanged {1.0 234mcc30mnc [en_GB] ldltr sw360dp w731dp h316dp 480dpi nrml long hdr widecg land night finger -keyb/v/h -nav/h winConfig={ mBounds=Rect(0, 0 - 2280, 1080) mAppBounds=Rect(85, 0 - 2280, 1035) mMaxBounds=Rect(0, 0 - 2280, 1080) mWindowingMode=fullscreen mDisplayWindowingMode=fullscreen mActivityType=undefined mAlwaysOnTop=undefined mRotation=ROTATION_90 mFreeformTaskPinningState=undefined} s.30113 fontWeightAdjustment=0 ff=0 bf=0 bts=0 desktop/d dm/n ?dc ?dcui ?dcaf enb/d themeSeq=0}
03-31 15:20:37.355  1345  1345 I ViewRootImpl@b0ee47a[NavigationBar0]: handleResized, msg = 5 frames=ClientWindowFrames{frame=[0,936][2280,1080] display=[0,936][2280,1080] backdrop=[0,0][2280,144]} forceNextWindowRelayout=true displayId=0 frameChanged=false backdropFrameChanged=false configChanged=false displayChanged=false mNextDrawUseBlastSync=false mergedConfiguration={mGlobalConfig={1.0 234mcc30mnc [en_GB] ldltr sw360dp w731dp h316dp 480dpi nrml long hdr widecg land night finger -keyb/v/h -nav/h winConfig={ mBounds=Rect(0, 0 - 2280, 1080) mAppBounds=Rect(85, 0 - 2280, 1035) mMaxBounds=Rect(0, 0 - 2280, 1080) mWindowingMode=fullscreen mDisplayWindowingMode=fullscreen mActivityType=undefined mAlwaysOnTop=undefined mRotation=ROTATION_90 mFreeformTaskPinningState=undefined} s.30114 fontWeightAdjustment=0 ff=0 bf=0 bts=0 desktop/d dm/n ?dc ?dcui ?dcaf enb/d themeSeq=0} mOverrideConfig={1.0 234mcc30mnc [en_GB] ldltr sw360dp w731dp h316dp 480dpi nrml long hdr widecg land night finger -keyb/v/h -nav/h winConfig={ mBounds=Rect(0, 0 - 2280, 1080) mAppBounds=Rect(85, 0 - 2280, 1035) mMaxBounds=Rect(0, 0 - 2280, 1080) mWindowingMode=fullscreen mDisplayWindowingMode=fullscreen mActivityType=undefined mAlwaysOnTop=undefined mRotation=ROTATION_90 mFreeformTaskPinningState=undefined} s.30113 fontWeightAdjustment=0 ff=0 bf=0 bts=0 desktop/d dm/n ?dc ?dcui ?dcaf enb/d themeSeq=0}}
03-31 15:20:37.355  1345  1345 I ViewRootImpl@b0ee47a[NavigationBar0]: [DP] dp(1) 0 android.view.ViewRootImpl.reportNextDraw:11261 android.view.ViewRootImpl.handleResized:2158 android.view.ViewRootImpl.access$1000:290 
03-31 15:20:37.355  1345  1345 I ViewRootImpl@20596d7[StatusBar]: handleResized, msg = 5 frames=ClientWindowFrames{frame=[0,0][2280,85] display=[0,0][2280,1080] backdrop=[0,0][2280,85]} forceNextWindowRelayout=true displayId=0 frameChanged=true backdropFrameChanged=true configChanged=true displayChanged=false mNextDrawUseBlastSync=false mergedConfiguration={mGlobalConfig={1.0 234mcc30mnc [en_GB] ldltr sw360dp w731dp h316dp 480dpi nrml long hdr widecg land night finger -keyb/v/h -nav/h winConfig={ mBounds=Rect(0, 0 - 2280, 1080) mAppBounds=Rect(85, 0 - 2280, 1035) mMaxBounds=Rect(0, 0 - 2280, 1080) mWindowingMode=fullscreen mDisplayWindowingMode=fullscreen mActivityType=undefined mAlwaysOnTop=undefined mRotation=ROTATION_90 mFreeformTaskPinningState=undefined} s.30114 fontWeightAdjustment=0 ff=0 bf=0 bts=0 desktop/d dm/n ?dc ?dcui ?dcaf enb/d themeSeq=0} mOverrideConfig={1.0 234mcc30mnc [en_GB] ldltr sw360dp w731dp h316dp 480dpi nrml long hdr widecg land night finger -keyb/v/h -nav/h winConfig={ mBounds=Rect(0, 0 - 2280, 1080) mAppBounds=Rect(85, 0 - 2280, 1035) mMaxBounds=Rect(0, 0 - 2280, 1080) mWindowingMode=fullscreen mDisplayWindowingMode=fullscreen mActivityType=undefined mAlwaysOnTop=undefined mRotation=ROTATION_90 mFreeformTaskPinningState=undefined} s.30113 fontWeightAdjustment=0 ff=0 bf=0 bts=0 desktop/d dm/n ?dc ?dcui ?dcaf enb/d themeSeq=0}}
03-31 15:20:37.355  1345  1345 D IndicatorGardenInputProperty: updateRotation() prv:0 >> new:1
03-31 15:20:37.355  1345 21918 D IndicatorGardenInputProperty: updateRotation() prv:-1 >> new:1
03-31 15:20:37.355  1345 21918 D DeviceState: getDeviceResolutionPixelSize - currentDensity = 480 deviceDensity = 480 initialDisplaySizeFactor = 1440 currentDisplaySizeFactor = 1080 initialDisplayDensity = 560 proportionalDensity = 420 proportionalPixel = 54
03-31 15:20:37.355  1345 21918 D DeviceState: getDeviceResolutionPixelSize - currentDensity = 480 deviceDensity = 480 initialDisplaySizeFactor = 1440 currentDisplaySizeFactor = 1080 initialDisplayDensity = 560 proportionalDensity = 420 proportionalPixel = 27
03-31 15:20:37.355  1345 21918 D DeviceState: getDeviceResolutionPixelSize - currentDensity = 480 deviceDensity = 480 initialDisplaySizeFactor = 1440 currentDisplaySizeFactor = 1080 initialDisplayDensity = 560 proportionalDensity = 420 proportionalPixel = 17
03-31 15:20:37.357 20433 23809 W GOS:GmsGlobalPackageDataSetter: putToGameMap(), refreshGameMap is null. refreshGameMap=null
03-31 15:20:37.357 20433 23809 W GOS:GmsGlobalPackageDataSetter: applySingleGame(), start
03-31 15:20:37.357 20433 23809 I GOS:GovernorSettingsCore: no package governorSettings. use global one. null
03-31 15:20:37.362 20433 23809 I GOS:GovernorSettingsCore: no package governorSettings. use global one. null
03-31 15:20:37.362 20433 23809 I GOS:SiopModeFeature: getUpdatedConfig. global siopMode: 1
03-31 15:20:37.363 20433 23809 I GOS:SiopModeFeature: getUpdatedConfig. original cpuLevel : -6
03-31 15:20:37.363 20433 23809 I GOS:SiopModeFeature: getTargetCpuLevel. original cpuLevel : -6
03-31 15:20:37.367  1345  1345 I ViewRootImpl@20596d7[StatusBar]: [DP] dp(1) 0 android.view.ViewRootImpl.reportNextDraw:11261 android.view.ViewRootImpl.handleResized:2158 android.view.ViewRootImpl.access$1000:290 
03-31 15:20:37.367  1345  1345 W Looper  : Slow dispatch took 11ms main h=android.view.ViewRootImpl$ViewRootHandler c=null m=5
03-31 15:20:37.367  1345  1345 D DisplayLifecycle: updateDisplay id = 0
03-31 15:20:37.367  1345  1345 D DisplayLifecycle: updateCacheVariables id = 0, display = Display id 0: DisplayInfo{"Built-in Screen", displayId 0", displayGroupId 0, FLAG_SECURE, FLAG_SUPPORTS_PROTECTED_BUFFERS, FLAG_TRUSTED, real 2280 x 1080, largest app 2195 x 2150, smallest app 1080 x 950, appVsyncOff 1000000, presDeadline 16666666, mode 1, defaultMode 1, modes [{id=1, width=1440, height=3040, fps=60.000004, alternativeRefreshRates=[]}, {id=2, width=1080, height=2280, fps=60.000004, alternativeRefreshRates=[]}, {id=3, width=720, height=1520, fps=60.000004, alternativeRefreshRates=[]}], hdrCapabilities HdrCapabilities{mSupportedHdrTypes=[2, 3, 4], mMaxLuminance=400.0, mMaxAverageLuminance=120.0, mMinLuminance=5.0E-4}, userDisabledHdrTypes [], minimalPostProcessingSupported false, rotation 1, state ON}, DisplayMetrics{density=3.0, width=2195, height=1035, scaledDensity=3.0, xdpi=375.78073, ydpi=373.62524}, isValid=true, size = Point(2195, 1035), realSize = Point(2280, 1080), rotation = 1
03-31 15:20:37.368  1345  1345 V Navbar.Store: handleEvent [EventType] GET_BOOL_NAVBAR_CAN_MOVE_STATE [Module] SamsungNavigationBarView  KEYS_DEFAULT=true
03-31 15:20:37.368  1345  1345 V Navbar.Store: --[Band]CONFIG_PACK_GET_NAVBAR_CAN_MOVE
03-31 15:20:37.368  1345  1345 V Navbar.Store: ----getValue(BOOL_NAVBAR_CAN_MOVE)=false
03-31 15:20:37.368  1345  1345 V Navbar.Store: handleEvent [EventType] GET_BOOL_NAVBAR_CAN_MOVE_STATE [Module] SamsungNavigationBarView  KEYS_DEFAULT=true
03-31 15:20:37.368  1345  1345 V Navbar.Store: --[Band]CONFIG_PACK_GET_NAVBAR_CAN_MOVE
03-31 15:20:37.368  1345  1345 V Navbar.Store: ----getValue(BOOL_NAVBAR_CAN_MOVE)=false
03-31 15:20:37.368 20433 23809 I GOS:SiopModeFeature: getTargetCpuLevel. SIOP_MODE is positive. siopMode: 1
03-31 15:20:37.368 20433 23809 I GOS:SiopModeFeature: getTargetCpuLevelBySimpleFlag. cpuLevel original : -6, new : -4
03-31 15:20:37.368 20433 23809 I GOS:SiopModeFeature: getTargetCpuLevel. new cpuLevel : -4
03-31 15:20:37.368 20433 23809 I GOS:SiopModeFeature: getUpdatedConfig. new cpuLevel : -4
03-31 15:20:37.368   935   957 V WindowManager: Relayout Window{d994900 u0 NavigationBar0}: viewVisibility=0 req=2280x144 d0
03-31 15:20:37.368 20433 23809 I GOS:Dss : getDssValueForCurrentMode(). is multi resolution
03-31 15:20:37.368   935   957 I WindowManager: Reparenting to leash, surface=Surface(name=d994900 NavigationBar0)/@0x35fb6e8, leashParent=Surface(name=WindowToken{4e54794 android.os.BinderProxy@a46b701})/@0x8ebc101
03-31 15:20:37.369   636  1416 I SurfaceFlinger: id=41980 createSurf (0x0),-1 flag=24000, Surface(name=d994900 NavigationBar0)/@0x35fb6e8 - animation-leash of insets_animation#0
03-31 15:20:37.369 20433 23809 I GOS:Dss : getDssValueForCurrentMode(). global target short side is available.
03-31 15:20:37.369   935   957 D WindowManager: makeSurface duration=1 leash=Surface(name=Surface(name=d994900 NavigationBar0)/@0x35fb6e8 - animation-leash of insets_animation)/@0x15187c2
03-31 15:20:37.369 20433 23809 I GOS:TssCore: getDssByShortSide(). displayShortSide : 1035, targetShortSide : 1080, tempDss : 104.347824, resultDss : 100.0
03-31 15:20:37.369 20433 23809 I GOS:TssCore: getMergedEachModeTss()-merged: [1440, 1080, 720, 720], com.playstrom.dop2
03-31 15:20:37.369 20433 23809 I GOS:TssCore: getDssByShortSide(). displayShortSide : 1035, targetShortSide : 1080, tempDss : 104.347824, resultDss : 100.0
03-31 15:20:37.369 20433 23809 I GOS:Dss : getDssValueForCurrentMode(). mode level : 1, target short side is 1080, dss for other modes : 100.0
03-31 15:20:37.370   935   957 I WindowManager: enableScreenIfNeededLocked: mDisplayEnabled=true mForceDisplayEnabled=false mShowingBootMessages=false mSystemBooted=true. java.lang.RuntimeException: here
03-31 15:20:37.370   935   957 V WindowManager: Relayout hash=d994900, pid=1345: mAttrs={(0,0)(fillxfill) sim={adjust=pan} layoutInDisplayCutoutMode=always ty=NAVIGATION_BAR fmt=TRANSLUCENT receive insets ignoring z-order
03-31 15:20:37.370   935   957 V WindowManager:   fl=1840068
03-31 15:20:37.370   935   957 V WindowManager:   pfl=33000000
03-31 15:20:37.370   935   957 V WindowManager:   bhv=DEFAULT naviIconColor=0}
03-31 15:20:37.371  1345  1345 I ViewRootImpl@b0ee47a[NavigationBar0]: Relayout returned: old=(0,936,2280,1080) new=(0,936,2280,1080) req=(2280,144)0 dur=3 res=0x1 s={true 501016712224} ch=false fn=45719
03-31 15:20:37.371  1345  1549 D OpenGLRenderer: setSurface() destroyed EGLSurface
03-31 15:20:37.371  1345  1549 D OpenGLRenderer: destroyEglSurface
03-31 15:20:37.371  1345  1345 V Navbar.Store: handleEvent [EventType] GET_BOOL_NAVBAR_CAN_MOVE_STATE [Module] SamsungNavigationBarView  KEYS_DEFAULT=true
03-31 15:20:37.371  1345  1345 V Navbar.Store: --[Band]CONFIG_PACK_GET_NAVBAR_CAN_MOVE
03-31 15:20:37.371  1345  1345 V Navbar.Store: ----getValue(BOOL_NAVBAR_CAN_MOVE)=false
03-31 15:20:37.371  1345  1549 D OpenGLRenderer: eglCreateWindowSurface
03-31 15:20:37.371 20433 23809 W GOS:GmsGlobalPackageDataSetter: putToGameMap(), refreshGameMap is null. refreshGameMap=null
03-31 15:20:37.371  1894 10593 I TouchInteractionService: onActiveNavBarRegionChanges, region : SkRegion()
03-31 15:20:37.371 20433 23809 W GOS:GmsGlobalPackageDataSetter: applySingleGame(), start
03-31 15:20:37.371  1345  1345 V Navbar.Store: handleEvent [EventType] GET_BOOL_NAVBAR_CAN_MOVE_STATE [Module] SamsungNavigationBarView  KEYS_DEFAULT=true
03-31 15:20:37.372  1345  1345 V Navbar.Store: --[Band]CONFIG_PACK_GET_NAVBAR_CAN_MOVE
03-31 15:20:37.372  1345  1345 V Navbar.Store: ----getValue(BOOL_NAVBAR_CAN_MOVE)=false
03-31 15:20:37.372  1345  1345 D ViewRootImpl@b0ee47a[NavigationBar0]: Creating frameCompleteCallback mNextDrawUseBlastSync=false mReportNextDraw=true commitCallbacks size=0
03-31 15:20:37.372 20433 23809 I GOS:GovernorSettingsCore: no package governorSettings. use global one. null
03-31 15:20:37.372  1345  1345 V Navbar.Store: handleEvent [EventType] GET_BOOL_USE_NAVBAR_BACKGROUND_FRAME [Module] NavigationBarTransitions  KEYS_DEFAULT=false
03-31 15:20:37.372  1345  1345 V Navbar.Store: --[Band]COLOR_PACK_GET_USE_NAVBAR_BACKGROUND_FRAME
03-31 15:20:37.372  1345  1345 V Navbar.Store: ----getValue(BOOL_NAVBAR_GESTURAL_MODE)=true
03-31 15:20:37.373   935   957 I WindowManager: enableScreenIfNeededLocked: mDisplayEnabled=true mForceDisplayEnabled=false mShowingBootMessages=false mSystemBooted=true. java.lang.RuntimeException: here
03-31 15:20:37.374  1345  1549 D ViewRootImpl@b0ee47a[NavigationBar0]: Received frameCompleteCallback frameNum=45719
03-31 15:20:37.378 20433 23809 I GOS:GovernorSettingsCore: no package governorSettings. use global one. null
03-31 15:20:37.378 20433 23809 I GOS:SiopModeFeature: getUpdatedConfig. global siopMode: 1
03-31 15:20:37.378 20433 23809 I GOS:SiopModeFeature: getUpdatedConfig. original cpuLevel : -6
03-31 15:20:37.378 20433 23809 I GOS:SiopModeFeature: getTargetCpuLevel. original cpuLevel : -6
03-31 15:20:37.379 20433 23809 I GOS:SiopModeFeature: getTargetCpuLevel. SIOP_MODE is positive. siopMode: 1
03-31 15:20:37.379 20433 23809 I GOS:SiopModeFeature: getTargetCpuLevelBySimpleFlag. cpuLevel original : -6, new : -4
03-31 15:20:37.379 20433 23809 I GOS:SiopModeFeature: getTargetCpuLevel. new cpuLevel : -4
03-31 15:20:37.379 20433 23809 I GOS:SiopModeFeature: getUpdatedConfig. new cpuLevel : -4
03-31 15:20:37.379 20433 23809 I GOS:Dss : getDssValueForCurrentMode(). is multi resolution
03-31 15:20:37.380 20433 23809 I GOS:Dss : getDssValueForCurrentMode(). global target short side is available.
03-31 15:20:37.380 20433 23809 I GOS:TssCore: getDssByShortSide(). displayShortSide : 1035, targetShortSide : 1080, tempDss : 104.347824, resultDss : 100.0
03-31 15:20:37.380 20433 23809 I GOS:TssCore: getMergedEachModeTss()-merged: [1440, 975, 720, 720], com.supercell.brawlstars
03-31 15:20:37.380 20433 23809 I GOS:TssCore: getDssByShortSide(). displayShortSide : 1035, targetShortSide : 975, tempDss : 94.202896, resultDss : 94.202896
03-31 15:20:37.380 20433 23809 I GOS:Dss : getDssValueForCurrentMode(). mode level : 1, target short side is 975, dss for other modes : 94.202896
03-31 15:20:37.382   935   957 D SGM:GameManager: setPerformanceMode(), tunePerformanceMode: 1, callerPackageName: , mCurrentUserId: 0, callerUserId: 0
03-31 15:20:37.382   935   957 D SGM:DatabaseHelper: addActionLog(), tag: SET_GLO
03-31 15:20:37.382   935   957 D SGM:DatabaseHelper: addActionLog(), msg: setPerformanceMode(), SiopMode: 1
03-31 15:20:37.390   935   957 D SGM:DatabaseHelper: addActionLog(), delete log data to avoid overflow, id: 37238
03-31 15:20:37.391   935   957 D SGM:DatabaseHelper: addActionLog(), ret: 37739
03-31 15:20:37.392   935   957 D SGM:GameManager: setPackageConfigurations(). mCurrentUserId: 0, callerUserId: 0
03-31 15:20:37.392   935   957 D SGM:DatabaseHelper: addActionLog(), tag: SET_PKG
03-31 15:20:37.392   935   957 D SGM:DatabaseHelper: addActionLog(), msg: setPackageConfigurations()
03-31 15:20:37.393   935   957 D SGM:DatabaseHelper: addActionLog(), delete log data to avoid overflow, id: 37239
03-31 15:20:37.393   935   957 D SGM:DatabaseHelper: addActionLog(), ret: 37740
03-31 15:20:37.393   935   957 D SGM:GameManager: setPkgDataWithConfigurationImpl(). configuration: packageName: com.FatCatStudios.Wordle, performancePolicyForSsrm: {"cpu_level":-4,"gpu_level":-2,"siop_mode":1}, optimalAspectRatio: 1.7777778, dynamicSurfaceScaling: 1.0, category: 1, categoryByUser: 1, fillBlackSurfaceOnMargins: false, userId: 0
03-31 15:20:37.393   935   957 D SGM:GameManager: setAOSPGameMode() pkgName : com.FatCatStudios.Wordle, ASOP_gameMode : 2
03-31 15:20:37.393   935   957 I GameManagerService: Disabling downscale for com.FatCatStudios.Wordle
03-31 15:20:37.394   935   957 D CompatConfig: Renamed older overrides to overrides backup
03-31 15:20:37.395  1345  2369 D PrivacyDotViewController: processNextViewState: 
03-31 15:20:37.395  1345  2369 D PrivacyDotViewController: resolveState ViewState(viewInitialized=true, coverClosed=false, havingInset=false, dotTopMargin=57, systemPrivacyEventIsActive=false, shadeExpanded=false, qsExpanded=false, portraitRect=Rect(0, 0 - 1068, 85), landscapeRect=Rect(0, 0 - 2195, 85), upsideDownRect=Rect(0, 0 - 1068, 85), seascapeRect=Rect(85, 0 - 2268, 85), layoutRtl=false, rotation=1, height=85, cornerIndex=2, designatedCorner=android.widget.FrameLayout{896a085 I.E...... ......ID 1068,0-1080,85 #7f0b0672 app:id/privacy_dot_right_container})
03-31 15:20:37.395   935   957 V GameManagerService: Package configuration not found for com.FatCatStudios.Wordle
03-31 15:20:37.396   935   957 D SGM:DatabaseHelper: updateOrAddPkg(), update packageName: com.FatCatStudios.Wordle, userID: 0, result: 2
03-31 15:20:37.396   935   957 D SGM:DatabaseHelper: addActionLog(), tag: SET_PKG
03-31 15:20:37.396   935   957 D SGM:DatabaseHelper: addActionLog(), msg:   [com.FatCatStudios.Wordle] , DSS OFF, GTC: -4/-2/0, GameSDK: -1/-1/true
03-31 15:20:37.397   935   957 D SGM:DatabaseHelper: addActionLog(), delete log data to avoid overflow, id: 37240
03-31 15:20:37.397   935   957 D SGM:DatabaseHelper: addActionLog(), ret: 37741
03-31 15:20:37.397   935   957 D SGM:GameManager: setPkgDataWithConfigurationImpl(). configuration: packageName: com.EvolveGames.MinesweeperGo, performancePolicyForSsrm: {"cpu_level":-4,"gpu_level":-2,"siop_mode":1}, optimalAspectRatio: 1.7777778, dynamicSurfaceScaling: 1.0, category: 1, categoryByUser: 1, fillBlackSurfaceOnMargins: false, userId: 0
03-31 15:20:37.397   935   957 D SGM:GameManager: setAOSPGameMode() pkgName : com.EvolveGames.MinesweeperGo, ASOP_gameMode : 2
03-31 15:20:37.397   935   957 I GameManagerService: Disabling downscale for com.EvolveGames.MinesweeperGo
03-31 15:20:37.398   935   957 D CompatConfig: Renamed older overrides to overrides backup
03-31 15:20:37.399   935   957 V GameManagerService: Package configuration not found for com.EvolveGames.MinesweeperGo
03-31 15:20:37.399   935   957 D SGM:DatabaseHelper: updateOrAddPkg(), update packageName: com.EvolveGames.MinesweeperGo, userID: 0, result: 2
03-31 15:20:37.399   935   957 D SGM:DatabaseHelper: addActionLog(), tag: SET_PKG
03-31 15:20:37.399   935   957 D SGM:DatabaseHelper: addActionLog(), msg:   [com.EvolveGames.MinesweeperGo] , DSS OFF, GTC: -4/-2/0, GameSDK: -1/-1/true
03-31 15:20:37.401   935   957 D SGM:DatabaseHelper: addActionLog(), delete log data to avoid overflow, id: 37241
03-31 15:20:37.401   935   957 D SGM:DatabaseHelper: addActionLog(), ret: 37742
03-31 15:20:37.401   935   957 D SGM:GameManager: setPkgDataWithConfigurationImpl(). configuration: packageName: com.pearlabyss.blackdesertm.gl, performancePolicyForSsrm: {"cpu_level":-4,"gpu_level":-2,"game_sdk_setting":"{\"is_supported\":false,\"GAMESDKVERSION\":-1,\"GameSDKMode\":-1,\"MAX_LRP_TEMP\":-1,\"STEP1_TEMP_START\":-1,\"STEP2_TEMP_START\":-1,\"STEP3_TEMP_START\":-1,\"STEP1_TEMP_INC\":-1,\"STEP1_TEMP_DEC\":-1,\"STEP2_TEMP_INC\":-1,\"STEP2_TEMP_DEC\":-1,\"STEP3_TEMP_INC\":-1,\"STEP3_TEMP_DEC\":-1,\"STEP1_THRESHHOLD_INC\":-1,\"STEP1_THRESHHOLD_DEC\":-1,\"STEP2_THRESHHOLD_INC\":-1,\"STEP2_THRESHHOLD_DEC\":-1,\"STEP1_THERMAL_MIN_CPU_LEVEL\":-1,\"STEP1_THERMAL_MIN_GPU_LEVEL\":-1,\"STEP2_THERMAL_MIN_CPU_LEVEL\":-1,\"STEP2_THERMAL_MIN_GPU_LEVEL\":-1,\"STEP3_THERMAL_MIN_CPU_LEVEL\":-1,\"STEP3_THERMAL_MIN_GPU_LEVEL\":-1,\"STEP1_THERMAL_MAX_CPU_LEVEL\":-1,\"STEP1_THERMAL_MAX_GPU_LEVEL\":-1,\"STEP2_THERMAL_MAX_CPU_LEVEL\":-1,\"STEP2_THERMAL_MAX_GPU_LEVEL\":-1,\"STEP3_THERMAL_MAX_CPU_LEVEL\":-1,\"STEP3_THERMAL_MAX_GPU_LEVEL\":-1,\"GameSDKPMMode\":-1}","siop_mode":1}, optimalAspectRatio: 1.7777778, dynamicSurfaceScaling: 1.0, category: 1, categoryByUser: 1, fillBlackSurfaceOnMargins: false, userId: 0
03-31 15:20:37.401   935   957 D SGM:GameManager: setAOSPGameMode() pkgName : com.pearlabyss.blackdesertm.gl, ASOP_gameMode : 2
03-31 15:20:37.401   935   957 I GameManagerService: Disabling downscale for com.pearlabyss.blackdesertm.gl
03-31 15:20:37.402   935   957 D CompatConfig: Renamed older overrides to overrides backup
03-31 15:20:37.404   935   957 V GameManagerService: Package configuration not found for com.pearlabyss.blackdesertm.gl
03-31 15:20:37.404   935   957 D SGM:DatabaseHelper: updateOrAddPkg(), update packageName: com.pearlabyss.blackdesertm.gl, userID: 0, result: 2
03-31 15:20:37.404   935   957 D SGM:DatabaseHelper: addActionLog(), tag: SET_PKG
03-31 15:20:37.404   935   957 D SGM:DatabaseHelper: addActionLog(), msg:   [com.pearlabyss.blackdesertm.gl] , DSS OFF, GTC: -4/-2/0, GameSDK: -1/-1/false
03-31 15:20:37.405   935   957 D SGM:DatabaseHelper: addActionLog(), delete log data to avoid overflow, id: 37242
03-31 15:20:37.405   935   957 D SGM:DatabaseHelper: addActionLog(), ret: 37743
03-31 15:20:37.405   935   957 D SGM:GameManager: setPkgDataWithConfigurationImpl(). configuration: packageName: com.wordle.wordlegame.today.word.puzzle.game, performancePolicyForSsrm: {"cpu_level":-4,"gpu_level":-2,"siop_mode":1}, optimalAspectRatio: 1.7777778, dynamicSurfaceScaling: 1.0, category: 1, categoryByUser: 1, fillBlackSurfaceOnMargins: false, userId: 0
03-31 15:20:37.405   935   957 D SGM:GameManager: setAOSPGameMode() pkgName : com.wordle.wordlegame.today.word.puzzle.game, ASOP_gameMode : 2
03-31 15:20:37.405   935   957 I GameManagerService: Disabling downscale for com.wordle.wordlegame.today.word.puzzle.game
03-31 15:20:37.406   935   957 D CompatConfig: Renamed older overrides to overrides backup
03-31 15:20:37.407   935   957 V GameManagerService: Package configuration not found for com.wordle.wordlegame.today.word.puzzle.game
03-31 15:20:37.407   935   957 D SGM:DatabaseHelper: updateOrAddPkg(), update packageName: com.wordle.wordlegame.today.word.puzzle.game, userID: 0, result: 2
03-31 15:20:37.408   935   957 D SGM:DatabaseHelper: addActionLog(), tag: SET_PKG
03-31 15:20:37.408   935   957 D SGM:DatabaseHelper: addActionLog(), msg:   [com.wordle.wordlegame.today.word.puzzle.game] , DSS OFF, GTC: -4/-2/0, GameSDK: -1/-1/true
03-31 15:20:37.409   935   957 D SGM:DatabaseHelper: addActionLog(), delete log data to avoid overflow, id: 37243
03-31 15:20:37.409   935   957 D SGM:DatabaseHelper: addActionLog(), ret: 37744
